Archive member included because of file (symbol)

/opt/altera/11.1/nios2eds/bin/gnu/H-i686-pc-linux-gnu/bin/../lib/gcc/nios2-elf/4.1.2/../../../../nios2-elf/lib/libc.a(lib_a-malloc.o)
                              obj/default/hello_world.o (malloc)
/opt/altera/11.1/nios2eds/bin/gnu/H-i686-pc-linux-gnu/bin/../lib/gcc/nios2-elf/4.1.2/../../../../nios2-elf/lib/libc.a(lib_a-mallocr.o)
                              /opt/altera/11.1/nios2eds/bin/gnu/H-i686-pc-linux-gnu/bin/../lib/gcc/nios2-elf/4.1.2/../../../../nios2-elf/lib/libc.a(lib_a-malloc.o) (_malloc_r)
/opt/altera/11.1/nios2eds/bin/gnu/H-i686-pc-linux-gnu/bin/../lib/gcc/nios2-elf/4.1.2/../../../../nios2-elf/lib/libc.a(lib_a-printf.o)
                              obj/default/hello_world.o (printf)
/opt/altera/11.1/nios2eds/bin/gnu/H-i686-pc-linux-gnu/bin/../lib/gcc/nios2-elf/4.1.2/../../../../nios2-elf/lib/libc.a(lib_a-puts.o)
                              obj/default/hello_world.o (puts)
/opt/altera/11.1/nios2eds/bin/gnu/H-i686-pc-linux-gnu/bin/../lib/gcc/nios2-elf/4.1.2/../../../../nios2-elf/lib/libc.a(lib_a-sbrkr.o)
                              /opt/altera/11.1/nios2eds/bin/gnu/H-i686-pc-linux-gnu/bin/../lib/gcc/nios2-elf/4.1.2/../../../../nios2-elf/lib/libc.a(lib_a-mallocr.o) (_sbrk_r)
/opt/altera/11.1/nios2eds/bin/gnu/H-i686-pc-linux-gnu/bin/../lib/gcc/nios2-elf/4.1.2/../../../../nios2-elf/lib/libc.a(lib_a-strlen.o)
                              /opt/altera/11.1/nios2eds/bin/gnu/H-i686-pc-linux-gnu/bin/../lib/gcc/nios2-elf/4.1.2/../../../../nios2-elf/lib/libc.a(lib_a-puts.o) (strlen)
/opt/altera/11.1/nios2eds/bin/gnu/H-i686-pc-linux-gnu/bin/../lib/gcc/nios2-elf/4.1.2/../../../../nios2-elf/lib/libc.a(lib_a-vfprintf.o)
                              /opt/altera/11.1/nios2eds/bin/gnu/H-i686-pc-linux-gnu/bin/../lib/gcc/nios2-elf/4.1.2/../../../../nios2-elf/lib/libc.a(lib_a-printf.o) (___vfprintf_internal_r)
/opt/altera/11.1/nios2eds/bin/gnu/H-i686-pc-linux-gnu/bin/../lib/gcc/nios2-elf/4.1.2/../../../../nios2-elf/lib/libc.a(lib_a-wsetup.o)
                              /opt/altera/11.1/nios2eds/bin/gnu/H-i686-pc-linux-gnu/bin/../lib/gcc/nios2-elf/4.1.2/../../../../nios2-elf/lib/libc.a(lib_a-vfprintf.o) (__swsetup_r)
/opt/altera/11.1/nios2eds/bin/gnu/H-i686-pc-linux-gnu/bin/../lib/gcc/nios2-elf/4.1.2/../../../../nios2-elf/lib/libc.a(lib_a-dtoa.o)
                              /opt/altera/11.1/nios2eds/bin/gnu/H-i686-pc-linux-gnu/bin/../lib/gcc/nios2-elf/4.1.2/../../../../nios2-elf/lib/libc.a(lib_a-vfprintf.o) (_dtoa_r)
/opt/altera/11.1/nios2eds/bin/gnu/H-i686-pc-linux-gnu/bin/../lib/gcc/nios2-elf/4.1.2/../../../../nios2-elf/lib/libc.a(lib_a-fflush.o)
                              /opt/altera/11.1/nios2eds/bin/gnu/H-i686-pc-linux-gnu/bin/../lib/gcc/nios2-elf/4.1.2/../../../../nios2-elf/lib/libc.a(lib_a-vfprintf.o) (_fflush_r)
/opt/altera/11.1/nios2eds/bin/gnu/H-i686-pc-linux-gnu/bin/../lib/gcc/nios2-elf/4.1.2/../../../../nios2-elf/lib/libc.a(lib_a-findfp.o)
                              /opt/altera/11.1/nios2eds/bin/gnu/H-i686-pc-linux-gnu/bin/../lib/gcc/nios2-elf/4.1.2/../../../../nios2-elf/lib/libc.a(lib_a-vfprintf.o) (__sinit)
/opt/altera/11.1/nios2eds/bin/gnu/H-i686-pc-linux-gnu/bin/../lib/gcc/nios2-elf/4.1.2/../../../../nios2-elf/lib/libc.a(lib_a-freer.o)
                              /opt/altera/11.1/nios2eds/bin/gnu/H-i686-pc-linux-gnu/bin/../lib/gcc/nios2-elf/4.1.2/../../../../nios2-elf/lib/libc.a(lib_a-malloc.o) (_free_r)
/opt/altera/11.1/nios2eds/bin/gnu/H-i686-pc-linux-gnu/bin/../lib/gcc/nios2-elf/4.1.2/../../../../nios2-elf/lib/libc.a(lib_a-fvwrite.o)
                              /opt/altera/11.1/nios2eds/bin/gnu/H-i686-pc-linux-gnu/bin/../lib/gcc/nios2-elf/4.1.2/../../../../nios2-elf/lib/libc.a(lib_a-puts.o) (__sfvwrite_r)
/opt/altera/11.1/nios2eds/bin/gnu/H-i686-pc-linux-gnu/bin/../lib/gcc/nios2-elf/4.1.2/../../../../nios2-elf/lib/libc.a(lib_a-fwalk.o)
                              /opt/altera/11.1/nios2eds/bin/gnu/H-i686-pc-linux-gnu/bin/../lib/gcc/nios2-elf/4.1.2/../../../../nios2-elf/lib/libc.a(lib_a-fflush.o) (_fwalk_reent)
/opt/altera/11.1/nios2eds/bin/gnu/H-i686-pc-linux-gnu/bin/../lib/gcc/nios2-elf/4.1.2/../../../../nios2-elf/lib/libc.a(lib_a-impure.o)
                              /opt/altera/11.1/nios2eds/bin/gnu/H-i686-pc-linux-gnu/bin/../lib/gcc/nios2-elf/4.1.2/../../../../nios2-elf/lib/libc.a(lib_a-malloc.o) (_impure_ptr)
/opt/altera/11.1/nios2eds/bin/gnu/H-i686-pc-linux-gnu/bin/../lib/gcc/nios2-elf/4.1.2/../../../../nios2-elf/lib/libc.a(lib_a-int_errno.o)
                              /opt/altera/11.1/nios2eds/bin/gnu/H-i686-pc-linux-gnu/bin/../lib/gcc/nios2-elf/4.1.2/../../../../nios2-elf/lib/libc.a(lib_a-sbrkr.o) (errno)
/opt/altera/11.1/nios2eds/bin/gnu/H-i686-pc-linux-gnu/bin/../lib/gcc/nios2-elf/4.1.2/../../../../nios2-elf/lib/libc.a(lib_a-locale.o)
[...]
Memory Configuration

Name             Origin             Length             Attributes
reset            0x00800000         0x00000020
sdram_0          0x00800020         0x007fffe0
*default*        0x00000000         0xffffffff

Linker script and memory map

LOAD ../de0_vga_qsys_bsp//obj/HAL/src/crt0.o
LOAD obj/default/hello_world.o
LOAD ../../../../sw/de0_vga_driver/libde0_vga_driver.a
LOAD /opt/altera/11.1/nios2eds/bin/gnu/H-i686-pc-linux-gnu/bin/../lib/gcc/nios2-elf/4.1.2/../../../../nios2-elf/lib/libstdc++.a
LOAD /opt/altera/11.1/nios2eds/bin/gnu/H-i686-pc-linux-gnu/bin/../lib/gcc/nios2-elf/4.1.2/../../../../nios2-elf/lib/libm.a
LOAD /opt/altera/11.1/nios2eds/bin/gnu/H-i686-pc-linux-gnu/bin/../lib/gcc/nios2-elf/4.1.2/libgcc.a
START GROUP
LOAD /opt/altera/11.1/nios2eds/bin/gnu/H-i686-pc-linux-gnu/bin/../lib/gcc/nios2-elf/4.1.2/../../../../nios2-elf/lib/libc.a
LOAD /opt/altera/11.1/nios2eds/bin/gnu/H-i686-pc-linux-gnu/bin/../lib/gcc/nios2-elf/4.1.2/libgcc.a
LOAD ../de0_vga_qsys_bsp//libhal_bsp.a
END GROUP
LOAD /opt/altera/11.1/nios2eds/bin/gnu/H-i686-pc-linux-gnu/bin/../lib/gcc/nios2-elf/4.1.2/libgcc.a
                0x00800000                __alt_mem_sdram_0 = 0x800000

.entry          0x00800000       0x20
 *(.entry)
 .entry         0x00800000       0x20 ../de0_vga_qsys_bsp//obj/HAL/src/crt0.o
                0x00800000                __reset

.exceptions     0x00800020      0x194
                0x00800020                PROVIDE (__ram_exceptions_start, ABSOLUTE (.))
                0x00800020                . = ALIGN (0x20)
 *(.irq)
 *(.exceptions.entry.label)
 .exceptions.entry.label
                0x00800020        0x0 ../de0_vga_qsys_bsp//libhal_bsp.a(alt_irq_entry.o)
                0x00800020                alt_irq_entry
 .exceptions.entry.label
                0x00800020        0x0 ../de0_vga_qsys_bsp//libhal_bsp.a(alt_exception_entry.o)
                0x00800020                alt_exception
 *(.exceptions.entry.user)
 *(.exceptions.entry)
 .exceptions.entry
                0x00800020       0x54 ../de0_vga_qsys_bsp//libhal_bsp.a(alt_exception_entry.o)
 *(.exceptions.irqtest.user)
 *(.exceptions.irqtest)
 .exceptions.irqtest
                0x00800074       0x10 ../de0_vga_qsys_bsp//libhal_bsp.a(alt_irq_entry.o)
 *(.exceptions.irqhandler.user)
 *(.exceptions.irqhandler)
 .exceptions.irqhandler
                0x00800084        0x4 ../de0_vga_qsys_bsp//libhal_bsp.a(alt_irq_entry.o)
 *(.exceptions.irqreturn.user)
 *(.exceptions.irqreturn)
 .exceptions.irqreturn
                0x00800088        0x4 ../de0_vga_qsys_bsp//libhal_bsp.a(alt_irq_entry.o)
 *(.exceptions.notirq.label)
 .exceptions.notirq.label
                0x0080008c        0x0 ../de0_vga_qsys_bsp//libhal_bsp.a(alt_irq_entry.o)
 *(.exceptions.notirq.user)
 *(.exceptions.notirq)
 .exceptions.notirq
                0x0080008c        0x8 ../de0_vga_qsys_bsp//libhal_bsp.a(alt_exception_entry.o)
 *(.exceptions.soft.user)
 *(.exceptions.soft)
 *(.exceptions.unknown.user)
 *(.exceptions.unknown)
 .exceptions.unknown
                0x00800094        0x4 ../de0_vga_qsys_bsp//libhal_bsp.a(alt_exception_entry.o)
 *(.exceptions.exit.label)
 .exceptions.exit.label
                0x00800098        0x0 ../de0_vga_qsys_bsp//libhal_bsp.a(alt_irq_entry.o)
 .exceptions.exit.label
                0x00800098        0x0 ../de0_vga_qsys_bsp//libhal_bsp.a(alt_exception_entry.o)
 *(.exceptions.exit.user)
 *(.exceptions.exit)
 .exceptions.exit
                0x00800098       0x54 ../de0_vga_qsys_bsp//libhal_bsp.a(alt_exception_entry.o)
 *(.exceptions)
 .exceptions    0x008000ec       0xc8 ../de0_vga_qsys_bsp//libhal_bsp.a(alt_irq_handler.o)
                0x008000ec                alt_irq_handler
                0x008001b4                PROVIDE (__ram_exceptions_end, ABSOLUTE (.))
                0x00800020                PROVIDE (__flash_exceptions_start, LOADADDR (.exceptions))

.text           0x008001b4     0xc4b8
                0x008001b4                PROVIDE (stext, ABSOLUTE (.))
 *(.interp)
 *(.hash)
 *(.dynsym)
 *(.dynstr)
 *(.gnu.version)
 *(.gnu.version_d)
 *(.gnu.version_r)
 *(.rel.init)
 *(.rela.init)
 *(.rel.text .rel.text.* .rel.gnu.linkonce.t.*)
 *(.rela.text .rela.text.* .rela.gnu.linkonce.t.*)
 *(.rel.fini)
 *(.rela.fini)
 *(.rel.rodata .rel.rodata.* .rel.gnu.linkonce.r.*)
 *(.rela.rodata .rela.rodata.* .rela.gnu.linkonce.r.*)
 *(.rel.data .rel.data.* .rel.gnu.linkonce.d.*)
 *(.rela.data .rela.data.* .rela.gnu.linkonce.d.*)
 *(.rel.tdata .rel.tdata.* .rel.gnu.linkonce.td.*)
 *(.rela.tdata .rela.tdata.* .rela.gnu.linkonce.td.*)
 *(.rel.tbss .rel.tbss.* .rel.gnu.linkonce.tb.*)
 *(.rela.tbss .rela.tbss.* .rela.gnu.linkonce.tb.*)
 *(.rel.ctors)
 *(.rela.ctors)
 *(.rel.dtors)
 *(.rela.dtors)
 *(.rel.got)
 *(.rela.got)
 *(.rel.sdata .rel.sdata.* .rel.gnu.linkonce.s.*)
 *(.rela.sdata .rela.sdata.* .rela.gnu.linkonce.s.*)
 *(.rel.sbss .rel.sbss.* .rel.gnu.linkonce.sb.*)
 *(.rela.sbss .rela.sbss.* .rela.gnu.linkonce.sb.*)
 *(.rel.sdata2 .rel.sdata2.* .rel.gnu.linkonce.s2.*)
 *(.rela.sdata2 .rela.sdata2.* .rela.gnu.linkonce.s2.*)
 *(.rel.sbss2 .rel.sbss2.* .rel.gnu.linkonce.sb2.*)
 *(.rela.sbss2 .rela.sbss2.* .rela.gnu.linkonce.sb2.*)
 *(.rel.bss .rel.bss.* .rel.gnu.linkonce.b.*)
 *(.rela.bss .rela.bss.* .rela.gnu.linkonce.b.*)
 *(.rel.plt)
 *(.rela.plt)
 *(.rel.dyn)
 *(.init)
 *(.plt)
 *(.text .stub .text.* .gnu.linkonce.t.*)
 .text          0x008001b4       0x3c ../de0_vga_qsys_bsp//obj/HAL/src/crt0.o
                0x008001b4                _start
 .text          0x008001f0      0x354 obj/default/hello_world.o
                0x008001f0                main
 .text          0x00800544       0x28 /opt/altera/11.1/nios2eds/bin/gnu/H-i686-pc-linux-gnu/bin/../lib/gcc/nios2-elf/4.1.2/../../../../nios2-elf/lib/libc.a(lib_a-malloc.o)
                0x00800544                free
                0x00800558                malloc
 .text          0x0080056c      0x740 /opt/altera/11.1/nios2eds/bin/gnu/H-i686-pc-linux-gnu/bin/../lib/gcc/nios2-elf/4.1.2/../../../../nios2-elf/lib/libc.a(lib_a-mallocr.o)
                0x0080056c                _malloc_r
 .text          0x00800cac       0x78 /opt/altera/11.1/nios2eds/bin/gnu/H-i686-pc-linux-gnu/bin/../lib/gcc/nios2-elf/4.1.2/../../../../nios2-elf/lib/libc.a(lib_a-printf.o)
                0x00800cac                printf
                0x00800cf0                _printf_r
 .text          0x00800d24       0xb4 /opt/altera/11.1/nios2eds/bin/gnu/H-i686-pc-linux-gnu/bin/../lib/gcc/nios2-elf/4.1.2/../../../../nios2-elf/lib/libc.a(lib_a-puts.o)
                0x00800d24                _puts_r
                0x00800dc4                puts
 .text          0x00800dd8       0x70 /opt/altera/11.1/nios2eds/bin/gnu/H-i686-pc-linux-gnu/bin/../lib/gcc/nios2-elf/4.1.2/../../../../nios2-elf/lib/libc.a(lib_a-sbrkr.o)
                0x00800dd8                _sbrk_r
 .text          0x00800e48       0x74 /opt/altera/11.1/nios2eds/bin/gnu/H-i686-pc-linux-gnu/bin/../lib/gcc/nios2-elf/4.1.2/../../../../nios2-elf/lib/libc.a(lib_a-strlen.o)
                0x00800e48                strlen
 .text          0x00800ebc     0x1f28 /opt/altera/11.1/nios2eds/bin/gnu/H-i686-pc-linux-gnu/bin/../lib/gcc/nios2-elf/4.1.2/../../../../nios2-elf/lib/libc.a(lib_a-vfprintf.o)
                0x00800f14                ___vfprintf_internal_r
                0x00802dc0                __vfprintf_internal
 .text          0x00802de4      0x13c /opt/altera/11.1/nios2eds/bin/gnu/H-i686-pc-linux-gnu/bin/../lib/gcc/nios2-elf/4.1.2/../../../../nios2-elf/lib/libc.a(lib_a-wsetup.o)
                0x00802de4                __swsetup_r
 .text          0x00802f20     0x17cc /opt/altera/11.1/nios2eds/bin/gnu/H-i686-pc-linux-gnu/bin/../lib/gcc/nios2-elf/4.1.2/../../../../nios2-elf/lib/libc.a(lib_a-dtoa.o)
                0x00803138                _dtoa_r
 .text          0x008046ec      0x230 /opt/altera/11.1/nios2eds/bin/gnu/H-i686-pc-linux-gnu/bin/../lib/gcc/nios2-elf/4.1.2/../../../../nios2-elf/lib/libc.a(lib_a-fflush.o)
                0x008046ec                _fflush_r
                0x008048e8                fflush
 .text          0x0080491c      0x2c0 /opt/altera/11.1/nios2eds/bin/gnu/H-i686-pc-linux-gnu/bin/../lib/gcc/nios2-elf/4.1.2/../../../../nios2-elf/lib/libc.a(lib_a-findfp.o)
                0x00804974                __sfp_lock_acquire
                0x00804978                __sfp_lock_release
                0x0080497c                __sinit_lock_acquire
                0x00804980                __sinit_lock_release
                0x00804984                __sinit
                0x00804a38                __fp_unlock_all
                0x00804a50                __fp_lock_all
                0x00804a68                _cleanup_r
                0x00804a74                _cleanup
                0x00804a84                __sfmoreglue
                0x00804aec                __sfp
 .text          0x00804bdc      0x440 /opt/altera/11.1/nios2eds/bin/gnu/H-i686-pc-linux-gnu/bin/../lib/gcc/nios2-elf/4.1.2/../../../../nios2-elf/lib/libc.a(lib_a-freer.o)
                0x00804bdc                _malloc_trim_r
                0x00804d08                _free_r
 .text          0x0080501c      0x49c /opt/altera/11.1/nios2eds/bin/gnu/H-i686-pc-linux-gnu/bin/../lib/gcc/nios2-elf/4.1.2/../../../../nios2-elf/lib/libc.a(lib_a-fvwrite.o)
                0x0080501c                __sfvwrite_r
 .text          0x008054b8      0x180 /opt/altera/11.1/nios2eds/bin/gnu/H-i686-pc-linux-gnu/bin/../lib/gcc/nios2-elf/4.1.2/../../../../nios2-elf/lib/libc.a(lib_a-fwalk.o)
                0x008054b8                _fwalk_reent
                0x00805580                _fwalk
 .text          0x00805638        0x0 /opt/altera/11.1/nios2eds/bin/gnu/H-i686-pc-linux-gnu/bin/../lib/gcc/nios2-elf/4.1.2/../../../../nios2-elf/lib/libc.a(lib_a-impure.o)
 .text          0x00805638        0x0 /opt/altera/11.1/nios2eds/bin/gnu/H-i686-pc-linux-gnu/bin/../lib/gcc/nios2-elf/4.1.2/../../../../nios2-elf/lib/libc.a(lib_a-int_errno.o)
 .text          0x00805638       0xc4 /opt/altera/11.1/nios2eds/bin/gnu/H-i686-pc-linux-gnu/bin/../lib/gcc/nios2-elf/4.1.2/../../../../nios2-elf/lib/libc.a(lib_a-locale.o)
                0x00805638                __locale_charset
                0x00805640                _localeconv_r
                0x0080564c                localeconv
                0x0080565c                _setlocale_r
                0x008056e0                setlocale
 .text          0x008056fc      0x194 /opt/altera/11.1/nios2eds/bin/gnu/H-i686-pc-linux-gnu/bin/../lib/gcc/nios2-elf/4.1.2/../../../../nios2-elf/lib/libc.a(lib_a-makebuf.o)
                0x008056fc                __smakebuf_r
 .text          0x00805890       0xe4 /opt/altera/11.1/nios2eds/bin/gnu/H-i686-pc-linux-gnu/bin/../lib/gcc/nios2-elf/4.1.2/../../../../nios2-elf/lib/libc.a(lib_a-memchr.o)
                0x00805890                memchr
 .text          0x00805974       0xa0 /opt/altera/11.1/nios2eds/bin/gnu/H-i686-pc-linux-gnu/bin/../lib/gcc/nios2-elf/4.1.2/../../../../nios2-elf/lib/libc.a(lib_a-memcpy.o)
                0x00805974                memcpy
 .text          0x00805a14       0xe0 /opt/altera/11.1/nios2eds/bin/gnu/H-i686-pc-linux-gnu/bin/../lib/gcc/nios2-elf/4.1.2/../../../../nios2-elf/lib/libc.a(lib_a-memmove.o)
                0x00805a14                memmove
 .text          0x00805af4       0x98 /opt/altera/11.1/nios2eds/bin/gnu/H-i686-pc-linux-gnu/bin/../lib/gcc/nios2-elf/4.1.2/../../../../nios2-elf/lib/libc.a(lib_a-memset.o)
                0x00805af4                memset
 .text          0x00805b8c      0xff4 /opt/altera/11.1/nios2eds/bin/gnu/H-i686-pc-linux-gnu/bin/../lib/gcc/nios2-elf/4.1.2/../../../../nios2-elf/lib/libc.a(lib_a-mprec.o)
                0x00805b8c                _Bfree
                0x00805bb4                __hi0bits
                0x00805c24                __lo0bits
                0x00805ce8                __mcmp
                0x00805d48                __ulp
                0x00805dc8                __b2d
                0x00805ee8                __ratio
                0x00805f98                _mprec_log10
                0x0080602c                __copybits
                0x00806084                __any_on
                0x0080610c                _Balloc
                0x008061c8                __d2b
                0x00806344                __mdiff
                0x008064d0                __lshift
                0x0080661c                __multiply
                0x00806804                __i2b
                0x00806840                __multadd
                0x00806940                __pow5mult
                0x00806a60                __s2b
 .text          0x00806b80      0x5f4 /opt/altera/11.1/nios2eds/bin/gnu/H-i686-pc-linux-gnu/bin/../lib/gcc/nios2-elf/4.1.2/../../../../nios2-elf/lib/libc.a(lib_a-reallocr.o)
                0x00806b80                _realloc_r
 .text          0x00807174       0x40 /opt/altera/11.1/nios2eds/bin/gnu/H-i686-pc-linux-gnu/bin/../lib/gcc/nios2-elf/4.1.2/../../../../nios2-elf/lib/libc.a(lib_a-s_isinfd.o)
                0x00807174                __isinfd
 .text          0x008071b4       0x30 /opt/altera/11.1/nios2eds/bin/gnu/H-i686-pc-linux-gnu/bin/../lib/gcc/nios2-elf/4.1.2/../../../../nios2-elf/lib/libc.a(lib_a-s_isnand.o)
                0x008071b4                __isnand
 .text          0x008071e4      0x14c /opt/altera/11.1/nios2eds/bin/gnu/H-i686-pc-linux-gnu/bin/../lib/gcc/nios2-elf/4.1.2/../../../../nios2-elf/lib/libc.a(lib_a-stdio.o)
                0x008071e4                __sclose
                0x008071ec                __sseek
                0x00807254                __swrite
                0x008072d0                __sread
 .text          0x00807330       0xbc /opt/altera/11.1/nios2eds/bin/gnu/H-i686-pc-linux-gnu/bin/../lib/gcc/nios2-elf/4.1.2/../../../../nios2-elf/lib/libc.a(lib_a-strcmp.o)
                0x00807330                strcmp
 .text          0x008073ec       0x78 /opt/altera/11.1/nios2eds/bin/gnu/H-i686-pc-linux-gnu/bin/../lib/gcc/nios2-elf/4.1.2/../../../../nios2-elf/lib/libc.a(lib_a-writer.o)
                0x008073ec                _write_r
 .text          0x00807464       0xb4 /opt/altera/11.1/nios2eds/bin/gnu/H-i686-pc-linux-gnu/bin/../lib/gcc/nios2-elf/4.1.2/../../../../nios2-elf/lib/libc.a(lib_a-callocr.o)
                0x00807464                _calloc_r
 .text          0x00807518       0x70 /opt/altera/11.1/nios2eds/bin/gnu/H-i686-pc-linux-gnu/bin/../lib/gcc/nios2-elf/4.1.2/../../../../nios2-elf/lib/libc.a(lib_a-closer.o)
                0x00807518                _close_r
 .text          0x00807588      0x124 /opt/altera/11.1/nios2eds/bin/gnu/H-i686-pc-linux-gnu/bin/../lib/gcc/nios2-elf/4.1.2/../../../../nios2-elf/lib/libc.a(lib_a-fclose.o)
                0x00807588                _fclose_r
                0x00807698                fclose
 .text          0x008076ac       0x74 /opt/altera/11.1/nios2eds/bin/gnu/H-i686-pc-linux-gnu/bin/../lib/gcc/nios2-elf/4.1.2/../../../../nios2-elf/lib/libc.a(lib_a-fstatr.o)
                0x008076ac                _fstat_r
 .text          0x00807720       0x70 /opt/altera/11.1/nios2eds/bin/gnu/H-i686-pc-linux-gnu/bin/../lib/gcc/nios2-elf/4.1.2/../../../../nios2-elf/lib/libc.a(lib_a-isattyr.o)
                0x00807720                _isatty_r
 .text          0x00807790       0x78 /opt/altera/11.1/nios2eds/bin/gnu/H-i686-pc-linux-gnu/bin/../lib/gcc/nios2-elf/4.1.2/../../../../nios2-elf/lib/libc.a(lib_a-lseekr.o)
                0x00807790                _lseek_r
 .text          0x00807808       0x78 /opt/altera/11.1/nios2eds/bin/gnu/H-i686-pc-linux-gnu/bin/../lib/gcc/nios2-elf/4.1.2/../../../../nios2-elf/lib/libc.a(lib_a-readr.o)
                0x00807808                _read_r
 .text          0x00807880      0x5dc /opt/altera/11.1/nios2eds/bin/gnu/H-i686-pc-linux-gnu/bin/../lib/gcc/nios2-elf/4.1.2/libgcc.a(_udivdi3.o)
                0x00807880                __udivdi3
 .text          0x00807e5c      0x5b0 /opt/altera/11.1/nios2eds/bin/gnu/H-i686-pc-linux-gnu/bin/../lib/gcc/nios2-elf/4.1.2/libgcc.a(_umoddi3.o)
                0x00807e5c                __umoddi3
 .text          0x0080840c      0x504 /opt/altera/11.1/nios2eds/bin/gnu/H-i686-pc-linux-gnu/bin/../lib/gcc/nios2-elf/4.1.2/libgcc.a(_addsub_df.o)
                0x0080881c                __subdf3
                0x0080889c                __adddf3
 .text          0x00808910      0x3c4 /opt/altera/11.1/nios2eds/bin/gnu/H-i686-pc-linux-gnu/bin/../lib/gcc/nios2-elf/4.1.2/libgcc.a(_mul_df.o)
                0x00808910                __muldf3
 .text          0x00808cd4      0x258 /opt/altera/11.1/nios2eds/bin/gnu/H-i686-pc-linux-gnu/bin/../lib/gcc/nios2-elf/4.1.2/libgcc.a(_div_df.o)
                0x00808cd4                __divdf3
 .text          0x00808f2c       0x88 /opt/altera/11.1/nios2eds/bin/gnu/H-i686-pc-linux-gnu/bin/../lib/gcc/nios2-elf/4.1.2/libgcc.a(_eq_df.o)
                0x00808f2c                __eqdf2
 .text          0x00808fb4       0x88 /opt/altera/11.1/nios2eds/bin/gnu/H-i686-pc-linux-gnu/bin/../lib/gcc/nios2-elf/4.1.2/libgcc.a(_ne_df.o)
                0x00808fb4                __nedf2
 .text          0x0080903c       0x88 /opt/altera/11.1/nios2eds/bin/gnu/H-i686-pc-linux-gnu/bin/../lib/gcc/nios2-elf/4.1.2/libgcc.a(_gt_df.o)
                0x0080903c                __gtdf2
 .text          0x008090c4       0x88 /opt/altera/11.1/nios2eds/bin/gnu/H-i686-pc-linux-gnu/bin/../lib/gcc/nios2-elf/4.1.2/libgcc.a(_ge_df.o)
                0x008090c4                __gedf2
 .text          0x0080914c       0x88 /opt/altera/11.1/nios2eds/bin/gnu/H-i686-pc-linux-gnu/bin/../lib/gcc/nios2-elf/4.1.2/libgcc.a(_lt_df.o)
                0x0080914c                __ltdf2
 .text          0x008091d4       0xf8 /opt/altera/11.1/nios2eds/bin/gnu/H-i686-pc-linux-gnu/bin/../lib/gcc/nios2-elf/4.1.2/libgcc.a(_si_to_df.o)
                0x008091d4                __floatsidf
 .text          0x008092cc       0xd8 /opt/altera/11.1/nios2eds/bin/gnu/H-i686-pc-linux-gnu/bin/../lib/gcc/nios2-elf/4.1.2/libgcc.a(_df_to_si.o)
                0x008092cc                __fixdfsi
 .text          0x008093a4        0x0 /opt/altera/11.1/nios2eds/bin/gnu/H-i686-pc-linux-gnu/bin/../lib/gcc/nios2-elf/4.1.2/libgcc.a(_thenan_df.o)
 .text          0x008093a4      0x194 /opt/altera/11.1/nios2eds/bin/gnu/H-i686-pc-linux-gnu/bin/../lib/gcc/nios2-elf/4.1.2/libgcc.a(_usi_to_df.o)
                0x008093a4                __floatunsidf
 .text          0x00809538      0x14c /opt/altera/11.1/nios2eds/bin/gnu/H-i686-pc-linux-gnu/bin/../lib/gcc/nios2-elf/4.1.2/libgcc.a(lib2-divmod.o)
                0x008095b4                __divsi3
                0x00809614                __modsi3
                0x00809674                __udivsi3
                0x0080967c                __umodsi3
 .text          0x00809684       0x98 /opt/altera/11.1/nios2eds/bin/gnu/H-i686-pc-linux-gnu/bin/../lib/gcc/nios2-elf/4.1.2/libgcc.a(_muldi3.o)
                0x00809684                __muldi3
 .text          0x0080971c        0x0 /opt/altera/11.1/nios2eds/bin/gnu/H-i686-pc-linux-gnu/bin/../lib/gcc/nios2-elf/4.1.2/libgcc.a(_clz.o)
 .text          0x0080971c       0x80 /opt/altera/11.1/nios2eds/bin/gnu/H-i686-pc-linux-gnu/bin/../lib/gcc/nios2-elf/4.1.2/libgcc.a(_clzsi2.o)
                0x0080971c                __clzsi2
 .text          0x0080979c      0x314 /opt/altera/11.1/nios2eds/bin/gnu/H-i686-pc-linux-gnu/bin/../lib/gcc/nios2-elf/4.1.2/libgcc.a(_pack_df.o)
                0x0080979c                __pack_d
 .text          0x00809ab0      0x138 /opt/altera/11.1/nios2eds/bin/gnu/H-i686-pc-linux-gnu/bin/../lib/gcc/nios2-elf/4.1.2/libgcc.a(_unpack_df.o)
                0x00809ab0                __unpack_d
 .text          0x00809be8       0xc8 /opt/altera/11.1/nios2eds/bin/gnu/H-i686-pc-linux-gnu/bin/../lib/gcc/nios2-elf/4.1.2/libgcc.a(_fpcmp_parts_df.o)
                0x00809be8                __fpcmp_parts_d
 .text          0x00809cb0      0x15c ../de0_vga_qsys_bsp//libhal_bsp.a(alt_close.o)
                0x00809cb0                close
 .text          0x00809e0c       0x2c ../de0_vga_qsys_bsp//libhal_bsp.a(alt_dev.o)
 .text          0x00809e38        0x0 ../de0_vga_qsys_bsp//libhal_bsp.a(alt_errno.o)
 .text          0x00809e38      0x134 ../de0_vga_qsys_bsp//libhal_bsp.a(alt_fstat.o)
                0x00809e38                fstat
 .text          0x00809f6c      0x120 ../de0_vga_qsys_bsp//libhal_bsp.a(alt_isatty.o)
                0x00809f6c                isatty
 .text          0x0080a08c       0xec ../de0_vga_qsys_bsp//libhal_bsp.a(alt_load.o)
                0x0080a08c                alt_load
 .text          0x0080a178      0x150 ../de0_vga_qsys_bsp//libhal_bsp.a(alt_lseek.o)
                0x0080a178                lseek
 .text          0x0080a2c8       0x6c ../de0_vga_qsys_bsp//libhal_bsp.a(alt_main.o)
                0x0080a2c8                alt_main
 .text          0x0080a334       0x40 ../de0_vga_qsys_bsp//libhal_bsp.a(alt_malloc_lock.o)
                0x0080a334                __malloc_lock
                0x0080a354                __malloc_unlock
 .text          0x0080a374      0x180 ../de0_vga_qsys_bsp//libhal_bsp.a(alt_read.o)
                0x0080a374                read
 .text          0x0080a4f4       0x60 ../de0_vga_qsys_bsp//libhal_bsp.a(alt_release_fd.o)
                0x0080a4f4                alt_release_fd
 .text          0x0080a554       0xbc ../de0_vga_qsys_bsp//libhal_bsp.a(alt_sbrk.o)
                0x0080a554                sbrk
 .text          0x0080a610      0x180 ../de0_vga_qsys_bsp//libhal_bsp.a(alt_write.o)
                0x0080a610                write
 .text          0x0080a790       0xb0 ../de0_vga_qsys_bsp//libhal_bsp.a(alt_sys_init.o)
                0x0080a790                alt_irq_init
                0x0080a7c4                alt_sys_init
 .text          0x0080a840      0x148 ../de0_vga_qsys_bsp//libhal_bsp.a(altera_avalon_jtag_uart_fd.o)
                0x0080a840                altera_avalon_jtag_uart_read_fd
                0x0080a898                altera_avalon_jtag_uart_write_fd
                0x0080a8f0                altera_avalon_jtag_uart_close_fd
                0x0080a938                altera_avalon_jtag_uart_ioctl_fd
 .text          0x0080a988      0x40c ../de0_vga_qsys_bsp//libhal_bsp.a(altera_avalon_jtag_uart_init.o)
                0x0080a988                altera_avalon_jtag_uart_init
                0x0080ad20                altera_avalon_jtag_uart_close
 .text          0x0080ad94       0xf4 ../de0_vga_qsys_bsp//libhal_bsp.a(altera_avalon_jtag_uart_ioctl.o)
                0x0080ad94                altera_avalon_jtag_uart_ioctl
 .text          0x0080ae88      0x224 ../de0_vga_qsys_bsp//libhal_bsp.a(altera_avalon_jtag_uart_read.o)
                0x0080ae88                altera_avalon_jtag_uart_read
 .text          0x0080b0ac      0x240 ../de0_vga_qsys_bsp//libhal_bsp.a(altera_avalon_jtag_uart_write.o)
                0x0080b0ac                altera_avalon_jtag_uart_write
 .text          0x0080b2ec      0x154 ../de0_vga_qsys_bsp//libhal_bsp.a(alt_alarm_start.o)
                0x0080b2ec                alt_alarm_start
 .text          0x0080b440       0x1c ../de0_vga_qsys_bsp//libhal_bsp.a(alt_dcache_flush_all.o)
                0x0080b440                alt_dcache_flush_all
 .text          0x0080b45c      0x114 ../de0_vga_qsys_bsp//libhal_bsp.a(alt_dev_llist_insert.o)
                0x0080b45c                alt_dev_llist_insert
 .text          0x0080b570       0x64 ../de0_vga_qsys_bsp//libhal_bsp.a(alt_do_ctors.o)
                0x0080b570                _do_ctors
 .text          0x0080b5d4       0x64 ../de0_vga_qsys_bsp//libhal_bsp.a(alt_do_dtors.o)
                0x0080b5d4                _do_dtors
 .text          0x0080b638       0x30 ../de0_vga_qsys_bsp//libhal_bsp.a(alt_icache_flush_all.o)
                0x0080b638                alt_icache_flush_all
 .text          0x0080b668      0x1d4 ../de0_vga_qsys_bsp//libhal_bsp.a(alt_iic.o)
                0x0080b668                alt_ic_isr_register
                0x0080b6b8                alt_ic_irq_enable
                0x0080b754                alt_ic_irq_disable
                0x0080b7f4                alt_ic_irq_enabled
 .text          0x0080b83c       0xf8 ../de0_vga_qsys_bsp//libhal_bsp.a(alt_iic_isr_register.o)
                0x0080b83c                alt_iic_isr_register
 .text          0x0080b934      0x13c ../de0_vga_qsys_bsp//libhal_bsp.a(alt_io_redirect.o)
                0x0080b9f8                alt_io_redirect
 .text          0x0080ba70        0x0 ../de0_vga_qsys_bsp//libhal_bsp.a(alt_irq_entry.o)
 .text          0x0080ba70        0x0 ../de0_vga_qsys_bsp//libhal_bsp.a(alt_irq_handler.o)
 .text          0x0080ba70        0x0 ../de0_vga_qsys_bsp//libhal_bsp.a(alt_irq_vars.o)
 .text          0x0080ba70      0x2c4 ../de0_vga_qsys_bsp//libhal_bsp.a(alt_open.o)
                0x0080bb4c                open
 .text          0x0080bd34      0x1a4 ../de0_vga_qsys_bsp//libhal_bsp.a(alt_tick.o)
                0x0080bd34                alt_alarm_stop
                0x0080bdcc                alt_tick
 .text          0x0080bed8       0x20 ../de0_vga_qsys_bsp//libhal_bsp.a(altera_nios2_qsys_irq.o)
                0x0080bed8                altera_nios2_qsys_irq_init
 .text          0x0080bef8        0x0 ../de0_vga_qsys_bsp//libhal_bsp.a(alt_exception_entry.o)
 .text          0x0080bef8       0x94 ../de0_vga_qsys_bsp//libhal_bsp.a(alt_find_dev.o)
                0x0080bef8                alt_find_dev
 .text          0x0080bf8c      0x120 ../de0_vga_qsys_bsp//libhal_bsp.a(alt_find_file.o)
                0x0080bf8c                alt_find_file
 .text          0x0080c0ac       0xb8 ../de0_vga_qsys_bsp//libhal_bsp.a(alt_get_fd.o)
                0x0080c0ac                alt_get_fd
 .text          0x0080c164       0x90 ../de0_vga_qsys_bsp//libhal_bsp.a(alt_icache_flush.o)
                0x0080c164                alt_icache_flush
 .text          0x0080c1f4       0x14 /opt/altera/11.1/nios2eds/bin/gnu/H-i686-pc-linux-gnu/bin/../lib/gcc/nios2-elf/4.1.2/../../../../nios2-elf/lib/libc.a(lib_a-atexit.o)
                0x0080c1f4                atexit
 .text          0x0080c208       0x38 /opt/altera/11.1/nios2eds/bin/gnu/H-i686-pc-linux-gnu/bin/../lib/gcc/nios2-elf/4.1.2/../../../../nios2-elf/lib/libc.a(lib_a-exit.o)
                0x0080c208                exit
 .text          0x0080c240       0x74 /opt/altera/11.1/nios2eds/bin/gnu/H-i686-pc-linux-gnu/bin/../lib/gcc/nios2-elf/4.1.2/../../../../nios2-elf/lib/libc.a(lib_a-memcmp.o)
                0x0080c240                memcmp
 .text          0x0080c2b4      0x134 /opt/altera/11.1/nios2eds/bin/gnu/H-i686-pc-linux-gnu/bin/../lib/gcc/nios2-elf/4.1.2/../../../../nios2-elf/lib/libc.a(lib_a-__atexit.o)
                0x0080c2b4                __register_exitproc
 .text          0x0080c3e8      0x1b4 /opt/altera/11.1/nios2eds/bin/gnu/H-i686-pc-linux-gnu/bin/../lib/gcc/nios2-elf/4.1.2/../../../../nios2-elf/lib/libc.a(lib_a-__call_atexit.o)
                0x0080c3ec                __call_exitprocs
 .text          0x0080c59c       0x60 ../de0_vga_qsys_bsp//libhal_bsp.a(alt_exit.o)
                0x0080c5dc                _exit
 *(.gnu.warning.*)
 *(.fini)
                0x0080c5fc                PROVIDE (__etext, ABSOLUTE (.))
                0x0080c5fc                PROVIDE (_etext, ABSOLUTE (.))
                0x0080c5fc                PROVIDE (etext, ABSOLUTE (.))
 *(.eh_frame_hdr)
                0x0080c5fc                . = ALIGN (0x4)
                0x0080c5fc                PROVIDE (__preinit_array_start, ABSOLUTE (.))
 *(.preinit_array)
                0x0080c5fc                PROVIDE (__preinit_array_end, ABSOLUTE (.))
                0x0080c5fc                PROVIDE (__init_array_start, ABSOLUTE (.))
 *(.init_array)
                0x0080c5fc                PROVIDE (__init_array_end, ABSOLUTE (.))
                0x0080c5fc                PROVIDE (__fini_array_start, ABSOLUTE (.))
 *(.fini_array)
                0x0080c5fc                PROVIDE (__fini_array_end, ABSOLUTE (.))
 *(.eh_frame)
 .eh_frame      0x0080c5fc       0x40 /opt/altera/11.1/nios2eds/bin/gnu/H-i686-pc-linux-gnu/bin/../lib/gcc/nios2-elf/4.1.2/libgcc.a(_udivdi3.o)
 .eh_frame      0x0080c63c       0x2c /opt/altera/11.1/nios2eds/bin/gnu/H-i686-pc-linux-gnu/bin/../lib/gcc/nios2-elf/4.1.2/libgcc.a(_umoddi3.o)
                                 0x40 (size before relaxing)
 *(.gcc_except_table)
 *(.dynamic)
                0x0080c668                PROVIDE (__CTOR_LIST__, ABSOLUTE (.))
 *(.ctors)
 *(SORT(.ctors.*))
 .ctors.65535   0x0080c668        0x4 /opt/altera/11.1/nios2eds/bin/gnu/H-i686-pc-linux-gnu/bin/../lib/gcc/nios2-elf/4.1.2/../../../../nios2-elf/lib/libc.a(lib_a-__call_atexit.o)
                0x0080c66c                PROVIDE (__CTOR_END__, ABSOLUTE (.))
                0x0080c66c                PROVIDE (__DTOR_LIST__, ABSOLUTE (.))
 *(.dtors)
 *(SORT(.dtors.*))
                0x0080c66c                PROVIDE (__DTOR_END__, ABSOLUTE (.))
 *(.jcr)
                0x0080c66c                . = ALIGN (0x4)

.rodata         0x0080c66c      0x40c
                0x0080c66c                PROVIDE (__ram_rodata_start, ABSOLUTE (.))
                0x0080c66c                . = ALIGN (0x4)
 *(.rodata .rodata.* .gnu.linkonce.r.*)
 .rodata        0x0080c66c       0xc8 obj/default/hello_world.o
 .rodata.str1.4
                0x0080c734        0x2 /opt/altera/11.1/nios2eds/bin/gnu/H-i686-pc-linux-gnu/bin/../lib/gcc/nios2-elf/4.1.2/../../../../nios2-elf/lib/libc.a(lib_a-puts.o)
                                  0x4 (size before relaxing)
 *fill*         0x0080c736        0x2 00
 .rodata.str1.4
                0x0080c738       0x5e /opt/altera/11.1/nios2eds/bin/gnu/H-i686-pc-linux-gnu/bin/../lib/gcc/nios2-elf/4.1.2/../../../../nios2-elf/lib/libc.a(lib_a-vfprintf.o)
                                 0x60 (size before relaxing)
 .rodata        0x0080c796       0x20 /opt/altera/11.1/nios2eds/bin/gnu/H-i686-pc-linux-gnu/bin/../lib/gcc/nios2-elf/4.1.2/../../../../nios2-elf/lib/libc.a(lib_a-vfprintf.o)
 *fill*         0x0080c7b6        0x2 00
 .rodata.str1.4
                0x0080c7b8       0x10 /opt/altera/11.1/nios2eds/bin/gnu/H-i686-pc-linux-gnu/bin/../lib/gcc/nios2-elf/4.1.2/../../../../nios2-elf/lib/libc.a(lib_a-dtoa.o)
                                 0x14 (size before relaxing)
 .rodata.str1.4
                0x0080c7c8        0x2 /opt/altera/11.1/nios2eds/bin/gnu/H-i686-pc-linux-gnu/bin/../lib/gcc/nios2-elf/4.1.2/../../../../nios2-elf/lib/libc.a(lib_a-impure.o)
                                  0x4 (size before relaxing)
 *fill*         0x0080c7ca        0x2 00
 .rodata.str1.4
                0x0080c7cc       0x10 /opt/altera/11.1/nios2eds/bin/gnu/H-i686-pc-linux-gnu/bin/../lib/gcc/nios2-elf/4.1.2/../../../../nios2-elf/lib/libc.a(lib_a-locale.o)
                                 0x18 (size before relaxing)
 .rodata        0x0080c7dc       0x30 /opt/altera/11.1/nios2eds/bin/gnu/H-i686-pc-linux-gnu/bin/../lib/gcc/nios2-elf/4.1.2/../../../../nios2-elf/lib/libc.a(lib_a-locale.o)
 .rodata        0x0080c80c      0x124 /opt/altera/11.1/nios2eds/bin/gnu/H-i686-pc-linux-gnu/bin/../lib/gcc/nios2-elf/4.1.2/../../../../nios2-elf/lib/libc.a(lib_a-mprec.o)
                0x0080c80c                __mprec_tens
                0x0080c8d4                __mprec_bigtens
                0x0080c8fc                __mprec_tinytens
 .rodata        0x0080c930       0x14 /opt/altera/11.1/nios2eds/bin/gnu/H-i686-pc-linux-gnu/bin/../lib/gcc/nios2-elf/4.1.2/libgcc.a(_thenan_df.o)
                0x0080c930                __thenan_df
 .rodata        0x0080c944      0x100 /opt/altera/11.1/nios2eds/bin/gnu/H-i686-pc-linux-gnu/bin/../lib/gcc/nios2-elf/4.1.2/libgcc.a(_clz.o)
                0x0080c944                __clz_tab
 .rodata        0x0080ca44        0xc ../de0_vga_qsys_bsp//libhal_bsp.a(alt_dev.o)
 .rodata        0x0080ca50       0x14 ../de0_vga_qsys_bsp//libhal_bsp.a(alt_main.o)
 .rodata        0x0080ca64       0x14 ../de0_vga_qsys_bsp//libhal_bsp.a(alt_sys_init.o)
 *(.rodata1)
                0x0080ca78                . = ALIGN (0x4)
                0x0080ca78                PROVIDE (__ram_rodata_end, ABSOLUTE (.))
                0x0080c66c                PROVIDE (__flash_rodata_start, LOADADDR (.rodata))

.rwdata         0x0080ca78     0x1a5c load address 0x0080e4d4
                0x0080ca78                PROVIDE (__ram_rwdata_start, ABSOLUTE (.))
                0x0080ca78                . = ALIGN (0x4)
 *(.got.plt)
 *(.got)
 *(.data1)
 *(.data .data.* .gnu.linkonce.d.*)
 .data          0x0080ca78        0x0 ../de0_vga_qsys_bsp//obj/HAL/src/crt0.o
 .data          0x0080ca78        0x0 obj/default/hello_world.o
 .data          0x0080ca78        0x0 /opt/altera/11.1/nios2eds/bin/gnu/H-i686-pc-linux-gnu/bin/../lib/gcc/nios2-elf/4.1.2/../../../../nios2-elf/lib/libc.a(lib_a-malloc.o)
 .data          0x0080ca78      0x408 /opt/altera/11.1/nios2eds/bin/gnu/H-i686-pc-linux-gnu/bin/../lib/gcc/nios2-elf/4.1.2/../../../../nios2-elf/lib/libc.a(lib_a-mallocr.o)
                0x0080ca78                __malloc_av_
 .data          0x0080ce80        0x0 /opt/altera/11.1/nios2eds/bin/gnu/H-i686-pc-linux-gnu/bin/../lib/gcc/nios2-elf/4.1.2/../../../../nios2-elf/lib/libc.a(lib_a-printf.o)
 .data          0x0080ce80        0x0 /opt/altera/11.1/nios2eds/bin/gnu/H-i686-pc-linux-gnu/bin/../lib/gcc/nios2-elf/4.1.2/../../../../nios2-elf/lib/libc.a(lib_a-puts.o)
 .data          0x0080ce80        0x0 /opt/altera/11.1/nios2eds/bin/gnu/H-i686-pc-linux-gnu/bin/../lib/gcc/nios2-elf/4.1.2/../../../../nios2-elf/lib/libc.a(lib_a-sbrkr.o)
 .data          0x0080ce80        0x0 /opt/altera/11.1/nios2eds/bin/gnu/H-i686-pc-linux-gnu/bin/../lib/gcc/nios2-elf/4.1.2/../../../../nios2-elf/lib/libc.a(lib_a-strlen.o)
 .data          0x0080ce80        0x0 /opt/altera/11.1/nios2eds/bin/gnu/H-i686-pc-linux-gnu/bin/../lib/gcc/nios2-elf/4.1.2/../../../../nios2-elf/lib/libc.a(lib_a-vfprintf.o)
 .data          0x0080ce80        0x0 /opt/altera/11.1/nios2eds/bin/gnu/H-i686-pc-linux-gnu/bin/../lib/gcc/nios2-elf/4.1.2/../../../../nios2-elf/lib/libc.a(lib_a-wsetup.o)
 .data          0x0080ce80        0x0 /opt/altera/11.1/nios2eds/bin/gnu/H-i686-pc-linux-gnu/bin/../lib/gcc/nios2-elf/4.1.2/../../../../nios2-elf/lib/libc.a(lib_a-dtoa.o)
 .data          0x0080ce80        0x0 /opt/altera/11.1/nios2eds/bin/gnu/H-i686-pc-linux-gnu/bin/../lib/gcc/nios2-elf/4.1.2/../../../../nios2-elf/lib/libc.a(lib_a-fflush.o)
 .data          0x0080ce80        0x0 /opt/altera/11.1/nios2eds/bin/gnu/H-i686-pc-linux-gnu/bin/../lib/gcc/nios2-elf/4.1.2/../../../../nios2-elf/lib/libc.a(lib_a-findfp.o)
 .data          0x0080ce80        0x0 /opt/altera/11.1/nios2eds/bin/gnu/H-i686-pc-linux-gnu/bin/../lib/gcc/nios2-elf/4.1.2/../../../../nios2-elf/lib/libc.a(lib_a-freer.o)
 .data          0x0080ce80        0x0 /opt/altera/11.1/nios2eds/bin/gnu/H-i686-pc-linux-gnu/bin/../lib/gcc/nios2-elf/4.1.2/../../../../nios2-elf/lib/libc.a(lib_a-fvwrite.o)
 .data          0x0080ce80        0x0 /opt/altera/11.1/nios2eds/bin/gnu/H-i686-pc-linux-gnu/bin/../lib/gcc/nios2-elf/4.1.2/../../../../nios2-elf/lib/libc.a(lib_a-fwalk.o)
 .data          0x0080ce80      0x400 /opt/altera/11.1/nios2eds/bin/gnu/H-i686-pc-linux-gnu/bin/../lib/gcc/nios2-elf/4.1.2/../../../../nios2-elf/lib/libc.a(lib_a-impure.o)
 .data          0x0080d280        0x0 /opt/altera/11.1/nios2eds/bin/gnu/H-i686-pc-linux-gnu/bin/../lib/gcc/nios2-elf/4.1.2/../../../../nios2-elf/lib/libc.a(lib_a-int_errno.o)
 .data          0x0080d280        0xc /opt/altera/11.1/nios2eds/bin/gnu/H-i686-pc-linux-gnu/bin/../lib/gcc/nios2-elf/4.1.2/../../../../nios2-elf/lib/libc.a(lib_a-locale.o)
                0x0080d280                __lc_ctype
 .data          0x0080d28c        0x0 /opt/altera/11.1/nios2eds/bin/gnu/H-i686-pc-linux-gnu/bin/../lib/gcc/nios2-elf/4.1.2/../../../../nios2-elf/lib/libc.a(lib_a-makebuf.o)
 .data          0x0080d28c        0x0 /opt/altera/11.1/nios2eds/bin/gnu/H-i686-pc-linux-gnu/bin/../lib/gcc/nios2-elf/4.1.2/../../../../nios2-elf/lib/libc.a(lib_a-memchr.o)
 .data          0x0080d28c        0x0 /opt/altera/11.1/nios2eds/bin/gnu/H-i686-pc-linux-gnu/bin/../lib/gcc/nios2-elf/4.1.2/../../../../nios2-elf/lib/libc.a(lib_a-memcpy.o)
 .data          0x0080d28c        0x0 /opt/altera/11.1/nios2eds/bin/gnu/H-i686-pc-linux-gnu/bin/../lib/gcc/nios2-elf/4.1.2/../../../../nios2-elf/lib/libc.a(lib_a-memmove.o)
 .data          0x0080d28c        0x0 /opt/altera/11.1/nios2eds/bin/gnu/H-i686-pc-linux-gnu/bin/../lib/gcc/nios2-elf/4.1.2/../../../../nios2-elf/lib/libc.a(lib_a-memset.o)
 .data          0x0080d28c        0x0 /opt/altera/11.1/nios2eds/bin/gnu/H-i686-pc-linux-gnu/bin/../lib/gcc/nios2-elf/4.1.2/../../../../nios2-elf/lib/libc.a(lib_a-mprec.o)
 .data          0x0080d28c        0x0 /opt/altera/11.1/nios2eds/bin/gnu/H-i686-pc-linux-gnu/bin/../lib/gcc/nios2-elf/4.1.2/../../../../nios2-elf/lib/libc.a(lib_a-reallocr.o)
 .data          0x0080d28c        0x0 /opt/altera/11.1/nios2eds/bin/gnu/H-i686-pc-linux-gnu/bin/../lib/gcc/nios2-elf/4.1.2/../../../../nios2-elf/lib/libc.a(lib_a-s_isinfd.o)
 .data          0x0080d28c        0x0 /opt/altera/11.1/nios2eds/bin/gnu/H-i686-pc-linux-gnu/bin/../lib/gcc/nios2-elf/4.1.2/../../../../nios2-elf/lib/libc.a(lib_a-s_isnand.o)
 .data          0x0080d28c        0x0 /opt/altera/11.1/nios2eds/bin/gnu/H-i686-pc-linux-gnu/bin/../lib/gcc/nios2-elf/4.1.2/../../../../nios2-elf/lib/libc.a(lib_a-stdio.o)
 .data          0x0080d28c        0x0 /opt/altera/11.1/nios2eds/bin/gnu/H-i686-pc-linux-gnu/bin/../lib/gcc/nios2-elf/4.1.2/../../../../nios2-elf/lib/libc.a(lib_a-strcmp.o)
 .data          0x0080d28c        0x0 /opt/altera/11.1/nios2eds/bin/gnu/H-i686-pc-linux-gnu/bin/../lib/gcc/nios2-elf/4.1.2/../../../../nios2-elf/lib/libc.a(lib_a-writer.o)
 .data          0x0080d28c        0x0 /opt/altera/11.1/nios2eds/bin/gnu/H-i686-pc-linux-gnu/bin/../lib/gcc/nios2-elf/4.1.2/../../../../nios2-elf/lib/libc.a(lib_a-callocr.o)
 .data          0x0080d28c        0x0 /opt/altera/11.1/nios2eds/bin/gnu/H-i686-pc-linux-gnu/bin/../lib/gcc/nios2-elf/4.1.2/../../../../nios2-elf/lib/libc.a(lib_a-closer.o)
 .data          0x0080d28c        0x0 /opt/altera/11.1/nios2eds/bin/gnu/H-i686-pc-linux-gnu/bin/../lib/gcc/nios2-elf/4.1.2/../../../../nios2-elf/lib/libc.a(lib_a-fclose.o)
 .data          0x0080d28c        0x0 /opt/altera/11.1/nios2eds/bin/gnu/H-i686-pc-linux-gnu/bin/../lib/gcc/nios2-elf/4.1.2/../../../../nios2-elf/lib/libc.a(lib_a-fstatr.o)
 .data          0x0080d28c        0x0 /opt/altera/11.1/nios2eds/bin/gnu/H-i686-pc-linux-gnu/bin/../lib/gcc/nios2-elf/4.1.2/../../../../nios2-elf/lib/libc.a(lib_a-isattyr.o)
 .data          0x0080d28c        0x0 /opt/altera/11.1/nios2eds/bin/gnu/H-i686-pc-linux-gnu/bin/../lib/gcc/nios2-elf/4.1.2/../../../../nios2-elf/lib/libc.a(lib_a-lseekr.o)
 .data          0x0080d28c        0x0 /opt/altera/11.1/nios2eds/bin/gnu/H-i686-pc-linux-gnu/bin/../lib/gcc/nios2-elf/4.1.2/../../../../nios2-elf/lib/libc.a(lib_a-readr.o)
 .data          0x0080d28c        0x0 /opt/altera/11.1/nios2eds/bin/gnu/H-i686-pc-linux-gnu/bin/../lib/gcc/nios2-elf/4.1.2/libgcc.a(_udivdi3.o)
 .data          0x0080d28c        0x0 /opt/altera/11.1/nios2eds/bin/gnu/H-i686-pc-linux-gnu/bin/../lib/gcc/nios2-elf/4.1.2/libgcc.a(_umoddi3.o)
 .data          0x0080d28c        0x0 /opt/altera/11.1/nios2eds/bin/gnu/H-i686-pc-linux-gnu/bin/../lib/gcc/nios2-elf/4.1.2/libgcc.a(_addsub_df.o)
 .data          0x0080d28c        0x0 /opt/altera/11.1/nios2eds/bin/gnu/H-i686-pc-linux-gnu/bin/../lib/gcc/nios2-elf/4.1.2/libgcc.a(_mul_df.o)
 .data          0x0080d28c        0x0 /opt/altera/11.1/nios2eds/bin/gnu/H-i686-pc-linux-gnu/bin/../lib/gcc/nios2-elf/4.1.2/libgcc.a(_div_df.o)
 .data          0x0080d28c        0x0 /opt/altera/11.1/nios2eds/bin/gnu/H-i686-pc-linux-gnu/bin/../lib/gcc/nios2-elf/4.1.2/libgcc.a(_eq_df.o)
 .data          0x0080d28c        0x0 /opt/altera/11.1/nios2eds/bin/gnu/H-i686-pc-linux-gnu/bin/../lib/gcc/nios2-elf/4.1.2/libgcc.a(_ne_df.o)
 .data          0x0080d28c        0x0 /opt/altera/11.1/nios2eds/bin/gnu/H-i686-pc-linux-gnu/bin/../lib/gcc/nios2-elf/4.1.2/libgcc.a(_gt_df.o)
 .data          0x0080d28c        0x0 /opt/altera/11.1/nios2eds/bin/gnu/H-i686-pc-linux-gnu/bin/../lib/gcc/nios2-elf/4.1.2/libgcc.a(_ge_df.o)
 .data          0x0080d28c        0x0 /opt/altera/11.1/nios2eds/bin/gnu/H-i686-pc-linux-gnu/bin/../lib/gcc/nios2-elf/4.1.2/libgcc.a(_lt_df.o)
 .data          0x0080d28c        0x0 /opt/altera/11.1/nios2eds/bin/gnu/H-i686-pc-linux-gnu/bin/../lib/gcc/nios2-elf/4.1.2/libgcc.a(_si_to_df.o)
 .data          0x0080d28c        0x0 /opt/altera/11.1/nios2eds/bin/gnu/H-i686-pc-linux-gnu/bin/../lib/gcc/nios2-elf/4.1.2/libgcc.a(_df_to_si.o)
 .data          0x0080d28c        0x0 /opt/altera/11.1/nios2eds/bin/gnu/H-i686-pc-linux-gnu/bin/../lib/gcc/nios2-elf/4.1.2/libgcc.a(_thenan_df.o)
 .data          0x0080d28c        0x0 /opt/altera/11.1/nios2eds/bin/gnu/H-i686-pc-linux-gnu/bin/../lib/gcc/nios2-elf/4.1.2/libgcc.a(_usi_to_df.o)
 .data          0x0080d28c        0x0 /opt/altera/11.1/nios2eds/bin/gnu/H-i686-pc-linux-gnu/bin/../lib/gcc/nios2-elf/4.1.2/libgcc.a(lib2-divmod.o)
 .data          0x0080d28c        0x0 /opt/altera/11.1/nios2eds/bin/gnu/H-i686-pc-linux-gnu/bin/../lib/gcc/nios2-elf/4.1.2/libgcc.a(_muldi3.o)
 .data          0x0080d28c        0x0 /opt/altera/11.1/nios2eds/bin/gnu/H-i686-pc-linux-gnu/bin/../lib/gcc/nios2-elf/4.1.2/libgcc.a(_clz.o)
 .data          0x0080d28c        0x0 /opt/altera/11.1/nios2eds/bin/gnu/H-i686-pc-linux-gnu/bin/../lib/gcc/nios2-elf/4.1.2/libgcc.a(_clzsi2.o)
 .data          0x0080d28c        0x0 /opt/altera/11.1/nios2eds/bin/gnu/H-i686-pc-linux-gnu/bin/../lib/gcc/nios2-elf/4.1.2/libgcc.a(_pack_df.o)
 .data          0x0080d28c        0x0 /opt/altera/11.1/nios2eds/bin/gnu/H-i686-pc-linux-gnu/bin/../lib/gcc/nios2-elf/4.1.2/libgcc.a(_unpack_df.o)
 .data          0x0080d28c        0x0 /opt/altera/11.1/nios2eds/bin/gnu/H-i686-pc-linux-gnu/bin/../lib/gcc/nios2-elf/4.1.2/libgcc.a(_fpcmp_parts_df.o)
 .data          0x0080d28c        0x0 ../de0_vga_qsys_bsp//libhal_bsp.a(alt_close.o)
 .data          0x0080d28c      0x1a8 ../de0_vga_qsys_bsp//libhal_bsp.a(alt_dev.o)
                0x0080d28c                alt_dev_null
                0x0080d2b4                alt_fd_list
 .data          0x0080d434        0x0 ../de0_vga_qsys_bsp//libhal_bsp.a(alt_errno.o)
 .data          0x0080d434        0x0 ../de0_vga_qsys_bsp//libhal_bsp.a(alt_fstat.o)
 .data          0x0080d434        0x0 ../de0_vga_qsys_bsp//libhal_bsp.a(alt_isatty.o)
 .data          0x0080d434        0x0 ../de0_vga_qsys_bsp//libhal_bsp.a(alt_load.o)
 .data          0x0080d434        0x0 ../de0_vga_qsys_bsp//libhal_bsp.a(alt_lseek.o)
 .data          0x0080d434        0x0 ../de0_vga_qsys_bsp//libhal_bsp.a(alt_main.o)
 .data          0x0080d434        0x0 ../de0_vga_qsys_bsp//libhal_bsp.a(alt_malloc_lock.o)
 .data          0x0080d434        0x0 ../de0_vga_qsys_bsp//libhal_bsp.a(alt_read.o)
 .data          0x0080d434        0x0 ../de0_vga_qsys_bsp//libhal_bsp.a(alt_release_fd.o)
 .data          0x0080d434        0x0 ../de0_vga_qsys_bsp//libhal_bsp.a(alt_sbrk.o)
 .data          0x0080d434        0x0 ../de0_vga_qsys_bsp//libhal_bsp.a(alt_write.o)
 .data          0x0080d434     0x1060 ../de0_vga_qsys_bsp//libhal_bsp.a(alt_sys_init.o)
 .data          0x0080e494        0x0 ../de0_vga_qsys_bsp//libhal_bsp.a(altera_avalon_jtag_uart_fd.o)
 .data          0x0080e494        0x0 ../de0_vga_qsys_bsp//libhal_bsp.a(altera_avalon_jtag_uart_init.o)
 .data          0x0080e494        0x0 ../de0_vga_qsys_bsp//libhal_bsp.a(altera_avalon_jtag_uart_ioctl.o)
 .data          0x0080e494        0x0 ../de0_vga_qsys_bsp//libhal_bsp.a(altera_avalon_jtag_uart_read.o)
 .data          0x0080e494        0x0 ../de0_vga_qsys_bsp//libhal_bsp.a(altera_avalon_jtag_uart_write.o)
 .data          0x0080e494        0x0 ../de0_vga_qsys_bsp//libhal_bsp.a(alt_alarm_start.o)
 .data          0x0080e494        0x0 ../de0_vga_qsys_bsp//libhal_bsp.a(alt_dcache_flush_all.o)
 .data          0x0080e494        0x0 ../de0_vga_qsys_bsp//libhal_bsp.a(alt_dev_llist_insert.o)
 .data          0x0080e494        0x0 ../de0_vga_qsys_bsp//libhal_bsp.a(alt_do_ctors.o)
 .data          0x0080e494        0x0 ../de0_vga_qsys_bsp//libhal_bsp.a(alt_do_dtors.o)
 .data          0x0080e494        0x0 ../de0_vga_qsys_bsp//libhal_bsp.a(alt_icache_flush_all.o)
 .data          0x0080e494        0x0 ../de0_vga_qsys_bsp//libhal_bsp.a(alt_iic.o)
 .data          0x0080e494        0x0 ../de0_vga_qsys_bsp//libhal_bsp.a(alt_iic_isr_register.o)
 .data          0x0080e494        0x0 ../de0_vga_qsys_bsp//libhal_bsp.a(alt_io_redirect.o)
 .data          0x0080e494        0x0 ../de0_vga_qsys_bsp//libhal_bsp.a(alt_irq_entry.o)
 .data          0x0080e494        0x0 ../de0_vga_qsys_bsp//libhal_bsp.a(alt_irq_handler.o)
 .data          0x0080e494        0x0 ../de0_vga_qsys_bsp//libhal_bsp.a(alt_irq_vars.o)
 .data          0x0080e494        0x0 ../de0_vga_qsys_bsp//libhal_bsp.a(alt_open.o)
 .data          0x0080e494        0x0 ../de0_vga_qsys_bsp//libhal_bsp.a(alt_tick.o)
 .data          0x0080e494        0x0 ../de0_vga_qsys_bsp//libhal_bsp.a(altera_nios2_qsys_irq.o)
 .data          0x0080e494        0x0 ../de0_vga_qsys_bsp//libhal_bsp.a(alt_exception_entry.o)
 .data          0x0080e494        0x0 ../de0_vga_qsys_bsp//libhal_bsp.a(alt_find_dev.o)
 .data          0x0080e494        0x0 ../de0_vga_qsys_bsp//libhal_bsp.a(alt_find_file.o)
 .data          0x0080e494        0x0 ../de0_vga_qsys_bsp//libhal_bsp.a(alt_get_fd.o)
 .data          0x0080e494        0x0 ../de0_vga_qsys_bsp//libhal_bsp.a(alt_icache_flush.o)
 .data          0x0080e494        0x0 /opt/altera/11.1/nios2eds/bin/gnu/H-i686-pc-linux-gnu/bin/../lib/gcc/nios2-elf/4.1.2/../../../../nios2-elf/lib/libc.a(lib_a-atexit.o)
 .data          0x0080e494        0x0 /opt/altera/11.1/nios2eds/bin/gnu/H-i686-pc-linux-gnu/bin/../lib/gcc/nios2-elf/4.1.2/../../../../nios2-elf/lib/libc.a(lib_a-exit.o)
 .data          0x0080e494        0x0 /opt/altera/11.1/nios2eds/bin/gnu/H-i686-pc-linux-gnu/bin/../lib/gcc/nios2-elf/4.1.2/../../../../nios2-elf/lib/libc.a(lib_a-memcmp.o)
 .data          0x0080e494        0x0 /opt/altera/11.1/nios2eds/bin/gnu/H-i686-pc-linux-gnu/bin/../lib/gcc/nios2-elf/4.1.2/../../../../nios2-elf/lib/libc.a(lib_a-__atexit.o)
 .data          0x0080e494        0x0 /opt/altera/11.1/nios2eds/bin/gnu/H-i686-pc-linux-gnu/bin/../lib/gcc/nios2-elf/4.1.2/../../../../nios2-elf/lib/libc.a(lib_a-__call_atexit.o)
 .data          0x0080e494        0x0 ../de0_vga_qsys_bsp//libhal_bsp.a(alt_exit.o)
                0x00816494                _gp = ABSOLUTE ((. + 0x8000))
                0x00816494                PROVIDE (gp, _gp)
 *(.rwdata .rwdata.*)
 *(.sdata .sdata.* .gnu.linkonce.s.*)
 .sdata         0x0080e494        0x8 /opt/altera/11.1/nios2eds/bin/gnu/H-i686-pc-linux-gnu/bin/../lib/gcc/nios2-elf/4.1.2/../../../../nios2-elf/lib/libc.a(lib_a-mallocr.o)
                0x0080e494                __malloc_trim_threshold
                0x0080e498                __malloc_sbrk_base
 .sdata         0x0080e49c        0x8 /opt/altera/11.1/nios2eds/bin/gnu/H-i686-pc-linux-gnu/bin/../lib/gcc/nios2-elf/4.1.2/../../../../nios2-elf/lib/libc.a(lib_a-impure.o)
                0x0080e49c                _impure_ptr
                0x0080e4a0                _global_impure_ptr
 .sdata         0x0080e4a4        0x8 /opt/altera/11.1/nios2eds/bin/gnu/H-i686-pc-linux-gnu/bin/../lib/gcc/nios2-elf/4.1.2/../../../../nios2-elf/lib/libc.a(lib_a-locale.o)
                0x0080e4a4                __mb_cur_max
 .sdata         0x0080e4ac       0x14 ../de0_vga_qsys_bsp//libhal_bsp.a(alt_dev.o)
                0x0080e4ac                alt_fs_list
                0x0080e4b4                alt_dev_list
                0x0080e4bc                alt_max_fd
 .sdata         0x0080e4c0        0x4 ../de0_vga_qsys_bsp//libhal_bsp.a(alt_errno.o)
                0x0080e4c0                alt_errno
 .sdata         0x0080e4c4        0x4 ../de0_vga_qsys_bsp//libhal_bsp.a(alt_sbrk.o)
 .sdata         0x0080e4c8        0x4 ../de0_vga_qsys_bsp//libhal_bsp.a(alt_irq_vars.o)
                0x0080e4c8                alt_priority_mask
 .sdata         0x0080e4cc        0x8 ../de0_vga_qsys_bsp//libhal_bsp.a(alt_tick.o)
                0x0080e4cc                alt_alarm_list
 *(.sdata2 .sdata2.* .gnu.linkonce.s2.*)
                0x0080e4d4                . = ALIGN (0x4)
                0x0080e4d4                _edata = ABSOLUTE (.)
                0x0080e4d4                PROVIDE (edata, ABSOLUTE (.))
                0x0080e4d4                PROVIDE (__ram_rwdata_end, ABSOLUTE (.))
                0x0080e4d4                PROVIDE (__flash_rwdata_start, LOADADDR (.rwdata))

.bss            0x0080ff30      0x2ec
                0x0080ff30                __bss_start = ABSOLUTE (.)
                0x0080ff30                PROVIDE (__sbss_start, ABSOLUTE (.))
                0x0080ff30                PROVIDE (___sbss_start, ABSOLUTE (.))
 *(.dynsbss)
 *(.sbss .sbss.* .gnu.linkonce.sb.*)
 .sbss          0x0080ff30        0xc /opt/altera/11.1/nios2eds/bin/gnu/H-i686-pc-linux-gnu/bin/../lib/gcc/nios2-elf/4.1.2/../../../../nios2-elf/lib/libc.a(lib_a-mallocr.o)
                0x0080ff30                __malloc_top_pad
                0x0080ff34                __malloc_max_sbrked_mem
                0x0080ff38                __malloc_max_total_mem
 .sbss          0x0080ff3c        0x4 /opt/altera/11.1/nios2eds/bin/gnu/H-i686-pc-linux-gnu/bin/../lib/gcc/nios2-elf/4.1.2/../../../../nios2-elf/lib/libc.a(lib_a-int_errno.o)
                0x0080ff3c                errno
 .sbss          0x0080ff40        0xc /opt/altera/11.1/nios2eds/bin/gnu/H-i686-pc-linux-gnu/bin/../lib/gcc/nios2-elf/4.1.2/../../../../nios2-elf/lib/libc.a(lib_a-locale.o)
                0x0080ff40                __nlocale_changed
                0x0080ff44                __mlocale_changed
                0x0080ff48                _PathLocale
 .sbss          0x0080ff4c        0xc ../de0_vga_qsys_bsp//libhal_bsp.a(alt_main.o)
                0x0080ff4c                alt_argc
                0x0080ff50                alt_argv
                0x0080ff54                alt_envp
 .sbss          0x0080ff58        0x4 ../de0_vga_qsys_bsp//libhal_bsp.a(alt_irq_vars.o)
                0x0080ff58                alt_irq_active
 .sbss          0x0080ff5c        0x8 ../de0_vga_qsys_bsp//libhal_bsp.a(alt_tick.o)
                0x0080ff5c                _alt_tick_rate
                0x0080ff60                _alt_nticks
 *(.sbss2 .sbss2.* .gnu.linkonce.sb2.*)
 *(.scommon)
                0x0080ff64                PROVIDE (__sbss_end, ABSOLUTE (.))
                0x0080ff64                PROVIDE (___sbss_end, ABSOLUTE (.))
 *(.dynbss)
 *(.bss .bss.* .gnu.linkonce.b.*)
 .bss           0x0080ff64        0x0 ../de0_vga_qsys_bsp//obj/HAL/src/crt0.o
 .bss           0x0080ff64        0x0 obj/default/hello_world.o
 .bss           0x0080ff64        0x0 /opt/altera/11.1/nios2eds/bin/gnu/H-i686-pc-linux-gnu/bin/../lib/gcc/nios2-elf/4.1.2/../../../../nios2-elf/lib/libc.a(lib_a-malloc.o)
 .bss           0x0080ff64       0x28 /opt/altera/11.1/nios2eds/bin/gnu/H-i686-pc-linux-gnu/bin/../lib/gcc/nios2-elf/4.1.2/../../../../nios2-elf/lib/libc.a(lib_a-mallocr.o)
                0x0080ff64                __malloc_current_mallinfo
 .bss           0x0080ff8c        0x0 /opt/altera/11.1/nios2eds/bin/gnu/H-i686-pc-linux-gnu/bin/../lib/gcc/nios2-elf/4.1.2/../../../../nios2-elf/lib/libc.a(lib_a-printf.o)
 .bss           0x0080ff8c        0x0 /opt/altera/11.1/nios2eds/bin/gnu/H-i686-pc-linux-gnu/bin/../lib/gcc/nios2-elf/4.1.2/../../../../nios2-elf/lib/libc.a(lib_a-puts.o)
 .bss           0x0080ff8c        0x0 /opt/altera/11.1/nios2eds/bin/gnu/H-i686-pc-linux-gnu/bin/../lib/gcc/nios2-elf/4.1.2/../../../../nios2-elf/lib/libc.a(lib_a-sbrkr.o)
 .bss           0x0080ff8c        0x0 /opt/altera/11.1/nios2eds/bin/gnu/H-i686-pc-linux-gnu/bin/../lib/gcc/nios2-elf/4.1.2/../../../../nios2-elf/lib/libc.a(lib_a-strlen.o)
 .bss           0x0080ff8c        0x0 /opt/altera/11.1/nios2eds/bin/gnu/H-i686-pc-linux-gnu/bin/../lib/gcc/nios2-elf/4.1.2/../../../../nios2-elf/lib/libc.a(lib_a-vfprintf.o)
 .bss           0x0080ff8c        0x0 /opt/altera/11.1/nios2eds/bin/gnu/H-i686-pc-linux-gnu/bin/../lib/gcc/nios2-elf/4.1.2/../../../../nios2-elf/lib/libc.a(lib_a-wsetup.o)
 .bss           0x0080ff8c        0x0 /opt/altera/11.1/nios2eds/bin/gnu/H-i686-pc-linux-gnu/bin/../lib/gcc/nios2-elf/4.1.2/../../../../nios2-elf/lib/libc.a(lib_a-dtoa.o)
 .bss           0x0080ff8c        0x0 /opt/altera/11.1/nios2eds/bin/gnu/H-i686-pc-linux-gnu/bin/../lib/gcc/nios2-elf/4.1.2/../../../../nios2-elf/lib/libc.a(lib_a-fflush.o)
 .bss           0x0080ff8c        0x0 /opt/altera/11.1/nios2eds/bin/gnu/H-i686-pc-linux-gnu/bin/../lib/gcc/nios2-elf/4.1.2/../../../../nios2-elf/lib/libc.a(lib_a-findfp.o)
 .bss           0x0080ff8c        0x0 /opt/altera/11.1/nios2eds/bin/gnu/H-i686-pc-linux-gnu/bin/../lib/gcc/nios2-elf/4.1.2/../../../../nios2-elf/lib/libc.a(lib_a-freer.o)
 .bss           0x0080ff8c        0x0 /opt/altera/11.1/nios2eds/bin/gnu/H-i686-pc-linux-gnu/bin/../lib/gcc/nios2-elf/4.1.2/../../../../nios2-elf/lib/libc.a(lib_a-fvwrite.o)
 .bss           0x0080ff8c        0x0 /opt/altera/11.1/nios2eds/bin/gnu/H-i686-pc-linux-gnu/bin/../lib/gcc/nios2-elf/4.1.2/../../../../nios2-elf/lib/libc.a(lib_a-fwalk.o)
 .bss           0x0080ff8c        0x0 /opt/altera/11.1/nios2eds/bin/gnu/H-i686-pc-linux-gnu/bin/../lib/gcc/nios2-elf/4.1.2/../../../../nios2-elf/lib/libc.a(lib_a-impure.o)
 .bss           0x0080ff8c        0x0 /opt/altera/11.1/nios2eds/bin/gnu/H-i686-pc-linux-gnu/bin/../lib/gcc/nios2-elf/4.1.2/../../../../nios2-elf/lib/libc.a(lib_a-int_errno.o)
 .bss           0x0080ff8c        0x0 /opt/altera/11.1/nios2eds/bin/gnu/H-i686-pc-linux-gnu/bin/../lib/gcc/nios2-elf/4.1.2/../../../../nios2-elf/lib/libc.a(lib_a-locale.o)
 .bss           0x0080ff8c        0x0 /opt/altera/11.1/nios2eds/bin/gnu/H-i686-pc-linux-gnu/bin/../lib/gcc/nios2-elf/4.1.2/../../../../nios2-elf/lib/libc.a(lib_a-makebuf.o)
 .bss           0x0080ff8c        0x0 /opt/altera/11.1/nios2eds/bin/gnu/H-i686-pc-linux-gnu/bin/../lib/gcc/nios2-elf/4.1.2/../../../../nios2-elf/lib/libc.a(lib_a-memchr.o)
 .bss           0x0080ff8c        0x0 /opt/altera/11.1/nios2eds/bin/gnu/H-i686-pc-linux-gnu/bin/../lib/gcc/nios2-elf/4.1.2/../../../../nios2-elf/lib/libc.a(lib_a-memcpy.o)
 .bss           0x0080ff8c        0x0 /opt/altera/11.1/nios2eds/bin/gnu/H-i686-pc-linux-gnu/bin/../lib/gcc/nios2-elf/4.1.2/../../../../nios2-elf/lib/libc.a(lib_a-memmove.o)
 .bss           0x0080ff8c        0x0 /opt/altera/11.1/nios2eds/bin/gnu/H-i686-pc-linux-gnu/bin/../lib/gcc/nios2-elf/4.1.2/../../../../nios2-elf/lib/libc.a(lib_a-memset.o)
 .bss           0x0080ff8c        0x0 /opt/altera/11.1/nios2eds/bin/gnu/H-i686-pc-linux-gnu/bin/../lib/gcc/nios2-elf/4.1.2/../../../../nios2-elf/lib/libc.a(lib_a-mprec.o)
 .bss           0x0080ff8c        0x0 /opt/altera/11.1/nios2eds/bin/gnu/H-i686-pc-linux-gnu/bin/../lib/gcc/nios2-elf/4.1.2/../../../../nios2-elf/lib/libc.a(lib_a-reallocr.o)
 .bss           0x0080ff8c        0x0 /opt/altera/11.1/nios2eds/bin/gnu/H-i686-pc-linux-gnu/bin/../lib/gcc/nios2-elf/4.1.2/../../../../nios2-elf/lib/libc.a(lib_a-s_isinfd.o)
 .bss           0x0080ff8c        0x0 /opt/altera/11.1/nios2eds/bin/gnu/H-i686-pc-linux-gnu/bin/../lib/gcc/nios2-elf/4.1.2/../../../../nios2-elf/lib/libc.a(lib_a-s_isnand.o)
 .bss           0x0080ff8c        0x0 /opt/altera/11.1/nios2eds/bin/gnu/H-i686-pc-linux-gnu/bin/../lib/gcc/nios2-elf/4.1.2/../../../../nios2-elf/lib/libc.a(lib_a-stdio.o)
 .bss           0x0080ff8c        0x0 /opt/altera/11.1/nios2eds/bin/gnu/H-i686-pc-linux-gnu/bin/../lib/gcc/nios2-elf/4.1.2/../../../../nios2-elf/lib/libc.a(lib_a-strcmp.o)
 .bss           0x0080ff8c        0x0 /opt/altera/11.1/nios2eds/bin/gnu/H-i686-pc-linux-gnu/bin/../lib/gcc/nios2-elf/4.1.2/../../../../nios2-elf/lib/libc.a(lib_a-writer.o)
 .bss           0x0080ff8c        0x0 /opt/altera/11.1/nios2eds/bin/gnu/H-i686-pc-linux-gnu/bin/../lib/gcc/nios2-elf/4.1.2/../../../../nios2-elf/lib/libc.a(lib_a-callocr.o)
 .bss           0x0080ff8c        0x0 /opt/altera/11.1/nios2eds/bin/gnu/H-i686-pc-linux-gnu/bin/../lib/gcc/nios2-elf/4.1.2/../../../../nios2-elf/lib/libc.a(lib_a-closer.o)
 .bss           0x0080ff8c        0x0 /opt/altera/11.1/nios2eds/bin/gnu/H-i686-pc-linux-gnu/bin/../lib/gcc/nios2-elf/4.1.2/../../../../nios2-elf/lib/libc.a(lib_a-fclose.o)
 .bss           0x0080ff8c        0x0 /opt/altera/11.1/nios2eds/bin/gnu/H-i686-pc-linux-gnu/bin/../lib/gcc/nios2-elf/4.1.2/../../../../nios2-elf/lib/libc.a(lib_a-fstatr.o)
 .bss           0x0080ff8c        0x0 /opt/altera/11.1/nios2eds/bin/gnu/H-i686-pc-linux-gnu/bin/../lib/gcc/nios2-elf/4.1.2/../../../../nios2-elf/lib/libc.a(lib_a-isattyr.o)
 .bss           0x0080ff8c        0x0 /opt/altera/11.1/nios2eds/bin/gnu/H-i686-pc-linux-gnu/bin/../lib/gcc/nios2-elf/4.1.2/../../../../nios2-elf/lib/libc.a(lib_a-lseekr.o)
 .bss           0x0080ff8c        0x0 /opt/altera/11.1/nios2eds/bin/gnu/H-i686-pc-linux-gnu/bin/../lib/gcc/nios2-elf/4.1.2/../../../../nios2-elf/lib/libc.a(lib_a-readr.o)
 .bss           0x0080ff8c        0x0 /opt/altera/11.1/nios2eds/bin/gnu/H-i686-pc-linux-gnu/bin/../lib/gcc/nios2-elf/4.1.2/libgcc.a(_udivdi3.o)
 .bss           0x0080ff8c        0x0 /opt/altera/11.1/nios2eds/bin/gnu/H-i686-pc-linux-gnu/bin/../lib/gcc/nios2-elf/4.1.2/libgcc.a(_umoddi3.o)
 .bss           0x0080ff8c        0x0 /opt/altera/11.1/nios2eds/bin/gnu/H-i686-pc-linux-gnu/bin/../lib/gcc/nios2-elf/4.1.2/libgcc.a(_addsub_df.o)
 .bss           0x0080ff8c        0x0 /opt/altera/11.1/nios2eds/bin/gnu/H-i686-pc-linux-gnu/bin/../lib/gcc/nios2-elf/4.1.2/libgcc.a(_mul_df.o)
 .bss           0x0080ff8c        0x0 /opt/altera/11.1/nios2eds/bin/gnu/H-i686-pc-linux-gnu/bin/../lib/gcc/nios2-elf/4.1.2/libgcc.a(_div_df.o)
 .bss           0x0080ff8c        0x0 /opt/altera/11.1/nios2eds/bin/gnu/H-i686-pc-linux-gnu/bin/../lib/gcc/nios2-elf/4.1.2/libgcc.a(_eq_df.o)
 .bss           0x0080ff8c        0x0 /opt/altera/11.1/nios2eds/bin/gnu/H-i686-pc-linux-gnu/bin/../lib/gcc/nios2-elf/4.1.2/libgcc.a(_ne_df.o)
 .bss           0x0080ff8c        0x0 /opt/altera/11.1/nios2eds/bin/gnu/H-i686-pc-linux-gnu/bin/../lib/gcc/nios2-elf/4.1.2/libgcc.a(_gt_df.o)
 .bss           0x0080ff8c        0x0 /opt/altera/11.1/nios2eds/bin/gnu/H-i686-pc-linux-gnu/bin/../lib/gcc/nios2-elf/4.1.2/libgcc.a(_ge_df.o)
 .bss           0x0080ff8c        0x0 /opt/altera/11.1/nios2eds/bin/gnu/H-i686-pc-linux-gnu/bin/../lib/gcc/nios2-elf/4.1.2/libgcc.a(_lt_df.o)
 .bss           0x0080ff8c        0x0 /opt/altera/11.1/nios2eds/bin/gnu/H-i686-pc-linux-gnu/bin/../lib/gcc/nios2-elf/4.1.2/libgcc.a(_si_to_df.o)
 .bss           0x0080ff8c        0x0 /opt/altera/11.1/nios2eds/bin/gnu/H-i686-pc-linux-gnu/bin/../lib/gcc/nios2-elf/4.1.2/libgcc.a(_df_to_si.o)
 .bss           0x0080ff8c        0x0 /opt/altera/11.1/nios2eds/bin/gnu/H-i686-pc-linux-gnu/bin/../lib/gcc/nios2-elf/4.1.2/libgcc.a(_thenan_df.o)
 .bss           0x0080ff8c        0x0 /opt/altera/11.1/nios2eds/bin/gnu/H-i686-pc-linux-gnu/bin/../lib/gcc/nios2-elf/4.1.2/libgcc.a(_usi_to_df.o)
 .bss           0x0080ff8c        0x0 /opt/altera/11.1/nios2eds/bin/gnu/H-i686-pc-linux-gnu/bin/../lib/gcc/nios2-elf/4.1.2/libgcc.a(lib2-divmod.o)
 .bss           0x0080ff8c        0x0 /opt/altera/11.1/nios2eds/bin/gnu/H-i686-pc-linux-gnu/bin/../lib/gcc/nios2-elf/4.1.2/libgcc.a(_muldi3.o)
 .bss           0x0080ff8c        0x0 /opt/altera/11.1/nios2eds/bin/gnu/H-i686-pc-linux-gnu/bin/../lib/gcc/nios2-elf/4.1.2/libgcc.a(_clz.o)
 .bss           0x0080ff8c        0x0 /opt/altera/11.1/nios2eds/bin/gnu/H-i686-pc-linux-gnu/bin/../lib/gcc/nios2-elf/4.1.2/libgcc.a(_clzsi2.o)
 .bss           0x0080ff8c        0x0 /opt/altera/11.1/nios2eds/bin/gnu/H-i686-pc-linux-gnu/bin/../lib/gcc/nios2-elf/4.1.2/libgcc.a(_pack_df.o)
 .bss           0x0080ff8c        0x0 /opt/altera/11.1/nios2eds/bin/gnu/H-i686-pc-linux-gnu/bin/../lib/gcc/nios2-elf/4.1.2/libgcc.a(_unpack_df.o)
 .bss           0x0080ff8c        0x0 /opt/altera/11.1/nios2eds/bin/gnu/H-i686-pc-linux-gnu/bin/../lib/gcc/nios2-elf/4.1.2/libgcc.a(_fpcmp_parts_df.o)
 .bss           0x0080ff8c        0x0 ../de0_vga_qsys_bsp//libhal_bsp.a(alt_close.o)
 .bss           0x0080ff8c        0x0 ../de0_vga_qsys_bsp//libhal_bsp.a(alt_dev.o)
 .bss           0x0080ff8c        0x0 ../de0_vga_qsys_bsp//libhal_bsp.a(alt_errno.o)
 .bss           0x0080ff8c        0x0 ../de0_vga_qsys_bsp//libhal_bsp.a(alt_fstat.o)
 .bss           0x0080ff8c        0x0 ../de0_vga_qsys_bsp//libhal_bsp.a(alt_isatty.o)
 .bss           0x0080ff8c        0x0 ../de0_vga_qsys_bsp//libhal_bsp.a(alt_load.o)
 .bss           0x0080ff8c        0x0 ../de0_vga_qsys_bsp//libhal_bsp.a(alt_lseek.o)
 .bss           0x0080ff8c        0x0 ../de0_vga_qsys_bsp//libhal_bsp.a(alt_main.o)
 .bss           0x0080ff8c        0x0 ../de0_vga_qsys_bsp//libhal_bsp.a(alt_malloc_lock.o)
 .bss           0x0080ff8c        0x0 ../de0_vga_qsys_bsp//libhal_bsp.a(alt_read.o)
 .bss           0x0080ff8c        0x0 ../de0_vga_qsys_bsp//libhal_bsp.a(alt_release_fd.o)
 .bss           0x0080ff8c        0x0 ../de0_vga_qsys_bsp//libhal_bsp.a(alt_sbrk.o)
 .bss           0x0080ff8c        0x0 ../de0_vga_qsys_bsp//libhal_bsp.a(alt_write.o)
 .bss           0x0080ff8c        0x0 ../de0_vga_qsys_bsp//libhal_bsp.a(alt_sys_init.o)
 .bss           0x0080ff8c        0x0 ../de0_vga_qsys_bsp//libhal_bsp.a(altera_avalon_jtag_uart_fd.o)
 .bss           0x0080ff8c        0x0 ../de0_vga_qsys_bsp//libhal_bsp.a(altera_avalon_jtag_uart_init.o)
 .bss           0x0080ff8c        0x0 ../de0_vga_qsys_bsp//libhal_bsp.a(altera_avalon_jtag_uart_ioctl.o)
 .bss           0x0080ff8c        0x0 ../de0_vga_qsys_bsp//libhal_bsp.a(altera_avalon_jtag_uart_read.o)
 .bss           0x0080ff8c        0x0 ../de0_vga_qsys_bsp//libhal_bsp.a(altera_avalon_jtag_uart_write.o)
 .bss           0x0080ff8c        0x0 ../de0_vga_qsys_bsp//libhal_bsp.a(alt_alarm_start.o)
 .bss           0x0080ff8c        0x0 ../de0_vga_qsys_bsp//libhal_bsp.a(alt_dcache_flush_all.o)
 .bss           0x0080ff8c        0x0 ../de0_vga_qsys_bsp//libhal_bsp.a(alt_dev_llist_insert.o)
 .bss           0x0080ff8c        0x0 ../de0_vga_qsys_bsp//libhal_bsp.a(alt_do_ctors.o)
 .bss           0x0080ff8c        0x0 ../de0_vga_qsys_bsp//libhal_bsp.a(alt_do_dtors.o)
 .bss           0x0080ff8c        0x0 ../de0_vga_qsys_bsp//libhal_bsp.a(alt_icache_flush_all.o)
 .bss           0x0080ff8c        0x0 ../de0_vga_qsys_bsp//libhal_bsp.a(alt_iic.o)
 .bss           0x0080ff8c        0x0 ../de0_vga_qsys_bsp//libhal_bsp.a(alt_iic_isr_register.o)
 .bss           0x0080ff8c        0x0 ../de0_vga_qsys_bsp//libhal_bsp.a(alt_io_redirect.o)
 .bss           0x0080ff8c        0x0 ../de0_vga_qsys_bsp//libhal_bsp.a(alt_irq_entry.o)
 .bss           0x0080ff8c        0x0 ../de0_vga_qsys_bsp//libhal_bsp.a(alt_irq_handler.o)
 .bss           0x0080ff8c        0x0 ../de0_vga_qsys_bsp//libhal_bsp.a(alt_irq_vars.o)
 .bss           0x0080ff8c        0x0 ../de0_vga_qsys_bsp//libhal_bsp.a(alt_open.o)
 .bss           0x0080ff8c        0x0 ../de0_vga_qsys_bsp//libhal_bsp.a(alt_tick.o)
 .bss           0x0080ff8c        0x0 ../de0_vga_qsys_bsp//libhal_bsp.a(altera_nios2_qsys_irq.o)
 .bss           0x0080ff8c        0x0 ../de0_vga_qsys_bsp//libhal_bsp.a(alt_exception_entry.o)
 .bss           0x0080ff8c        0x0 ../de0_vga_qsys_bsp//libhal_bsp.a(alt_find_dev.o)
 .bss           0x0080ff8c        0x0 ../de0_vga_qsys_bsp//libhal_bsp.a(alt_find_file.o)
 .bss           0x0080ff8c        0x0 ../de0_vga_qsys_bsp//libhal_bsp.a(alt_get_fd.o)
 .bss           0x0080ff8c        0x0 ../de0_vga_qsys_bsp//libhal_bsp.a(alt_icache_flush.o)
 .bss           0x0080ff8c        0x0 /opt/altera/11.1/nios2eds/bin/gnu/H-i686-pc-linux-gnu/bin/../lib/gcc/nios2-elf/4.1.2/../../../../nios2-elf/lib/libc.a(lib_a-atexit.o)
 .bss           0x0080ff8c        0x0 /opt/altera/11.1/nios2eds/bin/gnu/H-i686-pc-linux-gnu/bin/../lib/gcc/nios2-elf/4.1.2/../../../../nios2-elf/lib/libc.a(lib_a-exit.o)
 .bss           0x0080ff8c        0x0 /opt/altera/11.1/nios2eds/bin/gnu/H-i686-pc-linux-gnu/bin/../lib/gcc/nios2-elf/4.1.2/../../../../nios2-elf/lib/libc.a(lib_a-memcmp.o)
 .bss           0x0080ff8c        0x0 /opt/altera/11.1/nios2eds/bin/gnu/H-i686-pc-linux-gnu/bin/../lib/gcc/nios2-elf/4.1.2/../../../../nios2-elf/lib/libc.a(lib_a-__atexit.o)
 .bss           0x0080ff8c        0x0 /opt/altera/11.1/nios2eds/bin/gnu/H-i686-pc-linux-gnu/bin/../lib/gcc/nios2-elf/4.1.2/../../../../nios2-elf/lib/libc.a(lib_a-__call_atexit.o)
 .bss           0x0080ff8c        0x0 ../de0_vga_qsys_bsp//libhal_bsp.a(alt_exit.o)
 *(COMMON)
 COMMON         0x0080ff8c      0x100 ../de0_vga_qsys_bsp//libhal_bsp.a(alt_irq_handler.o)
                0x0080ff8c                alt_irq
 COMMON         0x0081008c      0x190 /opt/altera/11.1/nios2eds/bin/gnu/H-i686-pc-linux-gnu/bin/../lib/gcc/nios2-elf/4.1.2/../../../../nios2-elf/lib/libc.a(lib_a-atexit.o)
                0x0081008c                _atexit0
                0x0081021c                . = ALIGN (0x4)
                0x0081021c                __bss_end = ABSOLUTE (.)

.sdram_0        0x0081021c        0x0
                0x0081021c                PROVIDE (_alt_partition_sdram_0_start, ABSOLUTE (.))
 *(.sdram_0. sdram_0.*)
                0x0081021c                . = ALIGN (0x4)
                0x0081021c                PROVIDE (_alt_partition_sdram_0_end, ABSOLUTE (.))
                0x0081021c                _end = ABSOLUTE (.)
                0x0081021c                end = ABSOLUTE (.)
                0x0081021c                __alt_stack_base = ABSOLUTE (.)
                0x0081021c                PROVIDE (_alt_partition_sdram_0_load_addr, LOADADDR (.sdram_0))

.stab
 *(.stab)

.stabstr
 *(.stabstr)

.stab.excl
 *(.stab.excl)

.stab.exclstr
 *(.stab.exclstr)

.stab.index
 *(.stab.index)

.stab.indexstr
 *(.stab.indexstr)

.comment        0x00000000       0x23
 *(.comment)
 .comment       0x00000000       0x23 obj/default/hello_world.o
                                 0x24 (size before relaxing)
 .comment       0x00000000       0x24 /opt/altera/11.1/nios2eds/bin/gnu/H-i686-pc-linux-gnu/bin/../lib/gcc/nios2-elf/4.1.2/../../../../nios2-elf/lib/libc.a(lib_a-malloc.o)
 .comment       0x00000000       0x24 /opt/altera/11.1/nios2eds/bin/gnu/H-i686-pc-linux-gnu/bin/../lib/gcc/nios2-elf/4.1.2/../../../../nios2-elf/lib/libc.a(lib_a-mallocr.o)
 .comment       0x00000000       0x24 /opt/altera/11.1/nios2eds/bin/gnu/H-i686-pc-linux-gnu/bin/../lib/gcc/nios2-elf/4.1.2/../../../../nios2-elf/lib/libc.a(lib_a-printf.o)
 .comment       0x00000000       0x24 /opt/altera/11.1/nios2eds/bin/gnu/H-i686-pc-linux-gnu/bin/../lib/gcc/nios2-elf/4.1.2/../../../../nios2-elf/lib/libc.a(lib_a-puts.o)
 .comment       0x00000000       0x24 /opt/altera/11.1/nios2eds/bin/gnu/H-i686-pc-linux-gnu/bin/../lib/gcc/nios2-elf/4.1.2/../../../../nios2-elf/lib/libc.a(lib_a-sbrkr.o)
 .comment       0x00000000       0x24 /opt/altera/11.1/nios2eds/bin/gnu/H-i686-pc-linux-gnu/bin/../lib/gcc/nios2-elf/4.1.2/../../../../nios2-elf/lib/libc.a(lib_a-strlen.o)
 .comment       0x00000000       0x24 /opt/altera/11.1/nios2eds/bin/gnu/H-i686-pc-linux-gnu/bin/../lib/gcc/nios2-elf/4.1.2/../../../../nios2-elf/lib/libc.a(lib_a-vfprintf.o)
 .comment       0x00000000       0x24 /opt/altera/11.1/nios2eds/bin/gnu/H-i686-pc-linux-gnu/bin/../lib/gcc/nios2-elf/4.1.2/../../../../nios2-elf/lib/libc.a(lib_a-wsetup.o)
 .comment       0x00000000       0x24 /opt/altera/11.1/nios2eds/bin/gnu/H-i686-pc-linux-gnu/bin/../lib/gcc/nios2-elf/4.1.2/../../../../nios2-elf/lib/libc.a(lib_a-dtoa.o)
 .comment       0x00000000       0x24 /opt/altera/11.1/nios2eds/bin/gnu/H-i686-pc-linux-gnu/bin/../lib/gcc/nios2-elf/4.1.2/../../../../nios2-elf/lib/libc.a(lib_a-fflush.o)
 .comment       0x00000000       0x24 /opt/altera/11.1/nios2eds/bin/gnu/H-i686-pc-linux-gnu/bin/../lib/gcc/nios2-elf/4.1.2/../../../../nios2-elf/lib/libc.a(lib_a-findfp.o)
 .comment       0x00000000       0x24 /opt/altera/11.1/nios2eds/bin/gnu/H-i686-pc-linux-gnu/bin/../lib/gcc/nios2-elf/4.1.2/../../../../nios2-elf/lib/libc.a(lib_a-freer.o)
 .comment       0x00000000       0x24 /opt/altera/11.1/nios2eds/bin/gnu/H-i686-pc-linux-gnu/bin/../lib/gcc/nios2-elf/4.1.2/../../../../nios2-elf/lib/libc.a(lib_a-fvwrite.o)
 .comment       0x00000000       0x24 /opt/altera/11.1/nios2eds/bin/gnu/H-i686-pc-linux-gnu/bin/../lib/gcc/nios2-elf/4.1.2/../../../../nios2-elf/lib/libc.a(lib_a-fwalk.o)
 .comment       0x00000000       0x24 /opt/altera/11.1/nios2eds/bin/gnu/H-i686-pc-linux-gnu/bin/../lib/gcc/nios2-elf/4.1.2/../../../../nios2-elf/lib/libc.a(lib_a-impure.o)
 .comment       0x00000000       0x24 /opt/altera/11.1/nios2eds/bin/gnu/H-i686-pc-linux-gnu/bin/../lib/gcc/nios2-elf/4.1.2/../../../../nios2-elf/lib/libc.a(lib_a-int_errno.o)
 .comment       0x00000000       0x24 /opt/altera/11.1/nios2eds/bin/gnu/H-i686-pc-linux-gnu/bin/../lib/gcc/nios2-elf/4.1.2/../../../../nios2-elf/lib/libc.a(lib_a-locale.o)
 .comment       0x00000000       0x24 /opt/altera/11.1/nios2eds/bin/gnu/H-i686-pc-linux-gnu/bin/../lib/gcc/nios2-elf/4.1.2/../../../../nios2-elf/lib/libc.a(lib_a-makebuf.o)
 .comment       0x00000000       0x24 /opt/altera/11.1/nios2eds/bin/gnu/H-i686-pc-linux-gnu/bin/../lib/gcc/nios2-elf/4.1.2/../../../../nios2-elf/lib/libc.a(lib_a-memchr.o)
 .comment       0x00000000       0x24 /opt/altera/11.1/nios2eds/bin/gnu/H-i686-pc-linux-gnu/bin/../lib/gcc/nios2-elf/4.1.2/../../../../nios2-elf/lib/libc.a(lib_a-memcpy.o)
 .comment       0x00000000       0x24 /opt/altera/11.1/nios2eds/bin/gnu/H-i686-pc-linux-gnu/bin/../lib/gcc/nios2-elf/4.1.2/../../../../nios2-elf/lib/libc.a(lib_a-memmove.o)
 .comment       0x00000000       0x24 /opt/altera/11.1/nios2eds/bin/gnu/H-i686-pc-linux-gnu/bin/../lib/gcc/nios2-elf/4.1.2/../../../../nios2-elf/lib/libc.a(lib_a-memset.o)
 .comment       0x00000000       0x24 /opt/altera/11.1/nios2eds/bin/gnu/H-i686-pc-linux-gnu/bin/../lib/gcc/nios2-elf/4.1.2/../../../../nios2-elf/lib/libc.a(lib_a-mprec.o)
 .comment       0x00000000       0x24 /opt/altera/11.1/nios2eds/bin/gnu/H-i686-pc-linux-gnu/bin/../lib/gcc/nios2-elf/4.1.2/../../../../nios2-elf/lib/libc.a(lib_a-reallocr.o)
 .comment       0x00000000       0x24 /opt/altera/11.1/nios2eds/bin/gnu/H-i686-pc-linux-gnu/bin/../lib/gcc/nios2-elf/4.1.2/../../../../nios2-elf/lib/libc.a(lib_a-s_isinfd.o)
 .comment       0x00000000       0x24 /opt/altera/11.1/nios2eds/bin/gnu/H-i686-pc-linux-gnu/bin/../lib/gcc/nios2-elf/4.1.2/../../../../nios2-elf/lib/libc.a(lib_a-s_isnand.o)
 .comment       0x00000000       0x24 /opt/altera/11.1/nios2eds/bin/gnu/H-i686-pc-linux-gnu/bin/../lib/gcc/nios2-elf/4.1.2/../../../../nios2-elf/lib/libc.a(lib_a-stdio.o)
 .comment       0x00000000       0x24 /opt/altera/11.1/nios2eds/bin/gnu/H-i686-pc-linux-gnu/bin/../lib/gcc/nios2-elf/4.1.2/../../../../nios2-elf/lib/libc.a(lib_a-strcmp.o)
 .comment       0x00000000       0x24 /opt/altera/11.1/nios2eds/bin/gnu/H-i686-pc-linux-gnu/bin/../lib/gcc/nios2-elf/4.1.2/../../../../nios2-elf/lib/libc.a(lib_a-writer.o)
 .comment       0x00000000       0x24 /opt/altera/11.1/nios2eds/bin/gnu/H-i686-pc-linux-gnu/bin/../lib/gcc/nios2-elf/4.1.2/../../../../nios2-elf/lib/libc.a(lib_a-callocr.o)
 .comment       0x00000000       0x24 /opt/altera/11.1/nios2eds/bin/gnu/H-i686-pc-linux-gnu/bin/../lib/gcc/nios2-elf/4.1.2/../../../../nios2-elf/lib/libc.a(lib_a-closer.o)
 .comment       0x00000000       0x24 /opt/altera/11.1/nios2eds/bin/gnu/H-i686-pc-linux-gnu/bin/../lib/gcc/nios2-elf/4.1.2/../../../../nios2-elf/lib/libc.a(lib_a-fclose.o)
 .comment       0x00000000       0x24 /opt/altera/11.1/nios2eds/bin/gnu/H-i686-pc-linux-gnu/bin/../lib/gcc/nios2-elf/4.1.2/../../../../nios2-elf/lib/libc.a(lib_a-fstatr.o)
 .comment       0x00000000       0x24 /opt/altera/11.1/nios2eds/bin/gnu/H-i686-pc-linux-gnu/bin/../lib/gcc/nios2-elf/4.1.2/../../../../nios2-elf/lib/libc.a(lib_a-isattyr.o)
 .comment       0x00000000       0x24 /opt/altera/11.1/nios2eds/bin/gnu/H-i686-pc-linux-gnu/bin/../lib/gcc/nios2-elf/4.1.2/../../../../nios2-elf/lib/libc.a(lib_a-lseekr.o)
 .comment       0x00000000       0x24 /opt/altera/11.1/nios2eds/bin/gnu/H-i686-pc-linux-gnu/bin/../lib/gcc/nios2-elf/4.1.2/../../../../nios2-elf/lib/libc.a(lib_a-readr.o)
 .comment       0x00000000       0x24 /opt/altera/11.1/nios2eds/bin/gnu/H-i686-pc-linux-gnu/bin/../lib/gcc/nios2-elf/4.1.2/libgcc.a(_udivdi3.o)
 .comment       0x00000000       0x24 /opt/altera/11.1/nios2eds/bin/gnu/H-i686-pc-linux-gnu/bin/../lib/gcc/nios2-elf/4.1.2/libgcc.a(_umoddi3.o)
 .comment       0x00000000       0x24 /opt/altera/11.1/nios2eds/bin/gnu/H-i686-pc-linux-gnu/bin/../lib/gcc/nios2-elf/4.1.2/libgcc.a(_addsub_df.o)
 .comment       0x00000000       0x24 /opt/altera/11.1/nios2eds/bin/gnu/H-i686-pc-linux-gnu/bin/../lib/gcc/nios2-elf/4.1.2/libgcc.a(_mul_df.o)
 .comment       0x00000000       0x24 /opt/altera/11.1/nios2eds/bin/gnu/H-i686-pc-linux-gnu/bin/../lib/gcc/nios2-elf/4.1.2/libgcc.a(_div_df.o)
 .comment       0x00000000       0x24 /opt/altera/11.1/nios2eds/bin/gnu/H-i686-pc-linux-gnu/bin/../lib/gcc/nios2-elf/4.1.2/libgcc.a(_eq_df.o)
 .comment       0x00000000       0x24 /opt/altera/11.1/nios2eds/bin/gnu/H-i686-pc-linux-gnu/bin/../lib/gcc/nios2-elf/4.1.2/libgcc.a(_ne_df.o)
 .comment       0x00000000       0x24 /opt/altera/11.1/nios2eds/bin/gnu/H-i686-pc-linux-gnu/bin/../lib/gcc/nios2-elf/4.1.2/libgcc.a(_gt_df.o)
 .comment       0x00000000       0x24 /opt/altera/11.1/nios2eds/bin/gnu/H-i686-pc-linux-gnu/bin/../lib/gcc/nios2-elf/4.1.2/libgcc.a(_ge_df.o)
 .comment       0x00000000       0x24 /opt/altera/11.1/nios2eds/bin/gnu/H-i686-pc-linux-gnu/bin/../lib/gcc/nios2-elf/4.1.2/libgcc.a(_lt_df.o)
 .comment       0x00000000       0x24 /opt/altera/11.1/nios2eds/bin/gnu/H-i686-pc-linux-gnu/bin/../lib/gcc/nios2-elf/4.1.2/libgcc.a(_si_to_df.o)
 .comment       0x00000000       0x24 /opt/altera/11.1/nios2eds/bin/gnu/H-i686-pc-linux-gnu/bin/../lib/gcc/nios2-elf/4.1.2/libgcc.a(_df_to_si.o)
 .comment       0x00000000       0x24 /opt/altera/11.1/nios2eds/bin/gnu/H-i686-pc-linux-gnu/bin/../lib/gcc/nios2-elf/4.1.2/libgcc.a(_thenan_df.o)
 .comment       0x00000000       0x24 /opt/altera/11.1/nios2eds/bin/gnu/H-i686-pc-linux-gnu/bin/../lib/gcc/nios2-elf/4.1.2/libgcc.a(_usi_to_df.o)
 .comment       0x00000000       0x24 /opt/altera/11.1/nios2eds/bin/gnu/H-i686-pc-linux-gnu/bin/../lib/gcc/nios2-elf/4.1.2/libgcc.a(lib2-divmod.o)
 .comment       0x00000000       0x24 /opt/altera/11.1/nios2eds/bin/gnu/H-i686-pc-linux-gnu/bin/../lib/gcc/nios2-elf/4.1.2/libgcc.a(_muldi3.o)
 .comment       0x00000000       0x24 /opt/altera/11.1/nios2eds/bin/gnu/H-i686-pc-linux-gnu/bin/../lib/gcc/nios2-elf/4.1.2/libgcc.a(_clz.o)
 .comment       0x00000000       0x24 /opt/altera/11.1/nios2eds/bin/gnu/H-i686-pc-linux-gnu/bin/../lib/gcc/nios2-elf/4.1.2/libgcc.a(_clzsi2.o)
 .comment       0x00000000       0x24 /opt/altera/11.1/nios2eds/bin/gnu/H-i686-pc-linux-gnu/bin/../lib/gcc/nios2-elf/4.1.2/libgcc.a(_pack_df.o)
 .comment       0x00000000       0x24 /opt/altera/11.1/nios2eds/bin/gnu/H-i686-pc-linux-gnu/bin/../lib/gcc/nios2-elf/4.1.2/libgcc.a(_unpack_df.o)
 .comment       0x00000000       0x24 /opt/altera/11.1/nios2eds/bin/gnu/H-i686-pc-linux-gnu/bin/../lib/gcc/nios2-elf/4.1.2/libgcc.a(_fpcmp_parts_df.o)
 .comment       0x00000000       0x24 ../de0_vga_qsys_bsp//libhal_bsp.a(alt_close.o)
 .comment       0x00000000       0x24 ../de0_vga_qsys_bsp//libhal_bsp.a(alt_dev.o)
 .comment       0x00000000       0x24 ../de0_vga_qsys_bsp//libhal_bsp.a(alt_errno.o)
 .comment       0x00000000       0x24 ../de0_vga_qsys_bsp//libhal_bsp.a(alt_fstat.o)
 .comment       0x00000000       0x24 ../de0_vga_qsys_bsp//libhal_bsp.a(alt_isatty.o)
 .comment       0x00000000       0x24 ../de0_vga_qsys_bsp//libhal_bsp.a(alt_load.o)
 .comment       0x00000000       0x24 ../de0_vga_qsys_bsp//libhal_bsp.a(alt_lseek.o)
 .comment       0x00000000       0x24 ../de0_vga_qsys_bsp//libhal_bsp.a(alt_main.o)
 .comment       0x00000000       0x24 ../de0_vga_qsys_bsp//libhal_bsp.a(alt_malloc_lock.o)
 .comment       0x00000000       0x24 ../de0_vga_qsys_bsp//libhal_bsp.a(alt_read.o)
 .comment       0x00000000       0x24 ../de0_vga_qsys_bsp//libhal_bsp.a(alt_release_fd.o)
 .comment       0x00000000       0x24 ../de0_vga_qsys_bsp//libhal_bsp.a(alt_sbrk.o)
 .comment       0x00000000       0x24 ../de0_vga_qsys_bsp//libhal_bsp.a(alt_write.o)
 .comment       0x00000000       0x24 ../de0_vga_qsys_bsp//libhal_bsp.a(alt_sys_init.o)
 .comment       0x00000000       0x24 ../de0_vga_qsys_bsp//libhal_bsp.a(altera_avalon_jtag_uart_fd.o)
 .comment       0x00000000       0x24 ../de0_vga_qsys_bsp//libhal_bsp.a(altera_avalon_jtag_uart_init.o)
 .comment       0x00000000       0x24 ../de0_vga_qsys_bsp//libhal_bsp.a(altera_avalon_jtag_uart_ioctl.o)
 .comment       0x00000000       0x24 ../de0_vga_qsys_bsp//libhal_bsp.a(altera_avalon_jtag_uart_read.o)
 .comment       0x00000000       0x24 ../de0_vga_qsys_bsp//libhal_bsp.a(altera_avalon_jtag_uart_write.o)
 .comment       0x00000000       0x24 ../de0_vga_qsys_bsp//libhal_bsp.a(alt_alarm_start.o)
 .comment       0x00000000       0x24 ../de0_vga_qsys_bsp//libhal_bsp.a(alt_dcache_flush_all.o)
 .comment       0x00000000       0x24 ../de0_vga_qsys_bsp//libhal_bsp.a(alt_dev_llist_insert.o)
 .comment       0x00000000       0x24 ../de0_vga_qsys_bsp//libhal_bsp.a(alt_do_ctors.o)
 .comment       0x00000000       0x24 ../de0_vga_qsys_bsp//libhal_bsp.a(alt_do_dtors.o)
 .comment       0x00000000       0x24 ../de0_vga_qsys_bsp//libhal_bsp.a(alt_icache_flush_all.o)
 .comment       0x00000000       0x24 ../de0_vga_qsys_bsp//libhal_bsp.a(alt_iic.o)
 .comment       0x00000000       0x24 ../de0_vga_qsys_bsp//libhal_bsp.a(alt_iic_isr_register.o)
 .comment       0x00000000       0x24 ../de0_vga_qsys_bsp//libhal_bsp.a(alt_io_redirect.o)
 .comment       0x00000000       0x24 ../de0_vga_qsys_bsp//libhal_bsp.a(alt_irq_handler.o)
 .comment       0x00000000       0x24 ../de0_vga_qsys_bsp//libhal_bsp.a(alt_irq_vars.o)
 .comment       0x00000000       0x24 ../de0_vga_qsys_bsp//libhal_bsp.a(alt_open.o)
 .comment       0x00000000       0x24 ../de0_vga_qsys_bsp//libhal_bsp.a(alt_tick.o)
 .comment       0x00000000       0x24 ../de0_vga_qsys_bsp//libhal_bsp.a(altera_nios2_qsys_irq.o)
 .comment       0x00000000       0x24 ../de0_vga_qsys_bsp//libhal_bsp.a(alt_find_dev.o)
 .comment       0x00000000       0x24 ../de0_vga_qsys_bsp//libhal_bsp.a(alt_find_file.o)
 .comment       0x00000000       0x24 ../de0_vga_qsys_bsp//libhal_bsp.a(alt_get_fd.o)
 .comment       0x00000000       0x24 ../de0_vga_qsys_bsp//libhal_bsp.a(alt_icache_flush.o)
 .comment       0x00000000       0x24 /opt/altera/11.1/nios2eds/bin/gnu/H-i686-pc-linux-gnu/bin/../lib/gcc/nios2-elf/4.1.2/../../../../nios2-elf/lib/libc.a(lib_a-atexit.o)
 .comment       0x00000000       0x24 /opt/altera/11.1/nios2eds/bin/gnu/H-i686-pc-linux-gnu/bin/../lib/gcc/nios2-elf/4.1.2/../../../../nios2-elf/lib/libc.a(lib_a-exit.o)
 .comment       0x00000000       0x24 /opt/altera/11.1/nios2eds/bin/gnu/H-i686-pc-linux-gnu/bin/../lib/gcc/nios2-elf/4.1.2/../../../../nios2-elf/lib/libc.a(lib_a-memcmp.o)
 .comment       0x00000000       0x24 /opt/altera/11.1/nios2eds/bin/gnu/H-i686-pc-linux-gnu/bin/../lib/gcc/nios2-elf/4.1.2/../../../../nios2-elf/lib/libc.a(lib_a-__atexit.o)
 .comment       0x00000000       0x24 /opt/altera/11.1/nios2eds/bin/gnu/H-i686-pc-linux-gnu/bin/../lib/gcc/nios2-elf/4.1.2/../../../../nios2-elf/lib/libc.a(lib_a-__call_atexit.o)
 .comment       0x00000000       0x24 ../de0_vga_qsys_bsp//libhal_bsp.a(alt_exit.o)

.debug
 *(.debug)

.line
 *(.line)

.debug_srcinfo
 *(.debug_srcinfo)

.debug_sfnames
 *(.debug_sfnames)

.debug_aranges  0x00000000      0xc78
 *(.debug_aranges)
 .debug_aranges
                0x00000000       0x28 ../de0_vga_qsys_bsp//obj/HAL/src/crt0.o
 .debug_aranges
                0x00000028       0x20 obj/default/hello_world.o
 .debug_aranges
                0x00000048       0x20 /opt/altera/11.1/nios2eds/bin/gnu/H-i686-pc-linux-gnu/bin/../lib/gcc/nios2-elf/4.1.2/../../../../nios2-elf/lib/libc.a(lib_a-malloc.o)
 .debug_aranges
                0x00000068       0x20 /opt/altera/11.1/nios2eds/bin/gnu/H-i686-pc-linux-gnu/bin/../lib/gcc/nios2-elf/4.1.2/../../../../nios2-elf/lib/libc.a(lib_a-mallocr.o)
 .debug_aranges
                0x00000088       0x20 /opt/altera/11.1/nios2eds/bin/gnu/H-i686-pc-linux-gnu/bin/../lib/gcc/nios2-elf/4.1.2/../../../../nios2-elf/lib/libc.a(lib_a-printf.o)
 .debug_aranges
                0x000000a8       0x20 /opt/altera/11.1/nios2eds/bin/gnu/H-i686-pc-linux-gnu/bin/../lib/gcc/nios2-elf/4.1.2/../../../../nios2-elf/lib/libc.a(lib_a-puts.o)
 .debug_aranges
                0x000000c8       0x20 /opt/altera/11.1/nios2eds/bin/gnu/H-i686-pc-linux-gnu/bin/../lib/gcc/nios2-elf/4.1.2/../../../../nios2-elf/lib/libc.a(lib_a-sbrkr.o)
 .debug_aranges
                0x000000e8       0x20 /opt/altera/11.1/nios2eds/bin/gnu/H-i686-pc-linux-gnu/bin/../lib/gcc/nios2-elf/4.1.2/../../../../nios2-elf/lib/libc.a(lib_a-strlen.o)
 .debug_aranges
                0x00000108       0x20 /opt/altera/11.1/nios2eds/bin/gnu/H-i686-pc-linux-gnu/bin/../lib/gcc/nios2-elf/4.1.2/../../../../nios2-elf/lib/libc.a(lib_a-vfprintf.o)
 .debug_aranges
                0x00000128       0x20 /opt/altera/11.1/nios2eds/bin/gnu/H-i686-pc-linux-gnu/bin/../lib/gcc/nios2-elf/4.1.2/../../../../nios2-elf/lib/libc.a(lib_a-wsetup.o)
 .debug_aranges
                0x00000148       0x20 /opt/altera/11.1/nios2eds/bin/gnu/H-i686-pc-linux-gnu/bin/../lib/gcc/nios2-elf/4.1.2/../../../../nios2-elf/lib/libc.a(lib_a-dtoa.o)
 .debug_aranges
                0x00000168       0x20 /opt/altera/11.1/nios2eds/bin/gnu/H-i686-pc-linux-gnu/bin/../lib/gcc/nios2-elf/4.1.2/../../../../nios2-elf/lib/libc.a(lib_a-fflush.o)
 .debug_aranges
                0x00000188       0x20 /opt/altera/11.1/nios2eds/bin/gnu/H-i686-pc-linux-gnu/bin/../lib/gcc/nios2-elf/4.1.2/../../../../nios2-elf/lib/libc.a(lib_a-findfp.o)
 .debug_aranges
                0x000001a8       0x20 /opt/altera/11.1/nios2eds/bin/gnu/H-i686-pc-linux-gnu/bin/../lib/gcc/nios2-elf/4.1.2/../../../../nios2-elf/lib/libc.a(lib_a-freer.o)
 .debug_aranges
                0x000001c8       0x20 /opt/altera/11.1/nios2eds/bin/gnu/H-i686-pc-linux-gnu/bin/../lib/gcc/nios2-elf/4.1.2/../../../../nios2-elf/lib/libc.a(lib_a-fvwrite.o)
 .debug_aranges
                0x000001e8       0x20 /opt/altera/11.1/nios2eds/bin/gnu/H-i686-pc-linux-gnu/bin/../lib/gcc/nios2-elf/4.1.2/../../../../nios2-elf/lib/libc.a(lib_a-fwalk.o)
 .debug_aranges
                0x00000208       0x20 /opt/altera/11.1/nios2eds/bin/gnu/H-i686-pc-linux-gnu/bin/../lib/gcc/nios2-elf/4.1.2/../../../../nios2-elf/lib/libc.a(lib_a-locale.o)
 .debug_aranges
                0x00000228       0x20 /opt/altera/11.1/nios2eds/bin/gnu/H-i686-pc-linux-gnu/bin/../lib/gcc/nios2-elf/4.1.2/../../../../nios2-elf/lib/libc.a(lib_a-makebuf.o)
 .debug_aranges
                0x00000248       0x20 /opt/altera/11.1/nios2eds/bin/gnu/H-i686-pc-linux-gnu/bin/../lib/gcc/nios2-elf/4.1.2/../../../../nios2-elf/lib/libc.a(lib_a-memchr.o)
 .debug_aranges
                0x00000268       0x20 /opt/altera/11.1/nios2eds/bin/gnu/H-i686-pc-linux-gnu/bin/../lib/gcc/nios2-elf/4.1.2/../../../../nios2-elf/lib/libc.a(lib_a-memcpy.o)
 .debug_aranges
                0x00000288       0x20 /opt/altera/11.1/nios2eds/bin/gnu/H-i686-pc-linux-gnu/bin/../lib/gcc/nios2-elf/4.1.2/../../../../nios2-elf/lib/libc.a(lib_a-memmove.o)
 .debug_aranges
                0x000002a8       0x20 /opt/altera/11.1/nios2eds/bin/gnu/H-i686-pc-linux-gnu/bin/../lib/gcc/nios2-elf/4.1.2/../../../../nios2-elf/lib/libc.a(lib_a-memset.o)
 .debug_aranges
                0x000002c8       0x20 /opt/altera/11.1/nios2eds/bin/gnu/H-i686-pc-linux-gnu/bin/../lib/gcc/nios2-elf/4.1.2/../../../../nios2-elf/lib/libc.a(lib_a-mprec.o)
 .debug_aranges
                0x000002e8       0x20 /opt/altera/11.1/nios2eds/bin/gnu/H-i686-pc-linux-gnu/bin/../lib/gcc/nios2-elf/4.1.2/../../../../nios2-elf/lib/libc.a(lib_a-reallocr.o)
 .debug_aranges
                0x00000308       0x20 /opt/altera/11.1/nios2eds/bin/gnu/H-i686-pc-linux-gnu/bin/../lib/gcc/nios2-elf/4.1.2/../../../../nios2-elf/lib/libc.a(lib_a-s_isinfd.o)
 .debug_aranges
                0x00000328       0x20 /opt/altera/11.1/nios2eds/bin/gnu/H-i686-pc-linux-gnu/bin/../lib/gcc/nios2-elf/4.1.2/../../../../nios2-elf/lib/libc.a(lib_a-s_isnand.o)
 .debug_aranges
                0x00000348       0x20 /opt/altera/11.1/nios2eds/bin/gnu/H-i686-pc-linux-gnu/bin/../lib/gcc/nios2-elf/4.1.2/../../../../nios2-elf/lib/libc.a(lib_a-stdio.o)
 .debug_aranges
                0x00000368       0x20 /opt/altera/11.1/nios2eds/bin/gnu/H-i686-pc-linux-gnu/bin/../lib/gcc/nios2-elf/4.1.2/../../../../nios2-elf/lib/libc.a(lib_a-strcmp.o)
 .debug_aranges
                0x00000388       0x20 /opt/altera/11.1/nios2eds/bin/gnu/H-i686-pc-linux-gnu/bin/../lib/gcc/nios2-elf/4.1.2/../../../../nios2-elf/lib/libc.a(lib_a-writer.o)
 .debug_aranges
                0x000003a8       0x20 /opt/altera/11.1/nios2eds/bin/gnu/H-i686-pc-linux-gnu/bin/../lib/gcc/nios2-elf/4.1.2/../../../../nios2-elf/lib/libc.a(lib_a-callocr.o)
 .debug_aranges
                0x000003c8       0x20 /opt/altera/11.1/nios2eds/bin/gnu/H-i686-pc-linux-gnu/bin/../lib/gcc/nios2-elf/4.1.2/../../../../nios2-elf/lib/libc.a(lib_a-closer.o)
 .debug_aranges
                0x000003e8       0x20 /opt/altera/11.1/nios2eds/bin/gnu/H-i686-pc-linux-gnu/bin/../lib/gcc/nios2-elf/4.1.2/../../../../nios2-elf/lib/libc.a(lib_a-fclose.o)
 .debug_aranges
                0x00000408       0x20 /opt/altera/11.1/nios2eds/bin/gnu/H-i686-pc-linux-gnu/bin/../lib/gcc/nios2-elf/4.1.2/../../../../nios2-elf/lib/libc.a(lib_a-fstatr.o)
 .debug_aranges
                0x00000428       0x20 /opt/altera/11.1/nios2eds/bin/gnu/H-i686-pc-linux-gnu/bin/../lib/gcc/nios2-elf/4.1.2/../../../../nios2-elf/lib/libc.a(lib_a-isattyr.o)
 .debug_aranges
                0x00000448       0x20 /opt/altera/11.1/nios2eds/bin/gnu/H-i686-pc-linux-gnu/bin/../lib/gcc/nios2-elf/4.1.2/../../../../nios2-elf/lib/libc.a(lib_a-lseekr.o)
 .debug_aranges
                0x00000468       0x20 /opt/altera/11.1/nios2eds/bin/gnu/H-i686-pc-linux-gnu/bin/../lib/gcc/nios2-elf/4.1.2/../../../../nios2-elf/lib/libc.a(lib_a-readr.o)
 .debug_aranges
                0x00000488       0x20 /opt/altera/11.1/nios2eds/bin/gnu/H-i686-pc-linux-gnu/bin/../lib/gcc/nios2-elf/4.1.2/libgcc.a(_udivdi3.o)
 .debug_aranges
                0x000004a8       0x20 /opt/altera/11.1/nios2eds/bin/gnu/H-i686-pc-linux-gnu/bin/../lib/gcc/nios2-elf/4.1.2/libgcc.a(_umoddi3.o)
 .debug_aranges
                0x000004c8       0x20 /opt/altera/11.1/nios2eds/bin/gnu/H-i686-pc-linux-gnu/bin/../lib/gcc/nios2-elf/4.1.2/libgcc.a(_addsub_df.o)
 .debug_aranges
                0x000004e8       0x20 /opt/altera/11.1/nios2eds/bin/gnu/H-i686-pc-linux-gnu/bin/../lib/gcc/nios2-elf/4.1.2/libgcc.a(_mul_df.o)
 .debug_aranges
                0x00000508       0x20 /opt/altera/11.1/nios2eds/bin/gnu/H-i686-pc-linux-gnu/bin/../lib/gcc/nios2-elf/4.1.2/libgcc.a(_div_df.o)
 .debug_aranges
                0x00000528       0x20 /opt/altera/11.1/nios2eds/bin/gnu/H-i686-pc-linux-gnu/bin/../lib/gcc/nios2-elf/4.1.2/libgcc.a(_eq_df.o)
 .debug_aranges
                0x00000548       0x20 /opt/altera/11.1/nios2eds/bin/gnu/H-i686-pc-linux-gnu/bin/../lib/gcc/nios2-elf/4.1.2/libgcc.a(_ne_df.o)
 .debug_aranges
                0x00000568       0x20 /opt/altera/11.1/nios2eds/bin/gnu/H-i686-pc-linux-gnu/bin/../lib/gcc/nios2-elf/4.1.2/libgcc.a(_gt_df.o)
 .debug_aranges
                0x00000588       0x20 /opt/altera/11.1/nios2eds/bin/gnu/H-i686-pc-linux-gnu/bin/../lib/gcc/nios2-elf/4.1.2/libgcc.a(_ge_df.o)
 .debug_aranges
                0x000005a8       0x20 /opt/altera/11.1/nios2eds/bin/gnu/H-i686-pc-linux-gnu/bin/../lib/gcc/nios2-elf/4.1.2/libgcc.a(_lt_df.o)
 .debug_aranges
                0x000005c8       0x20 /opt/altera/11.1/nios2eds/bin/gnu/H-i686-pc-linux-gnu/bin/../lib/gcc/nios2-elf/4.1.2/libgcc.a(_si_to_df.o)
 .debug_aranges
                0x000005e8       0x20 /opt/altera/11.1/nios2eds/bin/gnu/H-i686-pc-linux-gnu/bin/../lib/gcc/nios2-elf/4.1.2/libgcc.a(_df_to_si.o)
 .debug_aranges
                0x00000608       0x20 /opt/altera/11.1/nios2eds/bin/gnu/H-i686-pc-linux-gnu/bin/../lib/gcc/nios2-elf/4.1.2/libgcc.a(_usi_to_df.o)
 .debug_aranges
                0x00000628       0x20 /opt/altera/11.1/nios2eds/bin/gnu/H-i686-pc-linux-gnu/bin/../lib/gcc/nios2-elf/4.1.2/libgcc.a(lib2-divmod.o)
 .debug_aranges
                0x00000648       0x20 /opt/altera/11.1/nios2eds/bin/gnu/H-i686-pc-linux-gnu/bin/../lib/gcc/nios2-elf/4.1.2/libgcc.a(_muldi3.o)
 .debug_aranges
                0x00000668       0x20 /opt/altera/11.1/nios2eds/bin/gnu/H-i686-pc-linux-gnu/bin/../lib/gcc/nios2-elf/4.1.2/libgcc.a(_clzsi2.o)
 .debug_aranges
                0x00000688       0x20 /opt/altera/11.1/nios2eds/bin/gnu/H-i686-pc-linux-gnu/bin/../lib/gcc/nios2-elf/4.1.2/libgcc.a(_pack_df.o)
 .debug_aranges
                0x000006a8       0x20 /opt/altera/11.1/nios2eds/bin/gnu/H-i686-pc-linux-gnu/bin/../lib/gcc/nios2-elf/4.1.2/libgcc.a(_unpack_df.o)
 .debug_aranges
                0x000006c8       0x20 /opt/altera/11.1/nios2eds/bin/gnu/H-i686-pc-linux-gnu/bin/../lib/gcc/nios2-elf/4.1.2/libgcc.a(_fpcmp_parts_df.o)
 .debug_aranges
                0x000006e8       0x20 ../de0_vga_qsys_bsp//libhal_bsp.a(alt_close.o)
 .debug_aranges
                0x00000708       0x20 ../de0_vga_qsys_bsp//libhal_bsp.a(alt_dev.o)
 .debug_aranges
                0x00000728       0x20 ../de0_vga_qsys_bsp//libhal_bsp.a(alt_fstat.o)
 .debug_aranges
                0x00000748       0x20 ../de0_vga_qsys_bsp//libhal_bsp.a(alt_isatty.o)
 .debug_aranges
                0x00000768       0x20 ../de0_vga_qsys_bsp//libhal_bsp.a(alt_load.o)
 .debug_aranges
                0x00000788       0x20 ../de0_vga_qsys_bsp//libhal_bsp.a(alt_lseek.o)
 .debug_aranges
                0x000007a8       0x20 ../de0_vga_qsys_bsp//libhal_bsp.a(alt_main.o)
 .debug_aranges
                0x000007c8       0x20 ../de0_vga_qsys_bsp//libhal_bsp.a(alt_malloc_lock.o)
 .debug_aranges
                0x000007e8       0x20 ../de0_vga_qsys_bsp//libhal_bsp.a(alt_read.o)
 .debug_aranges
                0x00000808       0x20 ../de0_vga_qsys_bsp//libhal_bsp.a(alt_release_fd.o)
 .debug_aranges
                0x00000828       0x20 ../de0_vga_qsys_bsp//libhal_bsp.a(alt_sbrk.o)
 .debug_aranges
                0x00000848       0x20 ../de0_vga_qsys_bsp//libhal_bsp.a(alt_write.o)
 .debug_aranges
                0x00000868       0x20 ../de0_vga_qsys_bsp//libhal_bsp.a(alt_sys_init.o)
 .debug_aranges
                0x00000888       0x20 ../de0_vga_qsys_bsp//libhal_bsp.a(altera_avalon_jtag_uart_fd.o)
 .debug_aranges
                0x000008a8       0x20 ../de0_vga_qsys_bsp//libhal_bsp.a(altera_avalon_jtag_uart_init.o)
 .debug_aranges
                0x000008c8       0x20 ../de0_vga_qsys_bsp//libhal_bsp.a(altera_avalon_jtag_uart_ioctl.o)
 .debug_aranges
                0x000008e8       0x20 ../de0_vga_qsys_bsp//libhal_bsp.a(altera_avalon_jtag_uart_read.o)
 .debug_aranges
                0x00000908       0x20 ../de0_vga_qsys_bsp//libhal_bsp.a(altera_avalon_jtag_uart_write.o)
 .debug_aranges
                0x00000928       0x20 ../de0_vga_qsys_bsp//libhal_bsp.a(alt_alarm_start.o)
 .debug_aranges
                0x00000948       0x20 ../de0_vga_qsys_bsp//libhal_bsp.a(alt_dcache_flush_all.o)
 .debug_aranges
                0x00000968       0x20 ../de0_vga_qsys_bsp//libhal_bsp.a(alt_dev_llist_insert.o)
 .debug_aranges
                0x00000988       0x20 ../de0_vga_qsys_bsp//libhal_bsp.a(alt_do_ctors.o)
 .debug_aranges
                0x000009a8       0x20 ../de0_vga_qsys_bsp//libhal_bsp.a(alt_do_dtors.o)
 .debug_aranges
                0x000009c8       0x20 ../de0_vga_qsys_bsp//libhal_bsp.a(alt_icache_flush_all.o)
 .debug_aranges
                0x000009e8       0x20 ../de0_vga_qsys_bsp//libhal_bsp.a(alt_iic.o)
 .debug_aranges
                0x00000a08       0x20 ../de0_vga_qsys_bsp//libhal_bsp.a(alt_iic_isr_register.o)
 .debug_aranges
                0x00000a28       0x20 ../de0_vga_qsys_bsp//libhal_bsp.a(alt_io_redirect.o)
 .debug_aranges
                0x00000a48       0x30 ../de0_vga_qsys_bsp//libhal_bsp.a(alt_irq_entry.o)
 .debug_aranges
                0x00000a78       0x28 ../de0_vga_qsys_bsp//libhal_bsp.a(alt_irq_handler.o)
 .debug_aranges
                0x00000aa0       0x20 ../de0_vga_qsys_bsp//libhal_bsp.a(alt_open.o)
 .debug_aranges
                0x00000ac0       0x20 ../de0_vga_qsys_bsp//libhal_bsp.a(alt_tick.o)
 .debug_aranges
                0x00000ae0       0x20 ../de0_vga_qsys_bsp//libhal_bsp.a(altera_nios2_qsys_irq.o)
 .debug_aranges
                0x00000b00       0x38 ../de0_vga_qsys_bsp//libhal_bsp.a(alt_exception_entry.o)
 .debug_aranges
                0x00000b38       0x20 ../de0_vga_qsys_bsp//libhal_bsp.a(alt_find_dev.o)
 .debug_aranges
                0x00000b58       0x20 ../de0_vga_qsys_bsp//libhal_bsp.a(alt_find_file.o)
 .debug_aranges
                0x00000b78       0x20 ../de0_vga_qsys_bsp//libhal_bsp.a(alt_get_fd.o)
 .debug_aranges
                0x00000b98       0x20 ../de0_vga_qsys_bsp//libhal_bsp.a(alt_icache_flush.o)
 .debug_aranges
                0x00000bb8       0x20 /opt/altera/11.1/nios2eds/bin/gnu/H-i686-pc-linux-gnu/bin/../lib/gcc/nios2-elf/4.1.2/../../../../nios2-elf/lib/libc.a(lib_a-atexit.o)
 .debug_aranges
                0x00000bd8       0x20 /opt/altera/11.1/nios2eds/bin/gnu/H-i686-pc-linux-gnu/bin/../lib/gcc/nios2-elf/4.1.2/../../../../nios2-elf/lib/libc.a(lib_a-exit.o)
 .debug_aranges
                0x00000bf8       0x20 /opt/altera/11.1/nios2eds/bin/gnu/H-i686-pc-linux-gnu/bin/../lib/gcc/nios2-elf/4.1.2/../../../../nios2-elf/lib/libc.a(lib_a-memcmp.o)
 .debug_aranges
                0x00000c18       0x20 /opt/altera/11.1/nios2eds/bin/gnu/H-i686-pc-linux-gnu/bin/../lib/gcc/nios2-elf/4.1.2/../../../../nios2-elf/lib/libc.a(lib_a-__atexit.o)
 .debug_aranges
                0x00000c38       0x20 /opt/altera/11.1/nios2eds/bin/gnu/H-i686-pc-linux-gnu/bin/../lib/gcc/nios2-elf/4.1.2/../../../../nios2-elf/lib/libc.a(lib_a-__call_atexit.o)
 .debug_aranges
                0x00000c58       0x20 ../de0_vga_qsys_bsp//libhal_bsp.a(alt_exit.o)

.debug_pubnames
                0x00000000     0x1322
 *(.debug_pubnames)
 .debug_pubnames
                0x00000000       0x1b obj/default/hello_world.o
 .debug_pubnames