Archive member included because of file (symbol)

/opt/altera/11.1/nios2eds/bin/gnu/H-i686-pc-linux-gnu/bin/../lib/gcc/nios2-elf/4.1.2/../../../../nios2-elf/lib/libc.a(lib_a-malloc.o)
                              obj/default/main.o (malloc)
/opt/altera/11.1/nios2eds/bin/gnu/H-i686-pc-linux-gnu/bin/../lib/gcc/nios2-elf/4.1.2/../../../../nios2-elf/lib/libc.a(lib_a-mallocr.o)
                              /opt/altera/11.1/nios2eds/bin/gnu/H-i686-pc-linux-gnu/bin/../lib/gcc/nios2-elf/4.1.2/../../../../nios2-elf/lib/libc.a(lib_a-malloc.o) (_malloc_r)
/opt/altera/11.1/nios2eds/bin/gnu/H-i686-pc-linux-gnu/bin/../lib/gcc/nios2-elf/4.1.2/../../../../nios2-elf/lib/libc.a(lib_a-memset.o)
                              obj/default/main.o (memset)
/opt/altera/11.1/nios2eds/bin/gnu/H-i686-pc-linux-gnu/bin/../lib/gcc/nios2-elf/4.1.2/../../../../nios2-elf/lib/libc.a(lib_a-printf.o)
                              obj/default/main.o (printf)
/opt/altera/11.1/nios2eds/bin/gnu/H-i686-pc-linux-gnu/bin/../lib/gcc/nios2-elf/4.1.2/../../../../nios2-elf/lib/libc.a(lib_a-puts.o)
                              obj/default/main.o (puts)
/opt/altera/11.1/nios2eds/bin/gnu/H-i686-pc-linux-gnu/bin/../lib/gcc/nios2-elf/4.1.2/../../../../nios2-elf/lib/libc.a(lib_a-sbrkr.o)
                              /opt/altera/11.1/nios2eds/bin/gnu/H-i686-pc-linux-gnu/bin/../lib/gcc/nios2-elf/4.1.2/../../../../nios2-elf/lib/libc.a(lib_a-mallocr.o) (_sbrk_r)
/opt/altera/11.1/nios2eds/bin/gnu/H-i686-pc-linux-gnu/bin/../lib/gcc/nios2-elf/4.1.2/../../../../nios2-elf/lib/libc.a(lib_a-scanf.o)
                              obj/default/main.o (scanf)
/opt/altera/11.1/nios2eds/bin/gnu/H-i686-pc-linux-gnu/bin/../lib/gcc/nios2-elf/4.1.2/../../../../nios2-elf/lib/libc.a(lib_a-strlen.o)
                              /opt/altera/11.1/nios2eds/bin/gnu/H-i686-pc-linux-gnu/bin/../lib/gcc/nios2-elf/4.1.2/../../../../nios2-elf/lib/libc.a(lib_a-puts.o) (strlen)
/opt/altera/11.1/nios2eds/bin/gnu/H-i686-pc-linux-gnu/bin/../lib/gcc/nios2-elf/4.1.2/../../../../nios2-elf/lib/libc.a(lib_a-vfprintf.o)
                              /opt/altera/11.1/nios2eds/bin/gnu/H-i686-pc-linux-gnu/bin/../lib/gcc/nios2-elf/4.1.2/../../../../nios2-elf/lib/libc.a(lib_a-printf.o) (___vfprintf_internal_r)
/opt/altera/11.1/nios2eds/bin/gnu/H-i686-pc-linux-gnu/bin/../lib/gcc/nios2-elf/4.1.2/../../../../nios2-elf/lib/libc.a(lib_a-vfscanf.o)
                              /opt/altera/11.1/nios2eds/bin/gnu/H-i686-pc-linux-gnu/bin/../lib/gcc/nios2-elf/4.1.2/../../../../nios2-elf/lib/libc.a(lib_a-scanf.o) (__svfscanf_r)
/opt/altera/11.1/nios2eds/bin/gnu/H-i686-pc-linux-gnu/bin/../lib/gcc/nios2-elf/4.1.2/../../../../nios2-elf/lib/libc.a(lib_a-wsetup.o)
                              /opt/altera/11.1/nios2eds/bin/gnu/H-i686-pc-linux-gnu/bin/../lib/gcc/nios2-elf/4.1.2/../../../../nios2-elf/lib/libc.a(lib_a-vfprintf.o) (__swsetup_r)
/opt/altera/11.1/nios2eds/bin/gnu/H-i686-pc-linux-gnu/bin/../lib/gcc/nios2-elf/4.1.2/../../../../nios2-elf/lib/libc.a(lib_a-ctype_.o)
                              /opt/altera/11.1/nios2eds/bin/gnu/H-i686-pc-linux-gnu/bin/../lib/gcc/nios2-elf/4.1.2/../../../../nios2-elf/lib/libc.a(lib_a-vfscanf.o) (__ctype_ptr)
/opt/altera/11.1/nios2eds/bin/gnu/H-i686-pc-linux-gnu/bin/../lib/gcc/nios2-elf/4.1.2/../../../../nios2-elf/lib/libc.a(lib_a-dtoa.o)
                              /opt/altera/11.1/nios2eds/bin/gnu/H-i686-pc-linux-gnu/bin/../lib/gcc/nios2-elf/4.1.2/../../../../nios2-elf/lib/libc.a(lib_a-vfprintf.o) (_dtoa_r)
/opt/altera/11.1/nios2eds/bin/gnu/H-i686-pc-linux-gnu/bin/../lib/gcc/nios2-elf/4.1.2/../../../../nios2-elf/lib/libc.a(lib_a-fflush.o)
                              /opt/altera/11.1/nios2eds/bin/gnu/H-i686-pc-linux-gnu/bin/../lib/gcc/nios2-elf/4.1.2/../../../../nios2-elf/lib/libc.a(lib_a-vfprintf.o) (_fflush_r)
/opt/altera/11.1/nios2eds/bin/gnu/H-i686-pc-linux-gnu/bin/../lib/gcc/nios2-elf/4.1.2/../../../../nios2-elf/lib/libc.a(lib_a-findfp.o)
                              /opt/altera/11.1/nios2eds/bin/gnu/H-i686-pc-linux-gnu/bin/../lib/gcc/nios2-elf/4.1.2/../../../../nios2-elf/lib/libc.a(lib_a-vfprintf.o) (__sinit)
/opt/altera/11.1/nios2eds/bin/gnu/H-i686-pc-linux-gnu/bin/../lib/gcc/nios2-elf/4.1.2/../../../../nios2-elf/lib/libc.a(lib_a-fread.o)
                              /opt/altera/11.1/nios2eds/bin/gnu/H-i686-pc-linux-gnu/bin/../lib/gcc/nios2-elf/4.1.2/../../../../nios2-elf/lib/libc.a(lib_a-vfscanf.o) (fread)
/opt/altera/11.1/nios2eds/bin/gnu/H-i686-pc-linux-gnu/bin/../lib/gcc/nios2-elf/4.1.2/../../../../nios2-elf/lib/libc.a(lib_a-freer.o)
                              /opt/altera/11.1/nios2eds/bin/gnu/H-i686-pc-linux-gnu/bin/../lib/gcc/nios2-elf/4.1.2/../../../../nios2-elf/lib/libc.a(lib_a-malloc.o) (_free_r)
/opt/altera/11.1/nios2eds/bin/gnu/H-i686-pc-linux-gnu/bin/../lib/gcc/nios2-elf/4.1.2/../../../../nios2-elf/lib/libc.a(lib_a-fvwrite.o)
[...]
Memory Configuration

Name             Origin             Length             Attributes
reset            0x00800000         0x00000020
sdram_0          0x00800020         0x007fffe0
*default*        0x00000000         0xffffffff

Linker script and memory map

LOAD ../../hw/de0_vga_qsys/software/de0_vga_qsys_bsp//obj/HAL/src/crt0.o
LOAD obj/default/main.o
LOAD ../de0_vga_driver/libde0_vga_driver.a
LOAD /opt/altera/11.1/nios2eds/bin/gnu/H-i686-pc-linux-gnu/bin/../lib/gcc/nios2-elf/4.1.2/../../../../nios2-elf/lib/libstdc++.a
LOAD /opt/altera/11.1/nios2eds/bin/gnu/H-i686-pc-linux-gnu/bin/../lib/gcc/nios2-elf/4.1.2/../../../../nios2-elf/lib/libm.a
LOAD /opt/altera/11.1/nios2eds/bin/gnu/H-i686-pc-linux-gnu/bin/../lib/gcc/nios2-elf/4.1.2/libgcc.a
START GROUP
LOAD /opt/altera/11.1/nios2eds/bin/gnu/H-i686-pc-linux-gnu/bin/../lib/gcc/nios2-elf/4.1.2/../../../../nios2-elf/lib/libc.a
LOAD /opt/altera/11.1/nios2eds/bin/gnu/H-i686-pc-linux-gnu/bin/../lib/gcc/nios2-elf/4.1.2/libgcc.a
LOAD ../../hw/de0_vga_qsys/software/de0_vga_qsys_bsp//libhal_bsp.a
END GROUP
LOAD /opt/altera/11.1/nios2eds/bin/gnu/H-i686-pc-linux-gnu/bin/../lib/gcc/nios2-elf/4.1.2/libgcc.a
                0x00800000                __alt_mem_sdram_0 = 0x800000

.entry          0x00800000       0x20
 *(.entry)
 .entry         0x00800000       0x20 ../../hw/de0_vga_qsys/software/de0_vga_qsys_bsp//obj/HAL/src/crt0.o
                0x00800000                __reset

.exceptions     0x00800020      0x194
                0x00800020                PROVIDE (__ram_exceptions_start, ABSOLUTE (.))
                0x00800020                . = ALIGN (0x20)
 *(.irq)
 *(.exceptions.entry.label)
 .exceptions.entry.label
                0x00800020        0x0 ../../hw/de0_vga_qsys/software/de0_vga_qsys_bsp//libhal_bsp.a(alt_irq_entry.o)
                0x00800020                alt_irq_entry
 .exceptions.entry.label
                0x00800020        0x0 ../../hw/de0_vga_qsys/software/de0_vga_qsys_bsp//libhal_bsp.a(alt_exception_entry.o)
                0x00800020                alt_exception
 *(.exceptions.entry.user)
 *(.exceptions.entry)
 .exceptions.entry
                0x00800020       0x54 ../../hw/de0_vga_qsys/software/de0_vga_qsys_bsp//libhal_bsp.a(alt_exception_entry.o)
 *(.exceptions.irqtest.user)
 *(.exceptions.irqtest)
 .exceptions.irqtest
                0x00800074       0x10 ../../hw/de0_vga_qsys/software/de0_vga_qsys_bsp//libhal_bsp.a(alt_irq_entry.o)
 *(.exceptions.irqhandler.user)
 *(.exceptions.irqhandler)
 .exceptions.irqhandler
                0x00800084        0x4 ../../hw/de0_vga_qsys/software/de0_vga_qsys_bsp//libhal_bsp.a(alt_irq_entry.o)
 *(.exceptions.irqreturn.user)
 *(.exceptions.irqreturn)
 .exceptions.irqreturn
                0x00800088        0x4 ../../hw/de0_vga_qsys/software/de0_vga_qsys_bsp//libhal_bsp.a(alt_irq_entry.o)
 *(.exceptions.notirq.label)
 .exceptions.notirq.label
                0x0080008c        0x0 ../../hw/de0_vga_qsys/software/de0_vga_qsys_bsp//libhal_bsp.a(alt_irq_entry.o)
 *(.exceptions.notirq.user)
 *(.exceptions.notirq)
 .exceptions.notirq
                0x0080008c        0x8 ../../hw/de0_vga_qsys/software/de0_vga_qsys_bsp//libhal_bsp.a(alt_exception_entry.o)
 *(.exceptions.soft.user)
 *(.exceptions.soft)
 *(.exceptions.unknown.user)
 *(.exceptions.unknown)
 .exceptions.unknown
                0x00800094        0x4 ../../hw/de0_vga_qsys/software/de0_vga_qsys_bsp//libhal_bsp.a(alt_exception_entry.o)
 *(.exceptions.exit.label)
 .exceptions.exit.label
                0x00800098        0x0 ../../hw/de0_vga_qsys/software/de0_vga_qsys_bsp//libhal_bsp.a(alt_irq_entry.o)
 .exceptions.exit.label
                0x00800098        0x0 ../../hw/de0_vga_qsys/software/de0_vga_qsys_bsp//libhal_bsp.a(alt_exception_entry.o)
 *(.exceptions.exit.user)
 *(.exceptions.exit)
 .exceptions.exit
                0x00800098       0x54 ../../hw/de0_vga_qsys/software/de0_vga_qsys_bsp//libhal_bsp.a(alt_exception_entry.o)
 *(.exceptions)
 .exceptions    0x008000ec       0xc8 ../../hw/de0_vga_qsys/software/de0_vga_qsys_bsp//libhal_bsp.a(alt_irq_handler.o)
                0x008000ec                alt_irq_handler
                0x008001b4                PROVIDE (__ram_exceptions_end, ABSOLUTE (.))
                0x00800020                PROVIDE (__flash_exceptions_start, LOADADDR (.exceptions))

.text           0x008001b4    0x11970
                0x008001b4                PROVIDE (stext, ABSOLUTE (.))
 *(.interp)
 *(.hash)
 *(.dynsym)
 *(.dynstr)
 *(.gnu.version)
 *(.gnu.version_d)
 *(.gnu.version_r)
 *(.rel.init)
 *(.rela.init)
 *(.rel.text .rel.text.* .rel.gnu.linkonce.t.*)
 *(.rela.text .rela.text.* .rela.gnu.linkonce.t.*)
 *(.rel.fini)
 *(.rela.fini)
 *(.rel.rodata .rel.rodata.* .rel.gnu.linkonce.r.*)
 *(.rela.rodata .rela.rodata.* .rela.gnu.linkonce.r.*)
 *(.rel.data .rel.data.* .rel.gnu.linkonce.d.*)
 *(.rela.data .rela.data.* .rela.gnu.linkonce.d.*)
 *(.rel.tdata .rel.tdata.* .rel.gnu.linkonce.td.*)
 *(.rela.tdata .rela.tdata.* .rela.gnu.linkonce.td.*)
 *(.rel.tbss .rel.tbss.* .rel.gnu.linkonce.tb.*)
 *(.rela.tbss .rela.tbss.* .rela.gnu.linkonce.tb.*)
 *(.rel.ctors)
 *(.rela.ctors)
 *(.rel.dtors)
 *(.rela.dtors)
 *(.rel.got)
 *(.rela.got)
 *(.rel.sdata .rel.sdata.* .rel.gnu.linkonce.s.*)
 *(.rela.sdata .rela.sdata.* .rela.gnu.linkonce.s.*)
 *(.rel.sbss .rel.sbss.* .rel.gnu.linkonce.sb.*)
 *(.rela.sbss .rela.sbss.* .rela.gnu.linkonce.sb.*)
 *(.rel.sdata2 .rel.sdata2.* .rel.gnu.linkonce.s2.*)
 *(.rela.sdata2 .rela.sdata2.* .rela.gnu.linkonce.s2.*)
 *(.rel.sbss2 .rel.sbss2.* .rel.gnu.linkonce.sb2.*)
 *(.rela.sbss2 .rela.sbss2.* .rela.gnu.linkonce.sb2.*)
 *(.rel.bss .rel.bss.* .rel.gnu.linkonce.b.*)
 *(.rela.bss .rela.bss.* .rela.gnu.linkonce.b.*)
 *(.rel.plt)
 *(.rela.plt)
 *(.rel.dyn)
 *(.init)
 *(.plt)
 *(.text .stub .text.* .gnu.linkonce.t.*)
 .text          0x008001b4       0x3c ../../hw/de0_vga_qsys/software/de0_vga_qsys_bsp//obj/HAL/src/crt0.o
                0x008001b4                _start
 .text          0x008001f0      0x3dc obj/default/main.o
                0x008001f0                main
 .text          0x008005cc       0x28 /opt/altera/11.1/nios2eds/bin/gnu/H-i686-pc-linux-gnu/bin/../lib/gcc/nios2-elf/4.1.2/../../../../nios2-elf/lib/libc.a(lib_a-malloc.o)
                0x008005cc                free
                0x008005e0                malloc
 .text          0x008005f4      0x740 /opt/altera/11.1/nios2eds/bin/gnu/H-i686-pc-linux-gnu/bin/../lib/gcc/nios2-elf/4.1.2/../../../../nios2-elf/lib/libc.a(lib_a-mallocr.o)
                0x008005f4                _malloc_r
 .text          0x00800d34       0x98 /opt/altera/11.1/nios2eds/bin/gnu/H-i686-pc-linux-gnu/bin/../lib/gcc/nios2-elf/4.1.2/../../../../nios2-elf/lib/libc.a(lib_a-memset.o)
                0x00800d34                memset
 .text          0x00800dcc       0x78 /opt/altera/11.1/nios2eds/bin/gnu/H-i686-pc-linux-gnu/bin/../lib/gcc/nios2-elf/4.1.2/../../../../nios2-elf/lib/libc.a(lib_a-printf.o)
                0x00800dcc                printf
                0x00800e10                _printf_r
 .text          0x00800e44       0xb4 /opt/altera/11.1/nios2eds/bin/gnu/H-i686-pc-linux-gnu/bin/../lib/gcc/nios2-elf/4.1.2/../../../../nios2-elf/lib/libc.a(lib_a-puts.o)
                0x00800e44                _puts_r
                0x00800ee4                puts
 .text          0x00800ef8       0x70 /opt/altera/11.1/nios2eds/bin/gnu/H-i686-pc-linux-gnu/bin/../lib/gcc/nios2-elf/4.1.2/../../../../nios2-elf/lib/libc.a(lib_a-sbrkr.o)
                0x00800ef8                _sbrk_r
 .text          0x00800f68       0x7c /opt/altera/11.1/nios2eds/bin/gnu/H-i686-pc-linux-gnu/bin/../lib/gcc/nios2-elf/4.1.2/../../../../nios2-elf/lib/libc.a(lib_a-scanf.o)
                0x00800f68                _scanf_r
                0x00800f9c                scanf
 .text          0x00800fe4       0x74 /opt/altera/11.1/nios2eds/bin/gnu/H-i686-pc-linux-gnu/bin/../lib/gcc/nios2-elf/4.1.2/../../../../nios2-elf/lib/libc.a(lib_a-strlen.o)
                0x00800fe4                strlen
 .text          0x00801058     0x1f28 /opt/altera/11.1/nios2eds/bin/gnu/H-i686-pc-linux-gnu/bin/../lib/gcc/nios2-elf/4.1.2/../../../../nios2-elf/lib/libc.a(lib_a-vfprintf.o)
                0x008010b0                ___vfprintf_internal_r
                0x00802f5c                __vfprintf_internal
 .text          0x00802f80     0x1780 /opt/altera/11.1/nios2eds/bin/gnu/H-i686-pc-linux-gnu/bin/../lib/gcc/nios2-elf/4.1.2/../../../../nios2-elf/lib/libc.a(lib_a-vfscanf.o)
                0x00802f80                __svfscanf_r
                0x00804600                __svfscanf
                0x00804624                _vfscanf_r
                0x0080468c                vfscanf
 .text          0x00804700      0x13c /opt/altera/11.1/nios2eds/bin/gnu/H-i686-pc-linux-gnu/bin/../lib/gcc/nios2-elf/4.1.2/../../../../nios2-elf/lib/libc.a(lib_a-wsetup.o)
                0x00804700                __swsetup_r
 .text          0x0080483c        0x0 /opt/altera/11.1/nios2eds/bin/gnu/H-i686-pc-linux-gnu/bin/../lib/gcc/nios2-elf/4.1.2/../../../../nios2-elf/lib/libc.a(lib_a-ctype_.o)
 .text          0x0080483c     0x17cc /opt/altera/11.1/nios2eds/bin/gnu/H-i686-pc-linux-gnu/bin/../lib/gcc/nios2-elf/4.1.2/../../../../nios2-elf/lib/libc.a(lib_a-dtoa.o)
                0x00804a54                _dtoa_r
 .text          0x00806008      0x230 /opt/altera/11.1/nios2eds/bin/gnu/H-i686-pc-linux-gnu/bin/../lib/gcc/nios2-elf/4.1.2/../../../../nios2-elf/lib/libc.a(lib_a-fflush.o)
                0x00806008                _fflush_r
                0x00806204                fflush
 .text          0x00806238      0x2c0 /opt/altera/11.1/nios2eds/bin/gnu/H-i686-pc-linux-gnu/bin/../lib/gcc/nios2-elf/4.1.2/../../../../nios2-elf/lib/libc.a(lib_a-findfp.o)
                0x00806290                __sfp_lock_acquire
                0x00806294                __sfp_lock_release
                0x00806298                __sinit_lock_acquire
                0x0080629c                __sinit_lock_release
                0x008062a0                __sinit
                0x00806354                __fp_unlock_all
                0x0080636c                __fp_lock_all
                0x00806384                _cleanup_r
                0x00806390                _cleanup
                0x008063a0                __sfmoreglue
                0x00806408                __sfp
 .text          0x008064f8      0x23c /opt/altera/11.1/nios2eds/bin/gnu/H-i686-pc-linux-gnu/bin/../lib/gcc/nios2-elf/4.1.2/../../../../nios2-elf/lib/libc.a(lib_a-fread.o)
                0x008064f8                _fread_r
                0x008066f4                fread
 .text          0x00806734      0x440 /opt/altera/11.1/nios2eds/bin/gnu/H-i686-pc-linux-gnu/bin/../lib/gcc/nios2-elf/4.1.2/../../../../nios2-elf/lib/libc.a(lib_a-freer.o)
                0x00806734                _malloc_trim_r
                0x00806860                _free_r
 .text          0x00806b74      0x49c /opt/altera/11.1/nios2eds/bin/gnu/H-i686-pc-linux-gnu/bin/../lib/gcc/nios2-elf/4.1.2/../../../../nios2-elf/lib/libc.a(lib_a-fvwrite.o)
                0x00806b74                __sfvwrite_r
 .text          0x00807010      0x180 /opt/altera/11.1/nios2eds/bin/gnu/H-i686-pc-linux-gnu/bin/../lib/gcc/nios2-elf/4.1.2/../../../../nios2-elf/lib/libc.a(lib_a-fwalk.o)
                0x00807010                _fwalk_reent
                0x008070d8                _fwalk
 .text          0x00807190        0x0 /opt/altera/11.1/nios2eds/bin/gnu/H-i686-pc-linux-gnu/bin/../lib/gcc/nios2-elf/4.1.2/../../../../nios2-elf/lib/libc.a(lib_a-impure.o)
 .text          0x00807190        0x0 /opt/altera/11.1/nios2eds/bin/gnu/H-i686-pc-linux-gnu/bin/../lib/gcc/nios2-elf/4.1.2/../../../../nios2-elf/lib/libc.a(lib_a-int_errno.o)
 .text          0x00807190       0x2c /opt/altera/11.1/nios2eds/bin/gnu/H-i686-pc-linux-gnu/bin/../lib/gcc/nios2-elf/4.1.2/../../../../nios2-elf/lib/libc.a(lib_a-iswspace.o)
                0x00807190                iswspace
 .text          0x008071bc       0xc4 /opt/altera/11.1/nios2eds/bin/gnu/H-i686-pc-linux-gnu/bin/../lib/gcc/nios2-elf/4.1.2/../../../../nios2-elf/lib/libc.a(lib_a-locale.o)
                0x008071bc                __locale_charset
                0x008071c4                _localeconv_r
                0x008071d0                localeconv
                0x008071e0                _setlocale_r
                0x00807264                setlocale
 .text          0x00807280      0x194 /opt/altera/11.1/nios2eds/bin/gnu/H-i686-pc-linux-gnu/bin/../lib/gcc/nios2-elf/4.1.2/../../../../nios2-elf/lib/libc.a(lib_a-makebuf.o)
                0x00807280                __smakebuf_r
 .text          0x00807414       0xc0 /opt/altera/11.1/nios2eds/bin/gnu/H-i686-pc-linux-gnu/bin/../lib/gcc/nios2-elf/4.1.2/../../../../nios2-elf/lib/libc.a(lib_a-mbrtowc.o)
                0x00807414                _mbrtowc_r
                0x00807494                mbrtowc
 .text          0x008074d4       0x40 /opt/altera/11.1/nios2eds/bin/gnu/H-i686-pc-linux-gnu/bin/../lib/gcc/nios2-elf/4.1.2/../../../../nios2-elf/lib/libc.a(lib_a-mbtowc_r.o)
                0x008074d4                _mbtowc_r
 .text          0x00807514       0xe4 /opt/altera/11.1/nios2eds/bin/gnu/H-i686-pc-linux-gnu/bin/../lib/gcc/nios2-elf/4.1.2/../../../../nios2-elf/lib/libc.a(lib_a-memchr.o)
                0x00807514                memchr
 .text          0x008075f8       0xa0 /opt/altera/11.1/nios2eds/bin/gnu/H-i686-pc-linux-gnu/bin/../lib/gcc/nios2-elf/4.1.2/../../../../nios2-elf/lib/libc.a(lib_a-memcpy.o)
                0x008075f8                memcpy
 .text          0x00807698       0xe0 /opt/altera/11.1/nios2eds/bin/gnu/H-i686-pc-linux-gnu/bin/../lib/gcc/nios2-elf/4.1.2/../../../../nios2-elf/lib/libc.a(lib_a-memmove.o)
                0x00807698                memmove
 .text          0x00807778      0xff4 /opt/altera/11.1/nios2eds/bin/gnu/H-i686-pc-linux-gnu/bin/../lib/gcc/nios2-elf/4.1.2/../../../../nios2-elf/lib/libc.a(lib_a-mprec.o)
                0x00807778                _Bfree
                0x008077a0                __hi0bits
                0x00807810                __lo0bits
                0x008078d4                __mcmp
                0x00807934                __ulp
                0x008079b4                __b2d
                0x00807ad4                __ratio
                0x00807b84                _mprec_log10
                0x00807c18                __copybits
                0x00807c70                __any_on
                0x00807cf8                _Balloc
                0x00807db4                __d2b
                0x00807f30                __mdiff
                0x008080bc                __lshift
                0x00808208                __multiply
                0x008083f0                __i2b
                0x0080842c                __multadd
                0x0080852c                __pow5mult
                0x0080864c                __s2b
 .text          0x0080876c      0x5f4 /opt/altera/11.1/nios2eds/bin/gnu/H-i686-pc-linux-gnu/bin/../lib/gcc/nios2-elf/4.1.2/../../../../nios2-elf/lib/libc.a(lib_a-reallocr.o)
                0x0080876c                _realloc_r
 .text          0x00808d60      0x1e0 /opt/altera/11.1/nios2eds/bin/gnu/H-i686-pc-linux-gnu/bin/../lib/gcc/nios2-elf/4.1.2/../../../../nios2-elf/lib/libc.a(lib_a-refill.o)
                0x00808d60                __srefill_r
 .text          0x00808f40       0x40 /opt/altera/11.1/nios2eds/bin/gnu/H-i686-pc-linux-gnu/bin/../lib/gcc/nios2-elf/4.1.2/../../../../nios2-elf/lib/libc.a(lib_a-s_isinfd.o)
                0x00808f40                __isinfd
 .text          0x00808f80       0x30 /opt/altera/11.1/nios2eds/bin/gnu/H-i686-pc-linux-gnu/bin/../lib/gcc/nios2-elf/4.1.2/../../../../nios2-elf/lib/libc.a(lib_a-s_isnand.o)
                0x00808f80                __isnand
 .text          0x00808fb0       0xc0 /opt/altera/11.1/nios2eds/bin/gnu/H-i686-pc-linux-gnu/bin/../lib/gcc/nios2-elf/4.1.2/../../../../nios2-elf/lib/libc.a(lib_a-sccl.o)
                0x00808fb0                __sccl
 .text          0x00809070        0x8 /opt/altera/11.1/nios2eds/bin/gnu/H-i686-pc-linux-gnu/bin/../lib/gcc/nios2-elf/4.1.2/../../../../nios2-elf/lib/libc.a(lib_a-sf_nan.o)
                0x00809070                nanf
 .text          0x00809078       0xd4 /opt/altera/11.1/nios2eds/bin/gnu/H-i686-pc-linux-gnu/bin/../lib/gcc/nios2-elf/4.1.2/../../../../nios2-elf/lib/libc.a(lib_a-sprintf.o)
                0x00809078                sprintf
                0x008090ec                _sprintf_r
 .text          0x0080914c      0x14c /opt/altera/11.1/nios2eds/bin/gnu/H-i686-pc-linux-gnu/bin/../lib/gcc/nios2-elf/4.1.2/../../../../nios2-elf/lib/libc.a(lib_a-stdio.o)
                0x0080914c                __sclose
                0x00809154                __sseek
                0x008091bc                __swrite
                0x00809238                __sread
 .text          0x00809298       0xbc /opt/altera/11.1/nios2eds/bin/gnu/H-i686-pc-linux-gnu/bin/../lib/gcc/nios2-elf/4.1.2/../../../../nios2-elf/lib/libc.a(lib_a-strcmp.o)
                0x00809298                strcmp
 .text          0x00809354     0x166c /opt/altera/11.1/nios2eds/bin/gnu/H-i686-pc-linux-gnu/bin/../lib/gcc/nios2-elf/4.1.2/../../../../nios2-elf/lib/libc.a(lib_a-strtod.o)
                0x0080939c                _strtod_r
                0x0080a880                strtof
                0x0080a9a4                strtod
 .text          0x0080a9c0      0x268 /opt/altera/11.1/nios2eds/bin/gnu/H-i686-pc-linux-gnu/bin/../lib/gcc/nios2-elf/4.1.2/../../../../nios2-elf/lib/libc.a(lib_a-strtol.o)
                0x0080a9c0                _strtol_r
                0x0080ac04                strtol
 .text          0x0080ac28      0x318 /opt/altera/11.1/nios2eds/bin/gnu/H-i686-pc-linux-gnu/bin/../lib/gcc/nios2-elf/4.1.2/../../../../nios2-elf/lib/libc.a(lib_a-strtoll_r.o)
                0x0080ac28                _strtoll_r
 .text          0x0080af40      0x254 /opt/altera/11.1/nios2eds/bin/gnu/H-i686-pc-linux-gnu/bin/../lib/gcc/nios2-elf/4.1.2/../../../../nios2-elf/lib/libc.a(lib_a-strtoul.o)
                0x0080af40                _strtoul_r
                0x0080b170                strtoul
 .text          0x0080b194      0x2f0 /opt/altera/11.1/nios2eds/bin/gnu/H-i686-pc-linux-gnu/bin/../lib/gcc/nios2-elf/4.1.2/../../../../nios2-elf/lib/libc.a(lib_a-strtoull_r.o)
                0x0080b194                _strtoull_r
 .text          0x0080b484      0x294 /opt/altera/11.1/nios2eds/bin/gnu/H-i686-pc-linux-gnu/bin/../lib/gcc/nios2-elf/4.1.2/../../../../nios2-elf/lib/libc.a(lib_a-ungetc.o)
                0x0080b484                __submore
                0x0080b560                _ungetc_r
                0x0080b6fc                ungetc
 .text          0x0080b718       0x78 /opt/altera/11.1/nios2eds/bin/gnu/H-i686-pc-linux-gnu/bin/../lib/gcc/nios2-elf/4.1.2/../../../../nios2-elf/lib/libc.a(lib_a-writer.o)
                0x0080b718                _write_r
 .text          0x0080b790       0xb4 /opt/altera/11.1/nios2eds/bin/gnu/H-i686-pc-linux-gnu/bin/../lib/gcc/nios2-elf/4.1.2/../../../../nios2-elf/lib/libc.a(lib_a-callocr.o)
                0x0080b790                _calloc_r
 .text          0x0080b844       0x70 /opt/altera/11.1/nios2eds/bin/gnu/H-i686-pc-linux-gnu/bin/../lib/gcc/nios2-elf/4.1.2/../../../../nios2-elf/lib/libc.a(lib_a-closer.o)
                0x0080b844                _close_r
 .text          0x0080b8b4      0x124 /opt/altera/11.1/nios2eds/bin/gnu/H-i686-pc-linux-gnu/bin/../lib/gcc/nios2-elf/4.1.2/../../../../nios2-elf/lib/libc.a(lib_a-fclose.o)
                0x0080b8b4                _fclose_r
                0x0080b9c4                fclose
 .text          0x0080b9d8       0x74 /opt/altera/11.1/nios2eds/bin/gnu/H-i686-pc-linux-gnu/bin/../lib/gcc/nios2-elf/4.1.2/../../../../nios2-elf/lib/libc.a(lib_a-fstatr.o)
                0x0080b9d8                _fstat_r
 .text          0x0080ba4c      0x8f4 /opt/altera/11.1/nios2eds/bin/gnu/H-i686-pc-linux-gnu/bin/../lib/gcc/nios2-elf/4.1.2/../../../../nios2-elf/lib/libc.a(lib_a-gdtoa-gethex.o)
                0x0080ba70                __hexdig_init
                0x0080bb88                __gethex
 .text          0x0080c340      0x294 /opt/altera/11.1/nios2eds/bin/gnu/H-i686-pc-linux-gnu/bin/../lib/gcc/nios2-elf/4.1.2/../../../../nios2-elf/lib/libc.a(lib_a-gdtoa-hexnan.o)
                0x0080c38c                __hexnan
 .text          0x0080c5d4       0x70 /opt/altera/11.1/nios2eds/bin/gnu/H-i686-pc-linux-gnu/bin/../lib/gcc/nios2-elf/4.1.2/../../../../nios2-elf/lib/libc.a(lib_a-isattyr.o)
                0x0080c5d4                _isatty_r
 .text          0x0080c644       0x78 /opt/altera/11.1/nios2eds/bin/gnu/H-i686-pc-linux-gnu/bin/../lib/gcc/nios2-elf/4.1.2/../../../../nios2-elf/lib/libc.a(lib_a-lseekr.o)
                0x0080c644                _lseek_r
 .text          0x0080c6bc       0x78 /opt/altera/11.1/nios2eds/bin/gnu/H-i686-pc-linux-gnu/bin/../lib/gcc/nios2-elf/4.1.2/../../../../nios2-elf/lib/libc.a(lib_a-readr.o)
                0x0080c6bc                _read_r
 .text          0x0080c734       0x98 /opt/altera/11.1/nios2eds/bin/gnu/H-i686-pc-linux-gnu/bin/../lib/gcc/nios2-elf/4.1.2/libgcc.a(_muldi3.o)
                0x0080c734                __muldi3
 .text          0x0080c7cc       0xa4 /opt/altera/11.1/nios2eds/bin/gnu/H-i686-pc-linux-gnu/bin/../lib/gcc/nios2-elf/4.1.2/libgcc.a(_fixunsdfsi.o)
                0x0080c7cc                __fixunsdfsi
 .text          0x0080c870      0x5dc /opt/altera/11.1/nios2eds/bin/gnu/H-i686-pc-linux-gnu/bin/../lib/gcc/nios2-elf/4.1.2/libgcc.a(_udivdi3.o)
                0x0080c870                __udivdi3
 .text          0x0080ce4c      0x5b0 /opt/altera/11.1/nios2eds/bin/gnu/H-i686-pc-linux-gnu/bin/../lib/gcc/nios2-elf/4.1.2/libgcc.a(_umoddi3.o)
                0x0080ce4c                __umoddi3
 .text          0x0080d3fc       0x78 /opt/altera/11.1/nios2eds/bin/gnu/H-i686-pc-linux-gnu/bin/../lib/gcc/nios2-elf/4.1.2/libgcc.a(_ne_sf.o)
                0x0080d3fc                __nesf2
 .text          0x0080d474       0x78 /opt/altera/11.1/nios2eds/bin/gnu/H-i686-pc-linux-gnu/bin/../lib/gcc/nios2-elf/4.1.2/libgcc.a(_gt_sf.o)
                0x0080d474                __gtsf2
 .text          0x0080d4ec       0x78 /opt/altera/11.1/nios2eds/bin/gnu/H-i686-pc-linux-gnu/bin/../lib/gcc/nios2-elf/4.1.2/libgcc.a(_lt_sf.o)
                0x0080d4ec                __ltsf2
 .text          0x0080d564      0x504 /opt/altera/11.1/nios2eds/bin/gnu/H-i686-pc-linux-gnu/bin/../lib/gcc/nios2-elf/4.1.2/libgcc.a(_addsub_df.o)
                0x0080d974                __subdf3
                0x0080d9f4                __adddf3
 .text          0x0080da68      0x3c4 /opt/altera/11.1/nios2eds/bin/gnu/H-i686-pc-linux-gnu/bin/../lib/gcc/nios2-elf/4.1.2/libgcc.a(_mul_df.o)
                0x0080da68                __muldf3
 .text          0x0080de2c      0x258 /opt/altera/11.1/nios2eds/bin/gnu/H-i686-pc-linux-gnu/bin/../lib/gcc/nios2-elf/4.1.2/libgcc.a(_div_df.o)
                0x0080de2c                __divdf3
 .text          0x0080e084       0x88 /opt/altera/11.1/nios2eds/bin/gnu/H-i686-pc-linux-gnu/bin/../lib/gcc/nios2-elf/4.1.2/libgcc.a(_eq_df.o)
                0x0080e084                __eqdf2
 .text          0x0080e10c       0x88 /opt/altera/11.1/nios2eds/bin/gnu/H-i686-pc-linux-gnu/bin/../lib/gcc/nios2-elf/4.1.2/libgcc.a(_ne_df.o)
                0x0080e10c                __nedf2
 .text          0x0080e194       0x88 /opt/altera/11.1/nios2eds/bin/gnu/H-i686-pc-linux-gnu/bin/../lib/gcc/nios2-elf/4.1.2/libgcc.a(_gt_df.o)
                0x0080e194                __gtdf2
 .text          0x0080e21c       0x88 /opt/altera/11.1/nios2eds/bin/gnu/H-i686-pc-linux-gnu/bin/../lib/gcc/nios2-elf/4.1.2/libgcc.a(_ge_df.o)
                0x0080e21c                __gedf2
 .text          0x0080e2a4       0x88 /opt/altera/11.1/nios2eds/bin/gnu/H-i686-pc-linux-gnu/bin/../lib/gcc/nios2-elf/4.1.2/libgcc.a(_lt_df.o)
                0x0080e2a4                __ltdf2
 .text          0x0080e32c       0x88 /opt/altera/11.1/nios2eds/bin/gnu/H-i686-pc-linux-gnu/bin/../lib/gcc/nios2-elf/4.1.2/libgcc.a(_le_df.o)
                0x0080e32c                __ledf2
 .text          0x0080e3b4       0xf8 /opt/altera/11.1/nios2eds/bin/gnu/H-i686-pc-linux-gnu/bin/../lib/gcc/nios2-elf/4.1.2/libgcc.a(_si_to_df.o)
                0x0080e3b4                __floatsidf
 .text          0x0080e4ac       0xd8 /opt/altera/11.1/nios2eds/bin/gnu/H-i686-pc-linux-gnu/bin/../lib/gcc/nios2-elf/4.1.2/libgcc.a(_df_to_si.o)
                0x0080e4ac                __fixdfsi
 .text          0x0080e584       0x74 /opt/altera/11.1/nios2eds/bin/gnu/H-i686-pc-linux-gnu/bin/../lib/gcc/nios2-elf/4.1.2/libgcc.a(_df_to_sf.o)
                0x0080e584                __truncdfsf2
 .text          0x0080e5f8        0x0 /opt/altera/11.1/nios2eds/bin/gnu/H-i686-pc-linux-gnu/bin/../lib/gcc/nios2-elf/4.1.2/libgcc.a(_thenan_df.o)
 .text          0x0080e5f8      0x194 /opt/altera/11.1/nios2eds/bin/gnu/H-i686-pc-linux-gnu/bin/../lib/gcc/nios2-elf/4.1.2/libgcc.a(_usi_to_df.o)
                0x0080e5f8                __floatunsidf
 .text          0x0080e78c      0x14c /opt/altera/11.1/nios2eds/bin/gnu/H-i686-pc-linux-gnu/bin/../lib/gcc/nios2-elf/4.1.2/libgcc.a(lib2-divmod.o)
                0x0080e808                __divsi3
                0x0080e868                __modsi3
                0x0080e8c8                __udivsi3
                0x0080e8d0                __umodsi3
 .text          0x0080e8d8        0x0 /opt/altera/11.1/nios2eds/bin/gnu/H-i686-pc-linux-gnu/bin/../lib/gcc/nios2-elf/4.1.2/libgcc.a(_clz.o)
 .text          0x0080e8d8       0x80 /opt/altera/11.1/nios2eds/bin/gnu/H-i686-pc-linux-gnu/bin/../lib/gcc/nios2-elf/4.1.2/libgcc.a(_clzsi2.o)
                0x0080e8d8                __clzsi2
 .text          0x0080e958       0xc8 /opt/altera/11.1/nios2eds/bin/gnu/H-i686-pc-linux-gnu/bin/../lib/gcc/nios2-elf/4.1.2/libgcc.a(_unpack_sf.o)
                0x0080e958                __unpack_f
 .text          0x0080ea20       0xa8 /opt/altera/11.1/nios2eds/bin/gnu/H-i686-pc-linux-gnu/bin/../lib/gcc/nios2-elf/4.1.2/libgcc.a(_fpcmp_parts_sf.o)
                0x0080ea20                __fpcmp_parts_f
 .text          0x0080eac8       0x2c /opt/altera/11.1/nios2eds/bin/gnu/H-i686-pc-linux-gnu/bin/../lib/gcc/nios2-elf/4.1.2/libgcc.a(_make_sf.o)
                0x0080eac8                __make_fp
 .text          0x0080eaf4      0x314 /opt/altera/11.1/nios2eds/bin/gnu/H-i686-pc-linux-gnu/bin/../lib/gcc/nios2-elf/4.1.2/libgcc.a(_pack_df.o)
                0x0080eaf4                __pack_d
 .text          0x0080ee08      0x138 /opt/altera/11.1/nios2eds/bin/gnu/H-i686-pc-linux-gnu/bin/../lib/gcc/nios2-elf/4.1.2/libgcc.a(_unpack_df.o)
                0x0080ee08                __unpack_d
 .text          0x0080ef40       0xc8 /opt/altera/11.1/nios2eds/bin/gnu/H-i686-pc-linux-gnu/bin/../lib/gcc/nios2-elf/4.1.2/libgcc.a(_fpcmp_parts_df.o)
                0x0080ef40                __fpcmp_parts_d
 .text          0x0080f008      0x160 /opt/altera/11.1/nios2eds/bin/gnu/H-i686-pc-linux-gnu/bin/../lib/gcc/nios2-elf/4.1.2/libgcc.a(_pack_sf.o)
                0x0080f008                __pack_f
 .text          0x0080f168      0x15c ../../hw/de0_vga_qsys/software/de0_vga_qsys_bsp//libhal_bsp.a(alt_close.o)
                0x0080f168                close
 .text          0x0080f2c4       0x2c ../../hw/de0_vga_qsys/software/de0_vga_qsys_bsp//libhal_bsp.a(alt_dev.o)
 .text          0x0080f2f0        0x0 ../../hw/de0_vga_qsys/software/de0_vga_qsys_bsp//libhal_bsp.a(alt_errno.o)
 .text          0x0080f2f0      0x134 ../../hw/de0_vga_qsys/software/de0_vga_qsys_bsp//libhal_bsp.a(alt_fstat.o)
                0x0080f2f0                fstat
 .text          0x0080f424      0x120 ../../hw/de0_vga_qsys/software/de0_vga_qsys_bsp//libhal_bsp.a(alt_isatty.o)
                0x0080f424                isatty
 .text          0x0080f544       0xec ../../hw/de0_vga_qsys/software/de0_vga_qsys_bsp//libhal_bsp.a(alt_load.o)
                0x0080f544                alt_load
 .text          0x0080f630      0x150 ../../hw/de0_vga_qsys/software/de0_vga_qsys_bsp//libhal_bsp.a(alt_lseek.o)
                0x0080f630                lseek
 .text          0x0080f780       0x6c ../../hw/de0_vga_qsys/software/de0_vga_qsys_bsp//libhal_bsp.a(alt_main.o)
                0x0080f780                alt_main
 .text          0x0080f7ec       0x40 ../../hw/de0_vga_qsys/software/de0_vga_qsys_bsp//libhal_bsp.a(alt_malloc_lock.o)
                0x0080f7ec                __malloc_lock
                0x0080f80c                __malloc_unlock
 .text          0x0080f82c      0x180 ../../hw/de0_vga_qsys/software/de0_vga_qsys_bsp//libhal_bsp.a(alt_read.o)
                0x0080f82c                read
 .text          0x0080f9ac       0x60 ../../hw/de0_vga_qsys/software/de0_vga_qsys_bsp//libhal_bsp.a(alt_release_fd.o)
                0x0080f9ac                alt_release_fd
 .text          0x0080fa0c       0xbc ../../hw/de0_vga_qsys/software/de0_vga_qsys_bsp//libhal_bsp.a(alt_sbrk.o)
                0x0080fa0c                sbrk
 .text          0x0080fac8      0x180 ../../hw/de0_vga_qsys/software/de0_vga_qsys_bsp//libhal_bsp.a(alt_write.o)
                0x0080fac8                write
 .text          0x0080fc48       0xb0 ../../hw/de0_vga_qsys/software/de0_vga_qsys_bsp//libhal_bsp.a(alt_sys_init.o)
                0x0080fc48                alt_irq_init
                0x0080fc7c                alt_sys_init
 .text          0x0080fcf8      0x148 ../../hw/de0_vga_qsys/software/de0_vga_qsys_bsp//libhal_bsp.a(altera_avalon_jtag_uart_fd.o)
                0x0080fcf8                altera_avalon_jtag_uart_read_fd
                0x0080fd50                altera_avalon_jtag_uart_write_fd
                0x0080fda8                altera_avalon_jtag_uart_close_fd
                0x0080fdf0                altera_avalon_jtag_uart_ioctl_fd
 .text          0x0080fe40      0x40c ../../hw/de0_vga_qsys/software/de0_vga_qsys_bsp//libhal_bsp.a(altera_avalon_jtag_uart_init.o)
                0x0080fe40                altera_avalon_jtag_uart_init
                0x008101d8                altera_avalon_jtag_uart_close
 .text          0x0081024c       0xf4 ../../hw/de0_vga_qsys/software/de0_vga_qsys_bsp//libhal_bsp.a(altera_avalon_jtag_uart_ioctl.o)
                0x0081024c                altera_avalon_jtag_uart_ioctl
 .text          0x00810340      0x224 ../../hw/de0_vga_qsys/software/de0_vga_qsys_bsp//libhal_bsp.a(altera_avalon_jtag_uart_read.o)
                0x00810340                altera_avalon_jtag_uart_read
 .text          0x00810564      0x240 ../../hw/de0_vga_qsys/software/de0_vga_qsys_bsp//libhal_bsp.a(altera_avalon_jtag_uart_write.o)
                0x00810564                altera_avalon_jtag_uart_write
 .text          0x008107a4      0x154 ../../hw/de0_vga_qsys/software/de0_vga_qsys_bsp//libhal_bsp.a(alt_alarm_start.o)
                0x008107a4                alt_alarm_start
 .text          0x008108f8       0x1c ../../hw/de0_vga_qsys/software/de0_vga_qsys_bsp//libhal_bsp.a(alt_dcache_flush_all.o)
                0x008108f8                alt_dcache_flush_all
 .text          0x00810914      0x114 ../../hw/de0_vga_qsys/software/de0_vga_qsys_bsp//libhal_bsp.a(alt_dev_llist_insert.o)
                0x00810914                alt_dev_llist_insert
 .text          0x00810a28       0x64 ../../hw/de0_vga_qsys/software/de0_vga_qsys_bsp//libhal_bsp.a(alt_do_ctors.o)
                0x00810a28                _do_ctors
 .text          0x00810a8c       0x64 ../../hw/de0_vga_qsys/software/de0_vga_qsys_bsp//libhal_bsp.a(alt_do_dtors.o)
                0x00810a8c                _do_dtors
 .text          0x00810af0       0x30 ../../hw/de0_vga_qsys/software/de0_vga_qsys_bsp//libhal_bsp.a(alt_icache_flush_all.o)
                0x00810af0                alt_icache_flush_all
 .text          0x00810b20      0x1d4 ../../hw/de0_vga_qsys/software/de0_vga_qsys_bsp//libhal_bsp.a(alt_iic.o)
                0x00810b20                alt_ic_isr_register
                0x00810b70                alt_ic_irq_enable
                0x00810c0c                alt_ic_irq_disable
                0x00810cac                alt_ic_irq_enabled
 .text          0x00810cf4       0xf8 ../../hw/de0_vga_qsys/software/de0_vga_qsys_bsp//libhal_bsp.a(alt_iic_isr_register.o)
                0x00810cf4                alt_iic_isr_register
 .text          0x00810dec      0x13c ../../hw/de0_vga_qsys/software/de0_vga_qsys_bsp//libhal_bsp.a(alt_io_redirect.o)
                0x00810eb0                alt_io_redirect
 .text          0x00810f28        0x0 ../../hw/de0_vga_qsys/software/de0_vga_qsys_bsp//libhal_bsp.a(alt_irq_entry.o)
 .text          0x00810f28        0x0 ../../hw/de0_vga_qsys/software/de0_vga_qsys_bsp//libhal_bsp.a(alt_irq_handler.o)
 .text          0x00810f28        0x0 ../../hw/de0_vga_qsys/software/de0_vga_qsys_bsp//libhal_bsp.a(alt_irq_vars.o)
 .text          0x00810f28      0x2c4 ../../hw/de0_vga_qsys/software/de0_vga_qsys_bsp//libhal_bsp.a(alt_open.o)
                0x00811004                open
 .text          0x008111ec      0x1a4 ../../hw/de0_vga_qsys/software/de0_vga_qsys_bsp//libhal_bsp.a(alt_tick.o)
                0x008111ec                alt_alarm_stop
                0x00811284                alt_tick
 .text          0x00811390       0x20 ../../hw/de0_vga_qsys/software/de0_vga_qsys_bsp//libhal_bsp.a(altera_nios2_qsys_irq.o)
                0x00811390                altera_nios2_qsys_irq_init
 .text          0x008113b0        0x0 ../../hw/de0_vga_qsys/software/de0_vga_qsys_bsp//libhal_bsp.a(alt_exception_entry.o)
 .text          0x008113b0       0x94 ../../hw/de0_vga_qsys/software/de0_vga_qsys_bsp//libhal_bsp.a(alt_find_dev.o)
                0x008113b0                alt_find_dev
 .text          0x00811444      0x120 ../../hw/de0_vga_qsys/software/de0_vga_qsys_bsp//libhal_bsp.a(alt_find_file.o)
                0x00811444                alt_find_file
 .text          0x00811564       0xb8 ../../hw/de0_vga_qsys/software/de0_vga_qsys_bsp//libhal_bsp.a(alt_get_fd.o)
                0x00811564                alt_get_fd
 .text          0x0081161c       0x90 ../../hw/de0_vga_qsys/software/de0_vga_qsys_bsp//libhal_bsp.a(alt_icache_flush.o)
                0x0081161c                alt_icache_flush
 .text          0x008116ac       0x14 /opt/altera/11.1/nios2eds/bin/gnu/H-i686-pc-linux-gnu/bin/../lib/gcc/nios2-elf/4.1.2/../../../../nios2-elf/lib/libc.a(lib_a-atexit.o)
                0x008116ac                atexit
 .text          0x008116c0       0x38 /opt/altera/11.1/nios2eds/bin/gnu/H-i686-pc-linux-gnu/bin/../lib/gcc/nios2-elf/4.1.2/../../../../nios2-elf/lib/libc.a(lib_a-exit.o)
                0x008116c0                exit
 .text          0x008116f8       0x74 /opt/altera/11.1/nios2eds/bin/gnu/H-i686-pc-linux-gnu/bin/../lib/gcc/nios2-elf/4.1.2/../../../../nios2-elf/lib/libc.a(lib_a-memcmp.o)
                0x008116f8                memcmp
 .text          0x0081176c      0x134 /opt/altera/11.1/nios2eds/bin/gnu/H-i686-pc-linux-gnu/bin/../lib/gcc/nios2-elf/4.1.2/../../../../nios2-elf/lib/libc.a(lib_a-__atexit.o)
                0x0081176c                __register_exitproc
 .text          0x008118a0      0x1b4 /opt/altera/11.1/nios2eds/bin/gnu/H-i686-pc-linux-gnu/bin/../lib/gcc/nios2-elf/4.1.2/../../../../nios2-elf/lib/libc.a(lib_a-__call_atexit.o)
                0x008118a4                __call_exitprocs
 .text          0x00811a54       0x60 ../../hw/de0_vga_qsys/software/de0_vga_qsys_bsp//libhal_bsp.a(alt_exit.o)
                0x00811a94                _exit
 *(.gnu.warning.*)
 *(.fini)
                0x00811ab4                PROVIDE (__etext, ABSOLUTE (.))
                0x00811ab4                PROVIDE (_etext, ABSOLUTE (.))
                0x00811ab4                PROVIDE (etext, ABSOLUTE (.))
 *(.eh_frame_hdr)
                0x00811ab4                . = ALIGN (0x4)
                0x00811ab4                PROVIDE (__preinit_array_start, ABSOLUTE (.))
 *(.preinit_array)
                0x00811ab4                PROVIDE (__preinit_array_end, ABSOLUTE (.))
                0x00811ab4                PROVIDE (__init_array_start, ABSOLUTE (.))
 *(.init_array)
                0x00811ab4                PROVIDE (__init_array_end, ABSOLUTE (.))
                0x00811ab4                PROVIDE (__fini_array_start, ABSOLUTE (.))
 *(.fini_array)
                0x00811ab4                PROVIDE (__fini_array_end, ABSOLUTE (.))
 *(.eh_frame)
 .eh_frame      0x00811ab4       0x40 /opt/altera/11.1/nios2eds/bin/gnu/H-i686-pc-linux-gnu/bin/../lib/gcc/nios2-elf/4.1.2/libgcc.a(_udivdi3.o)
 .eh_frame      0x00811af4       0x2c /opt/altera/11.1/nios2eds/bin/gnu/H-i686-pc-linux-gnu/bin/../lib/gcc/nios2-elf/4.1.2/libgcc.a(_umoddi3.o)
                                 0x40 (size before relaxing)
 *(.gcc_except_table)
 *(.dynamic)
                0x00811b20                PROVIDE (__CTOR_LIST__, ABSOLUTE (.))
 *(.ctors)
 *(SORT(.ctors.*))
 .ctors.65535   0x00811b20        0x4 /opt/altera/11.1/nios2eds/bin/gnu/H-i686-pc-linux-gnu/bin/../lib/gcc/nios2-elf/4.1.2/../../../../nios2-elf/lib/libc.a(lib_a-__call_atexit.o)
                0x00811b24                PROVIDE (__CTOR_END__, ABSOLUTE (.))
                0x00811b24                PROVIDE (__DTOR_LIST__, ABSOLUTE (.))
 *(.dtors)
 *(SORT(.dtors.*))
                0x00811b24                PROVIDE (__DTOR_END__, ABSOLUTE (.))
 *(.jcr)
                0x00811b24                . = ALIGN (0x4)

.rodata         0x00811b24      0x738
                0x00811b24                PROVIDE (__ram_rodata_start, ABSOLUTE (.))
                0x00811b24                . = ALIGN (0x4)
 *(.rodata .rodata.* .gnu.linkonce.r.*)
 .rodata        0x00811b24       0xf4 obj/default/main.o
 .rodata.str1.4
                0x00811c18        0x2 /opt/altera/11.1/nios2eds/bin/gnu/H-i686-pc-linux-gnu/bin/../lib/gcc/nios2-elf/4.1.2/../../../../nios2-elf/lib/libc.a(lib_a-puts.o)
                                  0x4 (size before relaxing)
 *fill*         0x00811c1a        0x2 00
 .rodata.str1.4
                0x00811c1c       0x5e /opt/altera/11.1/nios2eds/bin/gnu/H-i686-pc-linux-gnu/bin/../lib/gcc/nios2-elf/4.1.2/../../../../nios2-elf/lib/libc.a(lib_a-vfprintf.o)
                                 0x60 (size before relaxing)
 .rodata        0x00811c7a       0x20 /opt/altera/11.1/nios2eds/bin/gnu/H-i686-pc-linux-gnu/bin/../lib/gcc/nios2-elf/4.1.2/../../../../nios2-elf/lib/libc.a(lib_a-vfprintf.o)
 *fill*         0x00811c9a        0x2 00
 .rodata.str1.4
                0x00811c9c        0x5 /opt/altera/11.1/nios2eds/bin/gnu/H-i686-pc-linux-gnu/bin/../lib/gcc/nios2-elf/4.1.2/../../../../nios2-elf/lib/libc.a(lib_a-vfscanf.o)
                                  0x8 (size before relaxing)
 *fill*         0x00811ca1        0x1 00
 .rodata        0x00811ca2       0x22 /opt/altera/11.1/nios2eds/bin/gnu/H-i686-pc-linux-gnu/bin/../lib/gcc/nios2-elf/4.1.2/../../../../nios2-elf/lib/libc.a(lib_a-vfscanf.o)
 .rodata        0x00811cc4      0x281 /opt/altera/11.1/nios2eds/bin/gnu/H-i686-pc-linux-gnu/bin/../lib/gcc/nios2-elf/4.1.2/../../../../nios2-elf/lib/libc.a(lib_a-ctype_.o)
                0x00811cc4                _ctype_
 *fill*         0x00811f45        0x3 00
 .rodata.str1.4
                0x00811f48       0x10 /opt/altera/11.1/nios2eds/bin/gnu/H-i686-pc-linux-gnu/bin/../lib/gcc/nios2-elf/4.1.2/../../../../nios2-elf/lib/libc.a(lib_a-dtoa.o)
                                 0x14 (size before relaxing)
 .rodata.str1.4
                0x00811f58        0x2 /opt/altera/11.1/nios2eds/bin/gnu/H-i686-pc-linux-gnu/bin/../lib/gcc/nios2-elf/4.1.2/../../../../nios2-elf/lib/libc.a(lib_a-impure.o)
                                  0x4 (size before relaxing)
 *fill*         0x00811f5a        0x2 00
 .rodata.str1.4
                0x00811f5c        0xf /opt/altera/11.1/nios2eds/bin/gnu/H-i686-pc-linux-gnu/bin/../lib/gcc/nios2-elf/4.1.2/../../../../nios2-elf/lib/libc.a(lib_a-locale.o)
                                 0x18 (size before relaxing)
 *fill*         0x00811f6b        0x1 00
 .rodata        0x00811f6c       0x30 /opt/altera/11.1/nios2eds/bin/gnu/H-i686-pc-linux-gnu/bin/../lib/gcc/nios2-elf/4.1.2/../../../../nios2-elf/lib/libc.a(lib_a-locale.o)
 .rodata.str1.4
                0x00000000        0x4 /opt/altera/11.1/nios2eds/bin/gnu/H-i686-pc-linux-gnu/bin/../lib/gcc/nios2-elf/4.1.2/../../../../nios2-elf/lib/libc.a(lib_a-mbrtowc.o)
 .rodata        0x00811f9c      0x124 /opt/altera/11.1/nios2eds/bin/gnu/H-i686-pc-linux-gnu/bin/../lib/gcc/nios2-elf/4.1.2/../../../../nios2-elf/lib/libc.a(lib_a-mprec.o)
                0x00811f9c                __mprec_tens
                0x00812064                __mprec_bigtens
                0x0081208c                __mprec_tinytens
 .rodata.str1.4
                0x008120c0        0xf /opt/altera/11.1/nios2eds/bin/gnu/H-i686-pc-linux-gnu/bin/../lib/gcc/nios2-elf/4.1.2/../../../../nios2-elf/lib/libc.a(lib_a-strtod.o)
                                 0x10 (size before relaxing)
 *fill*         0x008120cf        0x1 00
 .rodata        0x008120d0       0x28 /opt/altera/11.1/nios2eds/bin/gnu/H-i686-pc-linux-gnu/bin/../lib/gcc/nios2-elf/4.1.2/../../../../nios2-elf/lib/libc.a(lib_a-strtod.o)
 .rodata.str1.4
                0x008120f8       0x1c /opt/altera/11.1/nios2eds/bin/gnu/H-i686-pc-linux-gnu/bin/../lib/gcc/nios2-elf/4.1.2/../../../../nios2-elf/lib/libc.a(lib_a-gdtoa-gethex.o)
 .rodata        0x00812114       0x14 /opt/altera/11.1/nios2eds/bin/gnu/H-i686-pc-linux-gnu/bin/../lib/gcc/nios2-elf/4.1.2/libgcc.a(_thenan_df.o)
                0x00812114                __thenan_df
 .rodata        0x00812128      0x100 /opt/altera/11.1/nios2eds/bin/gnu/H-i686-pc-linux-gnu/bin/../lib/gcc/nios2-elf/4.1.2/libgcc.a(_clz.o)
                0x00812128                __clz_tab
 .rodata        0x00812228        0xc ../../hw/de0_vga_qsys/software/de0_vga_qsys_bsp//libhal_bsp.a(alt_dev.o)
 .rodata        0x00812234       0x14 ../../hw/de0_vga_qsys/software/de0_vga_qsys_bsp//libhal_bsp.a(alt_main.o)
 .rodata        0x00812248       0x14 ../../hw/de0_vga_qsys/software/de0_vga_qsys_bsp//libhal_bsp.a(alt_sys_init.o)
 *(.rodata1)
                0x0081225c                . = ALIGN (0x4)
                0x0081225c                PROVIDE (__ram_rodata_end, ABSOLUTE (.))
                0x00811b24                PROVIDE (__flash_rodata_start, LOADADDR (.rodata))

.rwdata         0x0081225c     0x1a88 load address 0x00813ce4
                0x0081225c                PROVIDE (__ram_rwdata_start, ABSOLUTE (.))
                0x0081225c                . = ALIGN (0x4)
 *(.got.plt)
 *(.got)
 *(.data1)
 *(.data .data.* .gnu.linkonce.d.*)
 .data          0x0081225c        0x0 ../../hw/de0_vga_qsys/software/de0_vga_qsys_bsp//obj/HAL/src/crt0.o
 .data          0x0081225c        0x0 obj/default/main.o
 .data          0x0081225c        0x0 /opt/altera/11.1/nios2eds/bin/gnu/H-i686-pc-linux-gnu/bin/../lib/gcc/nios2-elf/4.1.2/../../../../nios2-elf/lib/libc.a(lib_a-malloc.o)
 .data          0x0081225c      0x408 /opt/altera/11.1/nios2eds/bin/gnu/H-i686-pc-linux-gnu/bin/../lib/gcc/nios2-elf/4.1.2/../../../../nios2-elf/lib/libc.a(lib_a-mallocr.o)
                0x0081225c                __malloc_av_
 .data          0x00812664        0x0 /opt/altera/11.1/nios2eds/bin/gnu/H-i686-pc-linux-gnu/bin/../lib/gcc/nios2-elf/4.1.2/../../../../nios2-elf/lib/libc.a(lib_a-memset.o)
 .data          0x00812664        0x0 /opt/altera/11.1/nios2eds/bin/gnu/H-i686-pc-linux-gnu/bin/../lib/gcc/nios2-elf/4.1.2/../../../../nios2-elf/lib/libc.a(lib_a-printf.o)
 .data          0x00812664        0x0 /opt/altera/11.1/nios2eds/bin/gnu/H-i686-pc-linux-gnu/bin/../lib/gcc/nios2-elf/4.1.2/../../../../nios2-elf/lib/libc.a(lib_a-puts.o)
 .data          0x00812664        0x0 /opt/altera/11.1/nios2eds/bin/gnu/H-i686-pc-linux-gnu/bin/../lib/gcc/nios2-elf/4.1.2/../../../../nios2-elf/lib/libc.a(lib_a-sbrkr.o)
 .data          0x00812664        0x0 /opt/altera/11.1/nios2eds/bin/gnu/H-i686-pc-linux-gnu/bin/../lib/gcc/nios2-elf/4.1.2/../../../../nios2-elf/lib/libc.a(lib_a-scanf.o)
 .data          0x00812664        0x0 /opt/altera/11.1/nios2eds/bin/gnu/H-i686-pc-linux-gnu/bin/../lib/gcc/nios2-elf/4.1.2/../../../../nios2-elf/lib/libc.a(lib_a-strlen.o)
 .data          0x00812664        0x0 /opt/altera/11.1/nios2eds/bin/gnu/H-i686-pc-linux-gnu/bin/../lib/gcc/nios2-elf/4.1.2/../../../../nios2-elf/lib/libc.a(lib_a-vfprintf.o)
 .data          0x00812664        0x0 /opt/altera/11.1/nios2eds/bin/gnu/H-i686-pc-linux-gnu/bin/../lib/gcc/nios2-elf/4.1.2/../../../../nios2-elf/lib/libc.a(lib_a-vfscanf.o)
 .data          0x00812664        0x0 /opt/altera/11.1/nios2eds/bin/gnu/H-i686-pc-linux-gnu/bin/../lib/gcc/nios2-elf/4.1.2/../../../../nios2-elf/lib/libc.a(lib_a-wsetup.o)
 .data          0x00812664        0x0 /opt/altera/11.1/nios2eds/bin/gnu/H-i686-pc-linux-gnu/bin/../lib/gcc/nios2-elf/4.1.2/../../../../nios2-elf/lib/libc.a(lib_a-ctype_.o)
 .data          0x00812664        0x0 /opt/altera/11.1/nios2eds/bin/gnu/H-i686-pc-linux-gnu/bin/../lib/gcc/nios2-elf/4.1.2/../../../../nios2-elf/lib/libc.a(lib_a-dtoa.o)
 .data          0x00812664        0x0 /opt/altera/11.1/nios2eds/bin/gnu/H-i686-pc-linux-gnu/bin/../lib/gcc/nios2-elf/4.1.2/../../../../nios2-elf/lib/libc.a(lib_a-fflush.o)
 .data          0x00812664        0x0 /opt/altera/11.1/nios2eds/bin/gnu/H-i686-pc-linux-gnu/bin/../lib/gcc/nios2-elf/4.1.2/../../../../nios2-elf/lib/libc.a(lib_a-findfp.o)
 .data          0x00812664        0x0 /opt/altera/11.1/nios2eds/bin/gnu/H-i686-pc-linux-gnu/bin/../lib/gcc/nios2-elf/4.1.2/../../../../nios2-elf/lib/libc.a(lib_a-fread.o)
 .data          0x00812664        0x0 /opt/altera/11.1/nios2eds/bin/gnu/H-i686-pc-linux-gnu/bin/../lib/gcc/nios2-elf/4.1.2/../../../../nios2-elf/lib/libc.a(lib_a-freer.o)
 .data          0x00812664        0x0 /opt/altera/11.1/nios2eds/bin/gnu/H-i686-pc-linux-gnu/bin/../lib/gcc/nios2-elf/4.1.2/../../../../nios2-elf/lib/libc.a(lib_a-fvwrite.o)
 .data          0x00812664        0x0 /opt/altera/11.1/nios2eds/bin/gnu/H-i686-pc-linux-gnu/bin/../lib/gcc/nios2-elf/4.1.2/../../../../nios2-elf/lib/libc.a(lib_a-fwalk.o)
 .data          0x00812664      0x400 /opt/altera/11.1/nios2eds/bin/gnu/H-i686-pc-linux-gnu/bin/../lib/gcc/nios2-elf/4.1.2/../../../../nios2-elf/lib/libc.a(lib_a-impure.o)
 .data          0x00812a64        0x0 /opt/altera/11.1/nios2eds/bin/gnu/H-i686-pc-linux-gnu/bin/../lib/gcc/nios2-elf/4.1.2/../../../../nios2-elf/lib/libc.a(lib_a-int_errno.o)
 .data          0x00812a64        0x0 /opt/altera/11.1/nios2eds/bin/gnu/H-i686-pc-linux-gnu/bin/../lib/gcc/nios2-elf/4.1.2/../../../../nios2-elf/lib/libc.a(lib_a-iswspace.o)
 .data          0x00812a64        0xc /opt/altera/11.1/nios2eds/bin/gnu/H-i686-pc-linux-gnu/bin/../lib/gcc/nios2-elf/4.1.2/../../../../nios2-elf/lib/libc.a(lib_a-locale.o)
                0x00812a64                __lc_ctype
 .data          0x00812a70        0x0 /opt/altera/11.1/nios2eds/bin/gnu/H-i686-pc-linux-gnu/bin/../lib/gcc/nios2-elf/4.1.2/../../../../nios2-elf/lib/libc.a(lib_a-makebuf.o)
 .data          0x00812a70        0x0 /opt/altera/11.1/nios2eds/bin/gnu/H-i686-pc-linux-gnu/bin/../lib/gcc/nios2-elf/4.1.2/../../../../nios2-elf/lib/libc.a(lib_a-mbrtowc.o)
 .data          0x00812a70        0x0 /opt/altera/11.1/nios2eds/bin/gnu/H-i686-pc-linux-gnu/bin/../lib/gcc/nios2-elf/4.1.2/../../../../nios2-elf/lib/libc.a(lib_a-mbtowc_r.o)
 .data          0x00812a70        0x0 /opt/altera/11.1/nios2eds/bin/gnu/H-i686-pc-linux-gnu/bin/../lib/gcc/nios2-elf/4.1.2/../../../../nios2-elf/lib/libc.a(lib_a-memchr.o)
 .data          0x00812a70        0x0 /opt/altera/11.1/nios2eds/bin/gnu/H-i686-pc-linux-gnu/bin/../lib/gcc/nios2-elf/4.1.2/../../../../nios2-elf/lib/libc.a(lib_a-memcpy.o)
 .data          0x00812a70        0x0 /opt/altera/11.1/nios2eds/bin/gnu/H-i686-pc-linux-gnu/bin/../lib/gcc/nios2-elf/4.1.2/../../../../nios2-elf/lib/libc.a(lib_a-memmove.o)
 .data          0x00812a70        0x0 /opt/altera/11.1/nios2eds/bin/gnu/H-i686-pc-linux-gnu/bin/../lib/gcc/nios2-elf/4.1.2/../../../../nios2-elf/lib/libc.a(lib_a-mprec.o)
 .data          0x00812a70        0x0 /opt/altera/11.1/nios2eds/bin/gnu/H-i686-pc-linux-gnu/bin/../lib/gcc/nios2-elf/4.1.2/../../../../nios2-elf/lib/libc.a(lib_a-reallocr.o)
 .data          0x00812a70        0x0 /opt/altera/11.1/nios2eds/bin/gnu/H-i686-pc-linux-gnu/bin/../lib/gcc/nios2-elf/4.1.2/../../../../nios2-elf/lib/libc.a(lib_a-refill.o)
 .data          0x00812a70        0x0 /opt/altera/11.1/nios2eds/bin/gnu/H-i686-pc-linux-gnu/bin/../lib/gcc/nios2-elf/4.1.2/../../../../nios2-elf/lib/libc.a(lib_a-s_isinfd.o)
 .data          0x00812a70        0x0 /opt/altera/11.1/nios2eds/bin/gnu/H-i686-pc-linux-gnu/bin/../lib/gcc/nios2-elf/4.1.2/../../../../nios2-elf/lib/libc.a(lib_a-s_isnand.o)
 .data          0x00812a70        0x0 /opt/altera/11.1/nios2eds/bin/gnu/H-i686-pc-linux-gnu/bin/../lib/gcc/nios2-elf/4.1.2/../../../../nios2-elf/lib/libc.a(lib_a-sccl.o)
 .data          0x00812a70        0x0 /opt/altera/11.1/nios2eds/bin/gnu/H-i686-pc-linux-gnu/bin/../lib/gcc/nios2-elf/4.1.2/../../../../nios2-elf/lib/libc.a(lib_a-sf_nan.o)
 .data          0x00812a70        0x0 /opt/altera/11.1/nios2eds/bin/gnu/H-i686-pc-linux-gnu/bin/../lib/gcc/nios2-elf/4.1.2/../../../../nios2-elf/lib/libc.a(lib_a-sprintf.o)
 .data          0x00812a70        0x0 /opt/altera/11.1/nios2eds/bin/gnu/H-i686-pc-linux-gnu/bin/../lib/gcc/nios2-elf/4.1.2/../../../../nios2-elf/lib/libc.a(lib_a-stdio.o)
 .data          0x00812a70        0x0 /opt/altera/11.1/nios2eds/bin/gnu/H-i686-pc-linux-gnu/bin/../lib/gcc/nios2-elf/4.1.2/../../../../nios2-elf/lib/libc.a(lib_a-strcmp.o)
 .data          0x00812a70       0x28 /opt/altera/11.1/nios2eds/bin/gnu/H-i686-pc-linux-gnu/bin/../lib/gcc/nios2-elf/4.1.2/../../../../nios2-elf/lib/libc.a(lib_a-strtod.o)
 .data          0x00812a98        0x0 /opt/altera/11.1/nios2eds/bin/gnu/H-i686-pc-linux-gnu/bin/../lib/gcc/nios2-elf/4.1.2/../../../../nios2-elf/lib/libc.a(lib_a-strtol.o)
 .data          0x00812a98        0x0 /opt/altera/11.1/nios2eds/bin/gnu/H-i686-pc-linux-gnu/bin/../lib/gcc/nios2-elf/4.1.2/../../../../nios2-elf/lib/libc.a(lib_a-strtoll_r.o)
 .data          0x00812a98        0x0 /opt/altera/11.1/nios2eds/bin/gnu/H-i686-pc-linux-gnu/bin/../lib/gcc/nios2-elf/4.1.2/../../../../nios2-elf/lib/libc.a(lib_a-strtoul.o)
 .data          0x00812a98        0x0 /opt/altera/11.1/nios2eds/bin/gnu/H-i686-pc-linux-gnu/bin/../lib/gcc/nios2-elf/4.1.2/../../../../nios2-elf/lib/libc.a(lib_a-strtoull_r.o)
 .data          0x00812a98        0x0 /opt/altera/11.1/nios2eds/bin/gnu/H-i686-pc-linux-gnu/bin/../lib/gcc/nios2-elf/4.1.2/../../../../nios2-elf/lib/libc.a(lib_a-ungetc.o)
 .data          0x00812a98        0x0 /opt/altera/11.1/nios2eds/bin/gnu/H-i686-pc-linux-gnu/bin/../lib/gcc/nios2-elf/4.1.2/../../../../nios2-elf/lib/libc.a(lib_a-writer.o)
 .data          0x00812a98        0x0 /opt/altera/11.1/nios2eds/bin/gnu/H-i686-pc-linux-gnu/bin/../lib/gcc/nios2-elf/4.1.2/../../../../nios2-elf/lib/libc.a(lib_a-callocr.o)
 .data          0x00812a98        0x0 /opt/altera/11.1/nios2eds/bin/gnu/H-i686-pc-linux-gnu/bin/../lib/gcc/nios2-elf/4.1.2/../../../../nios2-elf/lib/libc.a(lib_a-closer.o)
 .data          0x00812a98        0x0 /opt/altera/11.1/nios2eds/bin/gnu/H-i686-pc-linux-gnu/bin/../lib/gcc/nios2-elf/4.1.2/../../../../nios2-elf/lib/libc.a(lib_a-fclose.o)
 .data          0x00812a98        0x0 /opt/altera/11.1/nios2eds/bin/gnu/H-i686-pc-linux-gnu/bin/../lib/gcc/nios2-elf/4.1.2/../../../../nios2-elf/lib/libc.a(lib_a-fstatr.o)
 .data          0x00812a98        0x0 /opt/altera/11.1/nios2eds/bin/gnu/H-i686-pc-linux-gnu/bin/../lib/gcc/nios2-elf/4.1.2/../../../../nios2-elf/lib/libc.a(lib_a-gdtoa-gethex.o)
 .data          0x00812a98        0x0 /opt/altera/11.1/nios2eds/bin/gnu/H-i686-pc-linux-gnu/bin/../lib/gcc/nios2-elf/4.1.2/../../../../nios2-elf/lib/libc.a(lib_a-gdtoa-hexnan.o)
 .data          0x00812a98        0x0 /opt/altera/11.1/nios2eds/bin/gnu/H-i686-pc-linux-gnu/bin/../lib/gcc/nios2-elf/4.1.2/../../../../nios2-elf/lib/libc.a(lib_a-isattyr.o)
 .data          0x00812a98        0x0 /opt/altera/11.1/nios2eds/bin/gnu/H-i686-pc-linux-gnu/bin/../lib/gcc/nios2-elf/4.1.2/../../../../nios2-elf/lib/libc.a(lib_a-lseekr.o)
 .data          0x00812a98        0x0 /opt/altera/11.1/nios2eds/bin/gnu/H-i686-pc-linux-gnu/bin/../lib/gcc/nios2-elf/4.1.2/../../../../nios2-elf/lib/libc.a(lib_a-readr.o)
 .data          0x00812a98        0x0 /opt/altera/11.1/nios2eds/bin/gnu/H-i686-pc-linux-gnu/bin/../lib/gcc/nios2-elf/4.1.2/libgcc.a(_muldi3.o)
 .data          0x00812a98        0x0 /opt/altera/11.1/nios2eds/bin/gnu/H-i686-pc-linux-gnu/bin/../lib/gcc/nios2-elf/4.1.2/libgcc.a(_fixunsdfsi.o)
 .data          0x00812a98        0x0 /opt/altera/11.1/nios2eds/bin/gnu/H-i686-pc-linux-gnu/bin/../lib/gcc/nios2-elf/4.1.2/libgcc.a(_udivdi3.o)
 .data          0x00812a98        0x0 /opt/altera/11.1/nios2eds/bin/gnu/H-i686-pc-linux-gnu/bin/../lib/gcc/nios2-elf/4.1.2/libgcc.a(_umoddi3.o)
 .data          0x00812a98        0x0 /opt/altera/11.1/nios2eds/bin/gnu/H-i686-pc-linux-gnu/bin/../lib/gcc/nios2-elf/4.1.2/libgcc.a(_ne_sf.o)
 .data          0x00812a98        0x0 /opt/altera/11.1/nios2eds/bin/gnu/H-i686-pc-linux-gnu/bin/../lib/gcc/nios2-elf/4.1.2/libgcc.a(_gt_sf.o)
 .data          0x00812a98        0x0 /opt/altera/11.1/nios2eds/bin/gnu/H-i686-pc-linux-gnu/bin/../lib/gcc/nios2-elf/4.1.2/libgcc.a(_lt_sf.o)
 .data          0x00812a98        0x0 /opt/altera/11.1/nios2eds/bin/gnu/H-i686-pc-linux-gnu/bin/../lib/gcc/nios2-elf/4.1.2/libgcc.a(_addsub_df.o)
 .data          0x00812a98        0x0 /opt/altera/11.1/nios2eds/bin/gnu/H-i686-pc-linux-gnu/bin/../lib/gcc/nios2-elf/4.1.2/libgcc.a(_mul_df.o)
 .data          0x00812a98        0x0 /opt/altera/11.1/nios2eds/bin/gnu/H-i686-pc-linux-gnu/bin/../lib/gcc/nios2-elf/4.1.2/libgcc.a(_div_df.o)
 .data          0x00812a98        0x0 /opt/altera/11.1/nios2eds/bin/gnu/H-i686-pc-linux-gnu/bin/../lib/gcc/nios2-elf/4.1.2/libgcc.a(_eq_df.o)
 .data          0x00812a98        0x0 /opt/altera/11.1/nios2eds/bin/gnu/H-i686-pc-linux-gnu/bin/../lib/gcc/nios2-elf/4.1.2/libgcc.a(_ne_df.o)
 .data          0x00812a98        0x0 /opt/altera/11.1/nios2eds/bin/gnu/H-i686-pc-linux-gnu/bin/../lib/gcc/nios2-elf/4.1.2/libgcc.a(_gt_df.o)
 .data          0x00812a98        0x0 /opt/altera/11.1/nios2eds/bin/gnu/H-i686-pc-linux-gnu/bin/../lib/gcc/nios2-elf/4.1.2/libgcc.a(_ge_df.o)
 .data          0x00812a98        0x0 /opt/altera/11.1/nios2eds/bin/gnu/H-i686-pc-linux-gnu/bin/../lib/gcc/nios2-elf/4.1.2/libgcc.a(_lt_df.o)
 .data          0x00812a98        0x0 /opt/altera/11.1/nios2eds/bin/gnu/H-i686-pc-linux-gnu/bin/../lib/gcc/nios2-elf/4.1.2/libgcc.a(_le_df.o)
 .data          0x00812a98        0x0 /opt/altera/11.1/nios2eds/bin/gnu/H-i686-pc-linux-gnu/bin/../lib/gcc/nios2-elf/4.1.2/libgcc.a(_si_to_df.o)
 .data          0x00812a98        0x0 /opt/altera/11.1/nios2eds/bin/gnu/H-i686-pc-linux-gnu/bin/../lib/gcc/nios2-elf/4.1.2/libgcc.a(_df_to_si.o)
 .data          0x00812a98        0x0 /opt/altera/11.1/nios2eds/bin/gnu/H-i686-pc-linux-gnu/bin/../lib/gcc/nios2-elf/4.1.2/libgcc.a(_df_to_sf.o)
 .data          0x00812a98        0x0 /opt/altera/11.1/nios2eds/bin/gnu/H-i686-pc-linux-gnu/bin/../lib/gcc/nios2-elf/4.1.2/libgcc.a(_thenan_df.o)
 .data          0x00812a98        0x0 /opt/altera/11.1/nios2eds/bin/gnu/H-i686-pc-linux-gnu/bin/../lib/gcc/nios2-elf/4.1.2/libgcc.a(_usi_to_df.o)
 .data          0x00812a98        0x0 /opt/altera/11.1/nios2eds/bin/gnu/H-i686-pc-linux-gnu/bin/../lib/gcc/nios2-elf/4.1.2/libgcc.a(lib2-divmod.o)
 .data          0x00812a98        0x0 /opt/altera/11.1/nios2eds/bin/gnu/H-i686-pc-linux-gnu/bin/../lib/gcc/nios2-elf/4.1.2/libgcc.a(_clz.o)
 .data          0x00812a98        0x0 /opt/altera/11.1/nios2eds/bin/gnu/H-i686-pc-linux-gnu/bin/../lib/gcc/nios2-elf/4.1.2/libgcc.a(_clzsi2.o)
 .data          0x00812a98        0x0 /opt/altera/11.1/nios2eds/bin/gnu/H-i686-pc-linux-gnu/bin/../lib/gcc/nios2-elf/4.1.2/libgcc.a(_unpack_sf.o)
 .data          0x00812a98        0x0 /opt/altera/11.1/nios2eds/bin/gnu/H-i686-pc-linux-gnu/bin/../lib/gcc/nios2-elf/4.1.2/libgcc.a(_fpcmp_parts_sf.o)
 .data          0x00812a98        0x0 /opt/altera/11.1/nios2eds/bin/gnu/H-i686-pc-linux-gnu/bin/../lib/gcc/nios2-elf/4.1.2/libgcc.a(_make_sf.o)
 .data          0x00812a98        0x0 /opt/altera/11.1/nios2eds/bin/gnu/H-i686-pc-linux-gnu/bin/../lib/gcc/nios2-elf/4.1.2/libgcc.a(_pack_df.o)
 .data          0x00812a98        0x0 /opt/altera/11.1/nios2eds/bin/gnu/H-i686-pc-linux-gnu/bin/../lib/gcc/nios2-elf/4.1.2/libgcc.a(_unpack_df.o)
 .data          0x00812a98        0x0 /opt/altera/11.1/nios2eds/bin/gnu/H-i686-pc-linux-gnu/bin/../lib/gcc/nios2-elf/4.1.2/libgcc.a(_fpcmp_parts_df.o)
 .data          0x00812a98        0x0 /opt/altera/11.1/nios2eds/bin/gnu/H-i686-pc-linux-gnu/bin/../lib/gcc/nios2-elf/4.1.2/libgcc.a(_pack_sf.o)
 .data          0x00812a98        0x0 ../../hw/de0_vga_qsys/software/de0_vga_qsys_bsp//libhal_bsp.a(alt_close.o)
 .data          0x00812a98      0x1a8 ../../hw/de0_vga_qsys/software/de0_vga_qsys_bsp//libhal_bsp.a(alt_dev.o)
                0x00812a98                alt_dev_null
                0x00812ac0                alt_fd_list
 .data          0x00812c40        0x0 ../../hw/de0_vga_qsys/software/de0_vga_qsys_bsp//libhal_bsp.a(alt_errno.o)
 .data          0x00812c40        0x0 ../../hw/de0_vga_qsys/software/de0_vga_qsys_bsp//libhal_bsp.a(alt_fstat.o)
 .data          0x00812c40        0x0 ../../hw/de0_vga_qsys/software/de0_vga_qsys_bsp//libhal_bsp.a(alt_isatty.o)
 .data          0x00812c40        0x0 ../../hw/de0_vga_qsys/software/de0_vga_qsys_bsp//libhal_bsp.a(alt_load.o)
 .data          0x00812c40        0x0 ../../hw/de0_vga_qsys/software/de0_vga_qsys_bsp//libhal_bsp.a(alt_lseek.o)
 .data          0x00812c40        0x0 ../../hw/de0_vga_qsys/software/de0_vga_qsys_bsp//libhal_bsp.a(alt_main.o)
 .data          0x00812c40        0x0 ../../hw/de0_vga_qsys/software/de0_vga_qsys_bsp//libhal_bsp.a(alt_malloc_lock.o)
 .data          0x00812c40        0x0 ../../hw/de0_vga_qsys/software/de0_vga_qsys_bsp//libhal_bsp.a(alt_read.o)
 .data          0x00812c40        0x0 ../../hw/de0_vga_qsys/software/de0_vga_qsys_bsp//libhal_bsp.a(alt_release_fd.o)
 .data          0x00812c40        0x0 ../../hw/de0_vga_qsys/software/de0_vga_qsys_bsp//libhal_bsp.a(alt_sbrk.o)
 .data          0x00812c40        0x0 ../../hw/de0_vga_qsys/software/de0_vga_qsys_bsp//libhal_bsp.a(alt_write.o)
 .data          0x00812c40     0x1060 ../../hw/de0_vga_qsys/software/de0_vga_qsys_bsp//libhal_bsp.a(alt_sys_init.o)
 .data          0x00813ca0        0x0 ../../hw/de0_vga_qsys/software/de0_vga_qsys_bsp//libhal_bsp.a(altera_avalon_jtag_uart_fd.o)
 .data          0x00813ca0        0x0 ../../hw/de0_vga_qsys/software/de0_vga_qsys_bsp//libhal_bsp.a(altera_avalon_jtag_uart_init.o)
 .data          0x00813ca0        0x0 ../../hw/de0_vga_qsys/software/de0_vga_qsys_bsp//libhal_bsp.a(altera_avalon_jtag_uart_ioctl.o)
 .data          0x00813ca0        0x0 ../../hw/de0_vga_qsys/software/de0_vga_qsys_bsp//libhal_bsp.a(altera_avalon_jtag_uart_read.o)
 .data          0x00813ca0        0x0 ../../hw/de0_vga_qsys/software/de0_vga_qsys_bsp//libhal_bsp.a(altera_avalon_jtag_uart_write.o)
 .data          0x00813ca0        0x0 ../../hw/de0_vga_qsys/software/de0_vga_qsys_bsp//libhal_bsp.a(alt_alarm_start.o)
 .data          0x00813ca0        0x0 ../../hw/de0_vga_qsys/software/de0_vga_qsys_bsp//libhal_bsp.a(alt_dcache_flush_all.o)
 .data          0x00813ca0        0x0 ../../hw/de0_vga_qsys/software/de0_vga_qsys_bsp//libhal_bsp.a(alt_dev_llist_insert.o)
 .data          0x00813ca0        0x0 ../../hw/de0_vga_qsys/software/de0_vga_qsys_bsp//libhal_bsp.a(alt_do_ctors.o)
 .data          0x00813ca0        0x0 ../../hw/de0_vga_qsys/software/de0_vga_qsys_bsp//libhal_bsp.a(alt_do_dtors.o)
 .data          0x00813ca0        0x0 ../../hw/de0_vga_qsys/software/de0_vga_qsys_bsp//libhal_bsp.a(alt_icache_flush_all.o)
 .data          0x00813ca0        0x0 ../../hw/de0_vga_qsys/software/de0_vga_qsys_bsp//libhal_bsp.a(alt_iic.o)
 .data          0x00813ca0        0x0 ../../hw/de0_vga_qsys/software/de0_vga_qsys_bsp//libhal_bsp.a(alt_iic_isr_register.o)
 .data          0x00813ca0        0x0 ../../hw/de0_vga_qsys/software/de0_vga_qsys_bsp//libhal_bsp.a(alt_io_redirect.o)
 .data          0x00813ca0        0x0 ../../hw/de0_vga_qsys/software/de0_vga_qsys_bsp//libhal_bsp.a(alt_irq_entry.o)
 .data          0x00813ca0        0x0 ../../hw/de0_vga_qsys/software/de0_vga_qsys_bsp//libhal_bsp.a(alt_irq_handler.o)
 .data          0x00813ca0        0x0 ../../hw/de0_vga_qsys/software/de0_vga_qsys_bsp//libhal_bsp.a(alt_irq_vars.o)
 .data          0x00813ca0        0x0 ../../hw/de0_vga_qsys/software/de0_vga_qsys_bsp//libhal_bsp.a(alt_open.o)
 .data          0x00813ca0        0x0 ../../hw/de0_vga_qsys/software/de0_vga_qsys_bsp//libhal_bsp.a(alt_tick.o)
 .data          0x00813ca0        0x0 ../../hw/de0_vga_qsys/software/de0_vga_qsys_bsp//libhal_bsp.a(altera_nios2_qsys_irq.o)
 .data          0x00813ca0        0x0 ../../hw/de0_vga_qsys/software/de0_vga_qsys_bsp//libhal_bsp.a(alt_exception_entry.o)
 .data          0x00813ca0        0x0 ../../hw/de0_vga_qsys/software/de0_vga_qsys_bsp//libhal_bsp.a(alt_find_dev.o)
 .data          0x00813ca0        0x0 ../../hw/de0_vga_qsys/software/de0_vga_qsys_bsp//libhal_bsp.a(alt_find_file.o)
 .data          0x00813ca0        0x0 ../../hw/de0_vga_qsys/software/de0_vga_qsys_bsp//libhal_bsp.a(alt_get_fd.o)
 .data          0x00813ca0        0x0 ../../hw/de0_vga_qsys/software/de0_vga_qsys_bsp//libhal_bsp.a(alt_icache_flush.o)
 .data          0x00813ca0        0x0 /opt/altera/11.1/nios2eds/bin/gnu/H-i686-pc-linux-gnu/bin/../lib/gcc/nios2-elf/4.1.2/../../../../nios2-elf/lib/libc.a(lib_a-atexit.o)
 .data          0x00813ca0        0x0 /opt/altera/11.1/nios2eds/bin/gnu/H-i686-pc-linux-gnu/bin/../lib/gcc/nios2-elf/4.1.2/../../../../nios2-elf/lib/libc.a(lib_a-exit.o)
 .data          0x00813ca0        0x0 /opt/altera/11.1/nios2eds/bin/gnu/H-i686-pc-linux-gnu/bin/../lib/gcc/nios2-elf/4.1.2/../../../../nios2-elf/lib/libc.a(lib_a-memcmp.o)
 .data          0x00813ca0        0x0 /opt/altera/11.1/nios2eds/bin/gnu/H-i686-pc-linux-gnu/bin/../lib/gcc/nios2-elf/4.1.2/../../../../nios2-elf/lib/libc.a(lib_a-__atexit.o)
 .data          0x00813ca0        0x0 /opt/altera/11.1/nios2eds/bin/gnu/H-i686-pc-linux-gnu/bin/../lib/gcc/nios2-elf/4.1.2/../../../../nios2-elf/lib/libc.a(lib_a-__call_atexit.o)
 .data          0x00813ca0        0x0 ../../hw/de0_vga_qsys/software/de0_vga_qsys_bsp//libhal_bsp.a(alt_exit.o)
                0x0081bca0                _gp = ABSOLUTE ((. + 0x8000))
                0x0081bca0                PROVIDE (gp, _gp)
 *(.rwdata .rwdata.*)
 *(.sdata .sdata.* .gnu.linkonce.s.*)
 .sdata         0x00813ca0        0x8 /opt/altera/11.1/nios2eds/bin/gnu/H-i686-pc-linux-gnu/bin/../lib/gcc/nios2-elf/4.1.2/../../../../nios2-elf/lib/libc.a(lib_a-mallocr.o)
                0x00813ca0                __malloc_trim_threshold
                0x00813ca4                __malloc_sbrk_base
 .sdata         0x00813ca8        0x4 /opt/altera/11.1/nios2eds/bin/gnu/H-i686-pc-linux-gnu/bin/../lib/gcc/nios2-elf/4.1.2/../../../../nios2-elf/lib/libc.a(lib_a-ctype_.o)
                0x00813ca8                __ctype_ptr
 .sdata         0x00813cac        0x8 /opt/altera/11.1/nios2eds/bin/gnu/H-i686-pc-linux-gnu/bin/../lib/gcc/nios2-elf/4.1.2/../../../../nios2-elf/lib/libc.a(lib_a-impure.o)
                0x00813cac                _impure_ptr
                0x00813cb0                _global_impure_ptr
 .sdata         0x00813cb4        0x8 /opt/altera/11.1/nios2eds/bin/gnu/H-i686-pc-linux-gnu/bin/../lib/gcc/nios2-elf/4.1.2/../../../../nios2-elf/lib/libc.a(lib_a-locale.o)
                0x00813cb4                __mb_cur_max
 .sdata         0x00813cbc       0x14 ../../hw/de0_vga_qsys/software/de0_vga_qsys_bsp//libhal_bsp.a(alt_dev.o)
                0x00813cbc                alt_fs_list
                0x00813cc4                alt_dev_list
                0x00813ccc                alt_max_fd
 .sdata         0x00813cd0        0x4 ../../hw/de0_vga_qsys/software/de0_vga_qsys_bsp//libhal_bsp.a(alt_errno.o)
                0x00813cd0                alt_errno
 .sdata         0x00813cd4        0x4 ../../hw/de0_vga_qsys/software/de0_vga_qsys_bsp//libhal_bsp.a(alt_sbrk.o)
 .sdata         0x00813cd8        0x4 ../../hw/de0_vga_qsys/software/de0_vga_qsys_bsp//libhal_bsp.a(alt_irq_vars.o)
                0x00813cd8                alt_priority_mask
 .sdata         0x00813cdc        0x8 ../../hw/de0_vga_qsys/software/de0_vga_qsys_bsp//libhal_bsp.a(alt_tick.o)
                0x00813cdc                alt_alarm_list
 *(.sdata2 .sdata2.* .gnu.linkonce.s2.*)
                0x00813ce4                . = ALIGN (0x4)
                0x00813ce4                _edata = ABSOLUTE (.)
                0x00813ce4                PROVIDE (edata, ABSOLUTE (.))
                0x00813ce4                PROVIDE (__ram_rwdata_end, ABSOLUTE (.))
                0x00813ce4                PROVIDE (__flash_rwdata_start, LOADADDR (.rwdata))

.bss            0x0081576c      0x3ec
                0x0081576c                __bss_start = ABSOLUTE (.)
                0x0081576c                PROVIDE (__sbss_start, ABSOLUTE (.))
                0x0081576c                PROVIDE (___sbss_start, ABSOLUTE (.))
 *(.dynsbss)
 *(.sbss .sbss.* .gnu.linkonce.sb.*)
 .sbss          0x0081576c        0xc /opt/altera/11.1/nios2eds/bin/gnu/H-i686-pc-linux-gnu/bin/../lib/gcc/nios2-elf/4.1.2/../../../../nios2-elf/lib/libc.a(lib_a-mallocr.o)
                0x0081576c                __malloc_top_pad
                0x00815770                __malloc_max_sbrked_mem
                0x00815774                __malloc_max_total_mem
 .sbss          0x00815778        0x4 /opt/altera/11.1/nios2eds/bin/gnu/H-i686-pc-linux-gnu/bin/../lib/gcc/nios2-elf/4.1.2/../../../../nios2-elf/lib/libc.a(lib_a-int_errno.o)
                0x00815778                errno
 .sbss          0x0081577c        0xc /opt/altera/11.1/nios2eds/bin/gnu/H-i686-pc-linux-gnu/bin/../lib/gcc/nios2-elf/4.1.2/../../../../nios2-elf/lib/libc.a(lib_a-locale.o)
                0x0081577c                __nlocale_changed
                0x00815780                __mlocale_changed
                0x00815784                _PathLocale
 .sbss          0x00815788        0xc ../../hw/de0_vga_qsys/software/de0_vga_qsys_bsp//libhal_bsp.a(alt_main.o)
                0x00815788                alt_argc
                0x0081578c                alt_argv
                0x00815790                alt_envp
 .sbss          0x00815794        0x4 ../../hw/de0_vga_qsys/software/de0_vga_qsys_bsp//libhal_bsp.a(alt_irq_vars.o)
                0x00815794                alt_irq_active
 .sbss          0x00815798        0x8 ../../hw/de0_vga_qsys/software/de0_vga_qsys_bsp//libhal_bsp.a(alt_tick.o)
                0x00815798                _alt_tick_rate
                0x0081579c                _alt_nticks
 *(.sbss2 .sbss2.* .gnu.linkonce.sb2.*)
 *(.scommon)
                0x008157a0                PROVIDE (__sbss_end, ABSOLUTE (.))
                0x008157a0                PROVIDE (___sbss_end, ABSOLUTE (.))
 *(.dynbss)
 *(.bss .bss.* .gnu.linkonce.b.*)
 .bss           0x008157a0        0x0 ../../hw/de0_vga_qsys/software/de0_vga_qsys_bsp//obj/HAL/src/crt0.o
 .bss           0x008157a0        0x0 obj/default/main.o
 .bss           0x008157a0        0x0 /opt/altera/11.1/nios2eds/bin/gnu/H-i686-pc-linux-gnu/bin/../lib/gcc/nios2-elf/4.1.2/../../../../nios2-elf/lib/libc.a(lib_a-malloc.o)
 .bss           0x008157a0       0x28 /opt/altera/11.1/nios2eds/bin/gnu/H-i686-pc-linux-gnu/bin/../lib/gcc/nios2-elf/4.1.2/../../../../nios2-elf/lib/libc.a(lib_a-mallocr.o)
                0x008157a0                __malloc_current_mallinfo
 .bss           0x008157c8        0x0 /opt/altera/11.1/nios2eds/bin/gnu/H-i686-pc-linux-gnu/bin/../lib/gcc/nios2-elf/4.1.2/../../../../nios2-elf/lib/libc.a(lib_a-memset.o)
 .bss           0x008157c8        0x0 /opt/altera/11.1/nios2eds/bin/gnu/H-i686-pc-linux-gnu/bin/../lib/gcc/nios2-elf/4.1.2/../../../../nios2-elf/lib/libc.a(lib_a-printf.o)
 .bss           0x008157c8        0x0 /opt/altera/11.1/nios2eds/bin/gnu/H-i686-pc-linux-gnu/bin/../lib/gcc/nios2-elf/4.1.2/../../../../nios2-elf/lib/libc.a(lib_a-puts.o)
 .bss           0x008157c8        0x0 /opt/altera/11.1/nios2eds/bin/gnu/H-i686-pc-linux-gnu/bin/../lib/gcc/nios2-elf/4.1.2/../../../../nios2-elf/lib/libc.a(lib_a-sbrkr.o)
 .bss           0x008157c8        0x0 /opt/altera/11.1/nios2eds/bin/gnu/H-i686-pc-linux-gnu/bin/../lib/gcc/nios2-elf/4.1.2/../../../../nios2-elf/lib/libc.a(lib_a-scanf.o)
 .bss           0x008157c8        0x0 /opt/altera/11.1/nios2eds/bin/gnu/H-i686-pc-linux-gnu/bin/../lib/gcc/nios2-elf/4.1.2/../../../../nios2-elf/lib/libc.a(lib_a-strlen.o)
 .bss           0x008157c8        0x0 /opt/altera/11.1/nios2eds/bin/gnu/H-i686-pc-linux-gnu/bin/../lib/gcc/nios2-elf/4.1.2/../../../../nios2-elf/lib/libc.a(lib_a-vfprintf.o)
 .bss           0x008157c8        0x0 /opt/altera/11.1/nios2eds/bin/gnu/H-i686-pc-linux-gnu/bin/../lib/gcc/nios2-elf/4.1.2/../../../../nios2-elf/lib/libc.a(lib_a-vfscanf.o)
 .bss           0x008157c8        0x0 /opt/altera/11.1/nios2eds/bin/gnu/H-i686-pc-linux-gnu/bin/../lib/gcc/nios2-elf/4.1.2/../../../../nios2-elf/lib/libc.a(lib_a-wsetup.o)
 .bss           0x008157c8        0x0 /opt/altera/11.1/nios2eds/bin/gnu/H-i686-pc-linux-gnu/bin/../lib/gcc/nios2-elf/4.1.2/../../../../nios2-elf/lib/libc.a(lib_a-ctype_.o)
 .bss           0x008157c8        0x0 /opt/altera/11.1/nios2eds/bin/gnu/H-i686-pc-linux-gnu/bin/../lib/gcc/nios2-elf/4.1.2/../../../../nios2-elf/lib/libc.a(lib_a-dtoa.o)
 .bss           0x008157c8        0x0 /opt/altera/11.1/nios2eds/bin/gnu/H-i686-pc-linux-gnu/bin/../lib/gcc/nios2-elf/4.1.2/../../../../nios2-elf/lib/libc.a(lib_a-fflush.o)
 .bss           0x008157c8        0x0 /opt/altera/11.1/nios2eds/bin/gnu/H-i686-pc-linux-gnu/bin/../lib/gcc/nios2-elf/4.1.2/../../../../nios2-elf/lib/libc.a(lib_a-findfp.o)
 .bss           0x008157c8        0x0 /opt/altera/11.1/nios2eds/bin/gnu/H-i686-pc-linux-gnu/bin/../lib/gcc/nios2-elf/4.1.2/../../../../nios2-elf/lib/libc.a(lib_a-fread.o)
 .bss           0x008157c8        0x0 /opt/altera/11.1/nios2eds/bin/gnu/H-i686-pc-linux-gnu/bin/../lib/gcc/nios2-elf/4.1.2/../../../../nios2-elf/lib/libc.a(lib_a-freer.o)
 .bss           0x008157c8        0x0 /opt/altera/11.1/nios2eds/bin/gnu/H-i686-pc-linux-gnu/bin/../lib/gcc/nios2-elf/4.1.2/../../../../nios2-elf/lib/libc.a(lib_a-fvwrite.o)
 .bss           0x008157c8        0x0 /opt/altera/11.1/nios2eds/bin/gnu/H-i686-pc-linux-gnu/bin/../lib/gcc/nios2-elf/4.1.2/../../../../nios2-elf/lib/libc.a(lib_a-fwalk.o)
 .bss           0x008157c8        0x0 /opt/altera/11.1/nios2eds/bin/gnu/H-i686-pc-linux-gnu/bin/../lib/gcc/nios2-elf/4.1.2/../../../../nios2-elf/lib/libc.a(lib_a-impure.o)
 .bss           0x008157c8        0x0 /opt/altera/11.1/nios2eds/bin/gnu/H-i686-pc-linux-gnu/bin/../lib/gcc/nios2-elf/4.1.2/../../../../nios2-elf/lib/libc.a(lib_a-int_errno.o)
 .bss           0x008157c8        0x0 /opt/altera/11.1/nios2eds/bin/gnu/H-i686-pc-linux-gnu/bin/../lib/gcc/nios2-elf/4.1.2/../../../../nios2-elf/lib/libc.a(lib_a-iswspace.o)
 .bss           0x008157c8        0x0 /opt/altera/11.1/nios2eds/bin/gnu/H-i686-pc-linux-gnu/bin/../lib/gcc/nios2-elf/4.1.2/../../../../nios2-elf/lib/libc.a(lib_a-locale.o)
 .bss           0x008157c8        0x0 /opt/altera/11.1/nios2eds/bin/gnu/H-i686-pc-linux-gnu/bin/../lib/gcc/nios2-elf/4.1.2/../../../../nios2-elf/lib/libc.a(lib_a-makebuf.o)
 .bss           0x008157c8        0x0 /opt/altera/11.1/nios2eds/bin/gnu/H-i686-pc-linux-gnu/bin/../lib/gcc/nios2-elf/4.1.2/../../../../nios2-elf/lib/libc.a(lib_a-mbrtowc.o)
 .bss           0x008157c8        0x0 /opt/altera/11.1/nios2eds/bin/gnu/H-i686-pc-linux-gnu/bin/../lib/gcc/nios2-elf/4.1.2/../../../../nios2-elf/lib/libc.a(lib_a-mbtowc_r.o)
 .bss           0x008157c8        0x0 /opt/altera/11.1/nios2eds/bin/gnu/H-i686-pc-linux-gnu/bin/../lib/gcc/nios2-elf/4.1.2/../../../../nios2-elf/lib/libc.a(lib_a-memchr.o)
 .bss           0x008157c8        0x0 /opt/altera/11.1/nios2eds/bin/gnu/H-i686-pc-linux-gnu/bin/../lib/gcc/nios2-elf/4.1.2/../../../../nios2-elf/lib/libc.a(lib_a-memcpy.o)
 .bss           0x008157c8        0x0 /opt/altera/11.1/nios2eds/bin/gnu/H-i686-pc-linux-gnu/bin/../lib/gcc/nios2-elf/4.1.2/../../../../nios2-elf/lib/libc.a(lib_a-memmove.o)
 .bss           0x008157c8        0x0 /opt/altera/11.1/nios2eds/bin/gnu/H-i686-pc-linux-gnu/bin/../lib/gcc/nios2-elf/4.1.2/../../../../nios2-elf/lib/libc.a(lib_a-mprec.o)
 .bss           0x008157c8        0x0 /opt/altera/11.1/nios2eds/bin/gnu/H-i686-pc-linux-gnu/bin/../lib/gcc/nios2-elf/4.1.2/../../../../nios2-elf/lib/libc.a(lib_a-reallocr.o)
 .bss           0x008157c8        0x0 /opt/altera/11.1/nios2eds/bin/gnu/H-i686-pc-linux-gnu/bin/../lib/gcc/nios2-elf/4.1.2/../../../../nios2-elf/lib/libc.a(lib_a-refill.o)
 .bss           0x008157c8        0x0 /opt/altera/11.1/nios2eds/bin/gnu/H-i686-pc-linux-gnu/bin/../lib/gcc/nios2-elf/4.1.2/../../../../nios2-elf/lib/libc.a(lib_a-s_isinfd.o)
 .bss           0x008157c8        0x0 /opt/altera/11.1/nios2eds/bin/gnu/H-i686-pc-linux-gnu/bin/../lib/gcc/nios2-elf/4.1.2/../../../../nios2-elf/lib/libc.a(lib_a-s_isnand.o)
 .bss           0x008157c8        0x0 /opt/altera/11.1/nios2eds/bin/gnu/H-i686-pc-linux-gnu/bin/../lib/gcc/nios2-elf/4.1.2/../../../../nios2-elf/lib/libc.a(lib_a-sccl.o)
 .bss           0x008157c8        0x0 /opt/altera/11.1/nios2eds/bin/gnu/H-i686-pc-linux-gnu/bin/../lib/gcc/nios2-elf/4.1.2/../../../../nios2-elf/lib/libc.a(lib_a-sf_nan.o)
 .bss           0x008157c8        0x0 /opt/altera/11.1/nios2eds/bin/gnu/H-i686-pc-linux-gnu/bin/../lib/gcc/nios2-elf/4.1.2/../../../../nios2-elf/lib/libc.a(lib_a-sprintf.o)
 .bss           0x008157c8        0x0 /opt/altera/11.1/nios2eds/bin/gnu/H-i686-pc-linux-gnu/bin/../lib/gcc/nios2-elf/4.1.2/../../../../nios2-elf/lib/libc.a(lib_a-stdio.o)
 .bss           0x008157c8        0x0 /opt/altera/11.1/nios2eds/bin/gnu/H-i686-pc-linux-gnu/bin/../lib/gcc/nios2-elf/4.1.2/../../../../nios2-elf/lib/libc.a(lib_a-strcmp.o)
 .bss           0x008157c8        0x0 /opt/altera/11.1/nios2eds/bin/gnu/H-i686-pc-linux-gnu/bin/../lib/gcc/nios2-elf/4.1.2/../../../../nios2-elf/lib/libc.a(lib_a-strtod.o)
 .bss           0x008157c8        0x0 /opt/altera/11.1/nios2eds/bin/gnu/H-i686-pc-linux-gnu/bin/../lib/gcc/nios2-elf/4.1.2/../../../../nios2-elf/lib/libc.a(lib_a-strtol.o)
 .bss           0x008157c8        0x0 /opt/altera/11.1/nios2eds/bin/gnu/H-i686-pc-linux-gnu/bin/../lib/gcc/nios2-elf/4.1.2/../../../../nios2-elf/lib/libc.a(lib_a-strtoll_r.o)
 .bss           0x008157c8        0x0 /opt/altera/11.1/nios2eds/bin/gnu/H-i686-pc-linux-gnu/bin/../lib/gcc/nios2-elf/4.1.2/../../../../nios2-elf/lib/libc.a(lib_a-strtoul.o)
 .bss           0x008157c8        0x0 /opt/altera/11.1/nios2eds/bin/gnu/H-i686-pc-linux-gnu/bin/../lib/gcc/nios2-elf/4.1.2/../../../../nios2-elf/lib/libc.a(lib_a-strtoull_r.o)
 .bss           0x008157c8        0x0 /opt/altera/11.1/nios2eds/bin/gnu/H-i686-pc-linux-gnu/bin/../lib/gcc/nios2-elf/4.1.2/../../../../nios2-elf/lib/libc.a(lib_a-ungetc.o)
 .bss           0x008157c8        0x0 /opt/altera/11.1/nios2eds/bin/gnu/H-i686-pc-linux-gnu/bin/../lib/gcc/nios2-elf/4.1.2/../../../../nios2-elf/lib/libc.a(lib_a-writer.o)
 .bss           0x008157c8        0x0 /opt/altera/11.1/nios2eds/bin/gnu/H-i686-pc-linux-gnu/bin/../lib/gcc/nios2-elf/4.1.2/../../../../nios2-elf/lib/libc.a(lib_a-callocr.o)
 .bss           0x008157c8        0x0 /opt/altera/11.1/nios2eds/bin/gnu/H-i686-pc-linux-gnu/bin/../lib/gcc/nios2-elf/4.1.2/../../../../nios2-elf/lib/libc.a(lib_a-closer.o)
 .bss           0x008157c8        0x0 /opt/altera/11.1/nios2eds/bin/gnu/H-i686-pc-linux-gnu/bin/../lib/gcc/nios2-elf/4.1.2/../../../../nios2-elf/lib/libc.a(lib_a-fclose.o)
 .bss           0x008157c8        0x0 /opt/altera/11.1/nios2eds/bin/gnu/H-i686-pc-linux-gnu/bin/../lib/gcc/nios2-elf/4.1.2/../../../../nios2-elf/lib/libc.a(lib_a-fstatr.o)
 .bss           0x008157c8        0x0 /opt/altera/11.1/nios2eds/bin/gnu/H-i686-pc-linux-gnu/bin/../lib/gcc/nios2-elf/4.1.2/../../../../nios2-elf/lib/libc.a(lib_a-gdtoa-gethex.o)
 .bss           0x008157c8        0x0 /opt/altera/11.1/nios2eds/bin/gnu/H-i686-pc-linux-gnu/bin/../lib/gcc/nios2-elf/4.1.2/../../../../nios2-elf/lib/libc.a(lib_a-gdtoa-hexnan.o)
 .bss           0x008157c8        0x0 /opt/altera/11.1/nios2eds/bin/gnu/H-i686-pc-linux-gnu/bin/../lib/gcc/nios2-elf/4.1.2/../../../../nios2-elf/lib/libc.a(lib_a-isattyr.o)
 .bss           0x008157c8        0x0 /opt/altera/11.1/nios2eds/bin/gnu/H-i686-pc-linux-gnu/bin/../lib/gcc/nios2-elf/4.1.2/../../../../nios2-elf/lib/libc.a(lib_a-lseekr.o)
 .bss           0x008157c8        0x0 /opt/altera/11.1/nios2eds/bin/gnu/H-i686-pc-linux-gnu/bin/../lib/gcc/nios2-elf/4.1.2/../../../../nios2-elf/lib/libc.a(lib_a-readr.o)
 .bss           0x008157c8        0x0 /opt/altera/11.1/nios2eds/bin/gnu/H-i686-pc-linux-gnu/bin/../lib/gcc/nios2-elf/4.1.2/libgcc.a(_muldi3.o)
 .bss           0x008157c8        0x0 /opt/altera/11.1/nios2eds/bin/gnu/H-i686-pc-linux-gnu/bin/../lib/gcc/nios2-elf/4.1.2/libgcc.a(_fixunsdfsi.o)
 .bss           0x008157c8        0x0 /opt/altera/11.1/nios2eds/bin/gnu/H-i686-pc-linux-gnu/bin/../lib/gcc/nios2-elf/4.1.2/libgcc.a(_udivdi3.o)
 .bss           0x008157c8        0x0 /opt/altera/11.1/nios2eds/bin/gnu/H-i686-pc-linux-gnu/bin/../lib/gcc/nios2-elf/4.1.2/libgcc.a(_umoddi3.o)
 .bss           0x008157c8        0x0 /opt/altera/11.1/nios2eds/bin/gnu/H-i686-pc-linux-gnu/bin/../lib/gcc/nios2-elf/4.1.2/libgcc.a(_ne_sf.o)
 .bss           0x008157c8        0x0 /opt/altera/11.1/nios2eds/bin/gnu/H-i686-pc-linux-gnu/bin/../lib/gcc/nios2-elf/4.1.2/libgcc.a(_gt_sf.o)
 .bss           0x008157c8        0x0 /opt/altera/11.1/nios2eds/bin/gnu/H-i686-pc-linux-gnu/bin/../lib/gcc/nios2-elf/4.1.2/libgcc.a(_lt_sf.o)
 .bss           0x008157c8        0x0 /opt/altera/11.1/nios2eds/bin/gnu/H-i686-pc-linux-gnu/bin/../lib/gcc/nios2-elf/4.1.2/libgcc.a(_addsub_df.o)
 .bss           0x008157c8        0x0 /opt/altera/11.1/nios2eds/bin/gnu/H-i686-pc-linux-gnu/bin/../lib/gcc/nios2-elf/4.1.2/libgcc.a(_mul_df.o)
 .bss           0x008157c8        0x0 /opt/altera/11.1/nios2eds/bin/gnu/H-i686-pc-linux-gnu/bin/../lib/gcc/nios2-elf/4.1.2/libgcc.a(_div_df.o)
 .bss           0x008157c8        0x0 /opt/altera/11.1/nios2eds/bin/gnu/H-i686-pc-linux-gnu/bin/../lib/gcc/nios2-elf/4.1.2/libgcc.a(_eq_df.o)
 .bss           0x008157c8        0x0 /opt/altera/11.1/nios2eds/bin/gnu/H-i686-pc-linux-gnu/bin/../lib/gcc/nios2-elf/4.1.2/libgcc.a(_ne_df.o)
 .bss           0x008157c8        0x0 /opt/altera/11.1/nios2eds/bin/gnu/H-i686-pc-linux-gnu/bin/../lib/gcc/nios2-elf/4.1.2/libgcc.a(_gt_df.o)
 .bss           0x008157c8        0x0 /opt/altera/11.1/nios2eds/bin/gnu/H-i686-pc-linux-gnu/bin/../lib/gcc/nios2-elf/4.1.2/libgcc.a(_ge_df.o)
 .bss           0x008157c8        0x0 /opt/altera/11.1/nios2eds/bin/gnu/H-i686-pc-linux-gnu/bin/../lib/gcc/nios2-elf/4.1.2/libgcc.a(_lt_df.o)
 .bss           0x008157c8        0x0 /opt/altera/11.1/nios2eds/bin/gnu/H-i686-pc-linux-gnu/bin/../lib/gcc/nios2-elf/4.1.2/libgcc.a(_le_df.o)
 .bss           0x008157c8        0x0 /opt/altera/11.1/nios2eds/bin/gnu/H-i686-pc-linux-gnu/bin/../lib/gcc/nios2-elf/4.1.2/libgcc.a(_si_to_df.o)
 .bss           0x008157c8        0x0 /opt/altera/11.1/nios2eds/bin/gnu/H-i686-pc-linux-gnu/bin/../lib/gcc/nios2-elf/4.1.2/libgcc.a(_df_to_si.o)
 .bss           0x008157c8        0x0 /opt/altera/11.1/nios2eds/bin/gnu/H-i686-pc-linux-gnu/bin/../lib/gcc/nios2-elf/4.1.2/libgcc.a(_df_to_sf.o)
 .bss           0x008157c8        0x0 /opt/altera/11.1/nios2eds/bin/gnu/H-i686-pc-linux-gnu/bin/../lib/gcc/nios2-elf/4.1.2/libgcc.a(_thenan_df.o)
 .bss           0x008157c8        0x0 /opt/altera/11.1/nios2eds/bin/gnu/H-i686-pc-linux-gnu/bin/../lib/gcc/nios2-elf/4.1.2/libgcc.a(_usi_to_df.o)
 .bss           0x008157c8        0x0 /opt/altera/11.1/nios2eds/bin/gnu/H-i686-pc-linux-gnu/bin/../lib/gcc/nios2-elf/4.1.2/libgcc.a(lib2-divmod.o)
 .bss           0x008157c8        0x0 /opt/altera/11.1/nios2eds/bin/gnu/H-i686-pc-linux-gnu/bin/../lib/gcc/nios2-elf/4.1.2/libgcc.a(_clz.o)
 .bss           0x008157c8        0x0 /opt/altera/11.1/nios2eds/bin/gnu/H-i686-pc-linux-gnu/bin/../lib/gcc/nios2-elf/4.1.2/libgcc.a(_clzsi2.o)
 .bss           0x008157c8        0x0 /opt/altera/11.1/nios2eds/bin/gnu/H-i686-pc-linux-gnu/bin/../lib/gcc/nios2-elf/4.1.2/libgcc.a(_unpack_sf.o)
 .bss           0x008157c8        0x0 /opt/altera/11.1/nios2eds/bin/gnu/H-i686-pc-linux-gnu/bin/../lib/gcc/nios2-elf/4.1.2/libgcc.a(_fpcmp_parts_sf.o)
 .bss           0x008157c8        0x0 /opt/altera/11.1/nios2eds/bin/gnu/H-i686-pc-linux-gnu/bin/../lib/gcc/nios2-elf/4.1.2/libgcc.a(_make_sf.o)
 .bss           0x008157c8        0x0 /opt/altera/11.1/nios2eds/bin/gnu/H-i686-pc-linux-gnu/bin/../lib/gcc/nios2-elf/4.1.2/libgcc.a(_pack_df.o)
 .bss           0x008157c8        0x0 /opt/altera/11.1/nios2eds/bin/gnu/H-i686-pc-linux-gnu/bin/../lib/gcc/nios2-elf/4.1.2/libgcc.a(_unpack_df.o)
 .bss           0x008157c8        0x0 /opt/altera/11.1/nios2eds/bin/gnu/H-i686-pc-linux-gnu/bin/../lib/gcc/nios2-elf/4.1.2/libgcc.a(_fpcmp_parts_df.o)
 .bss           0x008157c8        0x0 /opt/altera/11.1/nios2eds/bin/gnu/H-i686-pc-linux-gnu/bin/../lib/gcc/nios2-elf/4.1.2/libgcc.a(_pack_sf.o)
 .bss           0x008157c8        0x0 ../../hw/de0_vga_qsys/software/de0_vga_qsys_bsp//libhal_bsp.a(alt_close.o)
 .bss           0x008157c8        0x0 ../../hw/de0_vga_qsys/software/de0_vga_qsys_bsp//libhal_bsp.a(alt_dev.o)
 .bss           0x008157c8        0x0 ../../hw/de0_vga_qsys/software/de0_vga_qsys_bsp//libhal_bsp.a(alt_errno.o)
 .bss           0x008157c8        0x0 ../../hw/de0_vga_qsys/software/de0_vga_qsys_bsp//libhal_bsp.a(alt_fstat.o)
 .bss           0x008157c8        0x0 ../../hw/de0_vga_qsys/software/de0_vga_qsys_bsp//libhal_bsp.a(alt_isatty.o)
 .bss           0x008157c8        0x0 ../../hw/de0_vga_qsys/software/de0_vga_qsys_bsp//libhal_bsp.a(alt_load.o)
 .bss           0x008157c8        0x0 ../../hw/de0_vga_qsys/software/de0_vga_qsys_bsp//libhal_bsp.a(alt_lseek.o)
 .bss           0x008157c8        0x0 ../../hw/de0_vga_qsys/software/de0_vga_qsys_bsp//libhal_bsp.a(alt_main.o)
 .bss           0x008157c8        0x0 ../../hw/de0_vga_qsys/software/de0_vga_qsys_bsp//libhal_bsp.a(alt_malloc_lock.o)
 .bss           0x008157c8        0x0 ../../hw/de0_vga_qsys/software/de0_vga_qsys_bsp//libhal_bsp.a(alt_read.o)
 .bss           0x008157c8        0x0 ../../hw/de0_vga_qsys/software/de0_vga_qsys_bsp//libhal_bsp.a(alt_release_fd.o)
 .bss           0x008157c8        0x0 ../../hw/de0_vga_qsys/software/de0_vga_qsys_bsp//libhal_bsp.a(alt_sbrk.o)
 .bss           0x008157c8        0x0 ../../hw/de0_vga_qsys/software/de0_vga_qsys_bsp//libhal_bsp.a(alt_write.o)
 .bss           0x008157c8        0x0 ../../hw/de0_vga_qsys/software/de0_vga_qsys_bsp//libhal_bsp.a(alt_sys_init.o)
 .bss           0x008157c8        0x0 ../../hw/de0_vga_qsys/software/de0_vga_qsys_bsp//libhal_bsp.a(altera_avalon_jtag_uart_fd.o)
 .bss           0x008157c8        0x0 ../../hw/de0_vga_qsys/software/de0_vga_qsys_bsp//libhal_bsp.a(altera_avalon_jtag_uart_init.o)
 .bss           0x008157c8        0x0 ../../hw/de0_vga_qsys/software/de0_vga_qsys_bsp//libhal_bsp.a(altera_avalon_jtag_uart_ioctl.o)
 .bss           0x008157c8        0x0 ../../hw/de0_vga_qsys/software/de0_vga_qsys_bsp//libhal_bsp.a(altera_avalon_jtag_uart_read.o)
 .bss           0x008157c8        0x0 ../../hw/de0_vga_qsys/software/de0_vga_qsys_bsp//libhal_bsp.a(altera_avalon_jtag_uart_write.o)
 .bss           0x008157c8        0x0 ../../hw/de0_vga_qsys/software/de0_vga_qsys_bsp//libhal_bsp.a(alt_alarm_start.o)
 .bss           0x008157c8        0x0 ../../hw/de0_vga_qsys/software/de0_vga_qsys_bsp//libhal_bsp.a(alt_dcache_flush_all.o)
 .bss           0x008157c8        0x0 ../../hw/de0_vga_qsys/software/de0_vga_qsys_bsp//libhal_bsp.a(alt_dev_llist_insert.o)
 .bss           0x008157c8        0x0 ../../hw/de0_vga_qsys/software/de0_vga_qsys_bsp//libhal_bsp.a(alt_do_ctors.o)
 .bss           0x008157c8        0x0 ../../hw/de0_vga_qsys/software/de0_vga_qsys_bsp//libhal_bsp.a(alt_do_dtors.o)
 .bss           0x008157c8        0x0 ../../hw/de0_vga_qsys/software/de0_vga_qsys_bsp//libhal_bsp.a(alt_icache_flush_all.o)
 .bss           0x008157c8        0x0 ../../hw/de0_vga_qsys/software/de0_vga_qsys_bsp//libhal_bsp.a(alt_iic.o)
 .bss           0x008157c8        0x0 ../../hw/de0_vga_qsys/software/de0_vga_qsys_bsp//libhal_bsp.a(alt_iic_isr_register.o)
 .bss           0x008157c8        0x0 ../../hw/de0_vga_qsys/software/de0_vga_qsys_bsp//libhal_bsp.a(alt_io_redirect.o)
 .bss           0x008157c8        0x0 ../../hw/de0_vga_qsys/software/de0_vga_qsys_bsp//libhal_bsp.a(alt_irq_entry.o)
 .bss           0x008157c8        0x0 ../../hw/de0_vga_qsys/software/de0_vga_qsys_bsp//libhal_bsp.a(alt_irq_handler.o)
 .bss           0x008157c8        0x0 ../../hw/de0_vga_qsys/software/de0_vga_qsys_bsp//libhal_bsp.a(alt_irq_vars.o)
 .bss           0x008157c8        0x0 ../../hw/de0_vga_qsys/software/de0_vga_qsys_bsp//libhal_bsp.a(alt_open.o)
 .bss           0x008157c8        0x0 ../../hw/de0_vga_qsys/software/de0_vga_qsys_bsp//libhal_bsp.a(alt_tick.o)
 .bss           0x008157c8        0x0 ../../hw/de0_vga_qsys/software/de0_vga_qsys_bsp//libhal_bsp.a(altera_nios2_qsys_irq.o)
 .bss           0x008157c8        0x0 ../../hw/de0_vga_qsys/software/de0_vga_qsys_bsp//libhal_bsp.a(alt_exception_entry.o)
 .bss           0x008157c8        0x0 ../../hw/de0_vga_qsys/software/de0_vga_qsys_bsp//libhal_bsp.a(alt_find_dev.o)
 .bss           0x008157c8        0x0 ../../hw/de0_vga_qsys/software/de0_vga_qsys_bsp//libhal_bsp.a(alt_find_file.o)
 .bss           0x008157c8        0x0 ../../hw/de0_vga_qsys/software/de0_vga_qsys_bsp//libhal_bsp.a(alt_get_fd.o)
 .bss           0x008157c8        0x0 ../../hw/de0_vga_qsys/software/de0_vga_qsys_bsp//libhal_bsp.a(alt_icache_flush.o)
 .bss           0x008157c8        0x0 /opt/altera/11.1/nios2eds/bin/gnu/H-i686-pc-linux-gnu/bin/../lib/gcc/nios2-elf/4.1.2/../../../../nios2-elf/lib/libc.a(lib_a-atexit.o)
 .bss           0x008157c8        0x0 /opt/altera/11.1/nios2eds/bin/gnu/H-i686-pc-linux-gnu/bin/../lib/gcc/nios2-elf/4.1.2/../../../../nios2-elf/lib/libc.a(lib_a-exit.o)
 .bss           0x008157c8        0x0 /opt/altera/11.1/nios2eds/bin/gnu/H-i686-pc-linux-gnu/bin/../lib/gcc/nios2-elf/4.1.2/../../../../nios2-elf/lib/libc.a(lib_a-memcmp.o)
 .bss           0x008157c8        0x0 /opt/altera/11.1/nios2eds/bin/gnu/H-i686-pc-linux-gnu/bin/../lib/gcc/nios2-elf/4.1.2/../../../../nios2-elf/lib/libc.a(lib_a-__atexit.o)
 .bss           0x008157c8        0x0 /opt/altera/11.1/nios2eds/bin/gnu/H-i686-pc-linux-gnu/bin/../lib/gcc/nios2-elf/4.1.2/../../../../nios2-elf/lib/libc.a(lib_a-__call_atexit.o)
 .bss           0x008157c8        0x0 ../../hw/de0_vga_qsys/software/de0_vga_qsys_bsp//libhal_bsp.a(alt_exit.o)
 *(COMMON)
 COMMON         0x008157c8      0x100 /opt/altera/11.1/nios2eds/bin/gnu/H-i686-pc-linux-gnu/bin/../lib/gcc/nios2-elf/4.1.2/../../../../nios2-elf/lib/libc.a(lib_a-gdtoa-gethex.o)
                0x008157c8                __hexdig
 COMMON         0x008158c8      0x100 ../../hw/de0_vga_qsys/software/de0_vga_qsys_bsp//libhal_bsp.a(alt_irq_handler.o)
                0x008158c8                alt_irq
 COMMON         0x008159c8      0x190 /opt/altera/11.1/nios2eds/bin/gnu/H-i686-pc-linux-gnu/bin/../lib/gcc/nios2-elf/4.1.2/../../../../nios2-elf/lib/libc.a(lib_a-atexit.o)
                0x008159c8                _atexit0
                0x00815b58                . = ALIGN (0x4)
                0x00815b58                __bss_end = ABSOLUTE (.)

.sdram_0        0x00815b58        0x0
                0x00815b58                PROVIDE (_alt_partition_sdram_0_start, ABSOLUTE (.))
 *(.sdram_0. sdram_0.*)
                0x00815b58                . = ALIGN (0x4)
                0x00815b58                PROVIDE (_alt_partition_sdram_0_end, ABSOLUTE (.))
                0x00815b58                _end = ABSOLUTE (.)
                0x00815b58                end = ABSOLUTE (.)
                0x00815b58                __alt_stack_base = ABSOLUTE (.)
                0x00815b58                PROVIDE (_alt_partition_sdram_0_load_addr, LOADADDR (.sdram_0))

.stab
 *(.stab)

.stabstr
 *(.stabstr)

.stab.excl
 *(.stab.excl)

.stab.exclstr
 *(.stab.exclstr)

.stab.index
 *(.stab.index)

.stab.indexstr
 *(.stab.indexstr)

.comment        0x00000000       0x23
 *(.comment)
 .comment       0x00000000       0x23 obj/default/main.o
                                 0x24 (size before relaxing)
 .comment       0x00000000       0x24 /opt/altera/11.1/nios2eds/bin/gnu/H-i686-pc-linux-gnu/bin/../lib/gcc/nios2-elf/4.1.2/../../../../nios2-elf/lib/libc.a(lib_a-malloc.o)
 .comment       0x00000000       0x24 /opt/altera/11.1/nios2eds/bin/gnu/H-i686-pc-linux-gnu/bin/../lib/gcc/nios2-elf/4.1.2/../../../../nios2-elf/lib/libc.a(lib_a-mallocr.o)
 .comment       0x00000000       0x24 /opt/altera/11.1/nios2eds/bin/gnu/H-i686-pc-linux-gnu/bin/../lib/gcc/nios2-elf/4.1.2/../../../../nios2-elf/lib/libc.a(lib_a-memset.o)
 .comment       0x00000000       0x24 /opt/altera/11.1/nios2eds/bin/gnu/H-i686-pc-linux-gnu/bin/../lib/gcc/nios2-elf/4.1.2/../../../../nios2-elf/lib/libc.a(lib_a-printf.o)
 .comment       0x00000000       0x24 /opt/altera/11.1/nios2eds/bin/gnu/H-i686-pc-linux-gnu/bin/../lib/gcc/nios2-elf/4.1.2/../../../../nios2-elf/lib/libc.a(lib_a-puts.o)
 .comment       0x00000000       0x24 /opt/altera/11.1/nios2eds/bin/gnu/H-i686-pc-linux-gnu/bin/../lib/gcc/nios2-elf/4.1.2/../../../../nios2-elf/lib/libc.a(lib_a-sbrkr.o)
 .comment       0x00000000       0x24 /opt/altera/11.1/nios2eds/bin/gnu/H-i686-pc-linux-gnu/bin/../lib/gcc/nios2-elf/4.1.2/../../../../nios2-elf/lib/libc.a(lib_a-scanf.o)
 .comment       0x00000000       0x24 /opt/altera/11.1/nios2eds/bin/gnu/H-i686-pc-linux-gnu/bin/../lib/gcc/nios2-elf/4.1.2/../../../../nios2-elf/lib/libc.a(lib_a-strlen.o)
 .comment       0x00000000       0x24 /opt/altera/11.1/nios2eds/bin/gnu/H-i686-pc-linux-gnu/bin/../lib/gcc/nios2-elf/4.1.2/../../../../nios2-elf/lib/libc.a(lib_a-vfprintf.o)
 .comment       0x00000000       0x24 /opt/altera/11.1/nios2eds/bin/gnu/H-i686-pc-linux-gnu/bin/../lib/gcc/nios2-elf/4.1.2/../../../../nios2-elf/lib/libc.a(lib_a-vfscanf.o)
 .comment       0x00000000       0x24 /opt/altera/11.1/nios2eds/bin/gnu/H-i686-pc-linux-gnu/bin/../lib/gcc/nios2-elf/4.1.2/../../../../nios2-elf/lib/libc.a(lib_a-wsetup.o)
 .comment       0x00000000       0x24 /opt/altera/11.1/nios2eds/bin/gnu/H-i686-pc-linux-gnu/bin/../lib/gcc/nios2-elf/4.1.2/../../../../nios2-elf/lib/libc.a(lib_a-ctype_.o)
 .comment       0x00000000       0x24 /opt/altera/11.1/nios2eds/bin/gnu/H-i686-pc-linux-gnu/bin/../lib/gcc/nios2-elf/4.1.2/../../../../nios2-elf/lib/libc.a(lib_a-dtoa.o)
 .comment       0x00000000       0x24 /opt/altera/11.1/nios2eds/bin/gnu/H-i686-pc-linux-gnu/bin/../lib/gcc/nios2-elf/4.1.2/../../../../nios2-elf/lib/libc.a(lib_a-fflush.o)
 .comment       0x00000000       0x24 /opt/altera/11.1/nios2eds/bin/gnu/H-i686-pc-linux-gnu/bin/../lib/gcc/nios2-elf/4.1.2/../../../../nios2-elf/lib/libc.a(lib_a-findfp.o)
 .comment       0x00000000       0x24 /opt/altera/11.1/nios2eds/bin/gnu/H-i686-pc-linux-gnu/bin/../lib/gcc/nios2-elf/4.1.2/../../../../nios2-elf/lib/libc.a(lib_a-fread.o)
 .comment       0x00000000       0x24 /opt/altera/11.1/nios2eds/bin/gnu/H-i686-pc-linux-gnu/bin/../lib/gcc/nios2-elf/4.1.2/../../../../nios2-elf/lib/libc.a(lib_a-freer.o)
 .comment       0x00000000       0x24 /opt/altera/11.1/nios2eds/bin/gnu/H-i686-pc-linux-gnu/bin/../lib/gcc/nios2-elf/4.1.2/../../../../nios2-elf/lib/libc.a(lib_a-fvwrite.o)
 .comment       0x00000000       0x24 /opt/altera/11.1/nios2eds/bin/gnu/H-i686-pc-linux-gnu/bin/../lib/gcc/nios2-elf/4.1.2/../../../../nios2-elf/lib/libc.a(lib_a-fwalk.o)
 .comment       0x00000000       0x24 /opt/altera/11.1/nios2eds/bin/gnu/H-i686-pc-linux-gnu/bin/../lib/gcc/nios2-elf/4.1.2/../../../../nios2-elf/lib/libc.a(lib_a-impure.o)
 .comment       0x00000000       0x24 /opt/altera/11.1/nios2eds/bin/gnu/H-i686-pc-linux-gnu/bin/../lib/gcc/nios2-elf/4.1.2/../../../../nios2-elf/lib/libc.a(lib_a-int_errno.o)
 .comment       0x00000000       0x24 /opt/altera/11.1/nios2eds/bin/gnu/H-i686-pc-linux-gnu/bin/../lib/gcc/nios2-elf/4.1.2/../../../../nios2-elf/lib/libc.a(lib_a-iswspace.o)
 .comment       0x00000000       0x24 /opt/altera/11.1/nios2eds/bin/gnu/H-i686-pc-linux-gnu/bin/../lib/gcc/nios2-elf/4.1.2/../../../../nios2-elf/lib/libc.a(lib_a-locale.o)
 .comment       0x00000000       0x24 /opt/altera/11.1/nios2eds/bin/gnu/H-i686-pc-linux-gnu/bin/../lib/gcc/nios2-elf/4.1.2/../../../../nios2-elf/lib/libc.a(lib_a-makebuf.o)
 .comment       0x00000000       0x24 /opt/altera/11.1/nios2eds/bin/gnu/H-i686-pc-linux-gnu/bin/../lib/gcc/nios2-elf/4.1.2/../../../../nios2-elf/lib/libc.a(lib_a-mbrtowc.o)
 .comment       0x00000000       0x24 /opt/altera/11.1/nios2eds/bin/gnu/H-i686-pc-linux-gnu/bin/../lib/gcc/nios2-elf/4.1.2/../../../../nios2-elf/lib/libc.a(lib_a-mbtowc_r.o)
 .comment       0x00000000       0x24 /opt/altera/11.1/nios2eds/bin/gnu/H-i686-pc-linux-gnu/bin/../lib/gcc/nios2-elf/4.1.2/../../../../nios2-elf/lib/libc.a(lib_a-memchr.o)
 .comment       0x00000000       0x24 /opt/altera/11.1/nios2eds/bin/gnu/H-i686-pc-linux-gnu/bin/../lib/gcc/nios2-elf/4.1.2/../../../../nios2-elf/lib/libc.a(lib_a-memcpy.o)
 .comment       0x00000000       0x24 /opt/altera/11.1/nios2eds/bin/gnu/H-i686-pc-linux-gnu/bin/../lib/gcc/nios2-elf/4.1.2/../../../../nios2-elf/lib/libc.a(lib_a-memmove.o)
 .comment       0x00000000       0x24 /opt/altera/11.1/nios2eds/bin/gnu/H-i686-pc-linux-gnu/bin/../lib/gcc/nios2-elf/4.1.2/../../../../nios2-elf/lib/libc.a(lib_a-mprec.o)
 .comment       0x00000000       0x24 /opt/altera/11.1/nios2eds/bin/gnu/H-i686-pc-linux-gnu/bin/../lib/gcc/nios2-elf/4.1.2/../../../../nios2-elf/lib/libc.a(lib_a-reallocr.o)
 .comment       0x00000000       0x24 /opt/altera/11.1/nios2eds/bin/gnu/H-i686-pc-linux-gnu/bin/../lib/gcc/nios2-elf/4.1.2/../../../../nios2-elf/lib/libc.a(lib_a-refill.o)
 .comment       0x00000000       0x24 /opt/altera/11.1/nios2eds/bin/gnu/H-i686-pc-linux-gnu/bin/../lib/gcc/nios2-elf/4.1.2/../../../../nios2-elf/lib/libc.a(lib_a-s_isinfd.o)
 .comment       0x00000000       0x24 /opt/altera/11.1/nios2eds/bin/gnu/H-i686-pc-linux-gnu/bin/../lib/gcc/nios2-elf/4.1.2/../../../../nios2-elf/lib/libc.a(lib_a-s_isnand.o)